Component: ARM Compiler 5.06 update 3 (build 300) Tool: armlink [4d35c9]

==============================================================================

Section Cross References

    main.o(i.main) refers to system_core.o(i.PCB_System_Init) for PCB_System_Init
    system_stm32f10x.o(i.SetSysClock) refers to system_stm32f10x.o(i.SetSysClockTo72) for SetSysClockTo72
    system_stm32f10x.o(i.SystemCoreClockUpdate) refers to system_stm32f10x.o(.data) for SystemCoreClock
    system_stm32f10x.o(i.SystemInit) refers to system_stm32f10x.o(i.SetSysClock) for SetSysClock
    stm32f10x_gpio.o(i.GPIO_AFIODeInit) refers to stm32f10x_rcc.o(i.RCC_APB2PeriphResetCmd) for RCC_APB2PeriphResetCmd
    stm32f10x_gpio.o(i.GPIO_DeInit) refers to stm32f10x_rcc.o(i.RCC_APB2PeriphResetCmd) for RCC_APB2PeriphResetCmd
    stm32f10x_rcc.o(i.RCC_GetClocksFreq) refers to stm32f10x_rcc.o(.data) for APBAHBPrescTable
    stm32f10x_rcc.o(i.RCC_WaitForHSEStartUp) refers to stm32f10x_rcc.o(i.RCC_GetFlagStatus) for RCC_GetFlagStatus
    stm32f10x_tim.o(i.TIM_DeInit) refers to stm32f10x_rcc.o(i.RCC_APB2PeriphResetCmd) for RCC_APB2PeriphResetCmd
    stm32f10x_tim.o(i.TIM_DeInit) refers to stm32f10x_rcc.o(i.RCC_APB1PeriphResetCmd) for RCC_APB1PeriphResetCmd
    stm32f10x_tim.o(i.TIM_ETRClockMode1Config) refers to stm32f10x_tim.o(i.TIM_ETRConfig) for TIM_ETRConfig
    stm32f10x_tim.o(i.TIM_ETRClockMode2Config) refers to stm32f10x_tim.o(i.TIM_ETRConfig) for TIM_ETRConfig
    stm32f10x_tim.o(i.TIM_ICInit) refers to stm32f10x_tim.o(i.TI1_Config) for TI1_Config
    stm32f10x_tim.o(i.TIM_ICInit) refers to stm32f10x_tim.o(i.TIM_SetIC1Prescaler) for TIM_SetIC1Prescaler
    stm32f10x_tim.o(i.TIM_ICInit) refers to stm32f10x_tim.o(i.TI2_Config) for TI2_Config
    stm32f10x_tim.o(i.TIM_ICInit) refers to stm32f10x_tim.o(i.TIM_SetIC2Prescaler) for TIM_SetIC2Prescaler
    stm32f10x_tim.o(i.TIM_ICInit) refers to stm32f10x_tim.o(i.TI3_Config) for TI3_Config
    stm32f10x_tim.o(i.TIM_ICInit) refers to stm32f10x_tim.o(i.TIM_SetIC3Prescaler) for TIM_SetIC3Prescaler
    stm32f10x_tim.o(i.TIM_ICInit) refers to stm32f10x_tim.o(i.TI4_Config) for TI4_Config
    stm32f10x_tim.o(i.TIM_ICInit) refers to stm32f10x_tim.o(i.TIM_SetIC4Prescaler) for TIM_SetIC4Prescaler
    stm32f10x_tim.o(i.TIM_ITRxExternalClockConfig) refers to stm32f10x_tim.o(i.TIM_SelectInputTrigger) for TIM_SelectInputTrigger
    stm32f10x_tim.o(i.TIM_PWMIConfig) refers to stm32f10x_tim.o(i.TI1_Config) for TI1_Config
    stm32f10x_tim.o(i.TIM_PWMIConfig) refers to stm32f10x_tim.o(i.TIM_SetIC1Prescaler) for TIM_SetIC1Prescaler
    stm32f10x_tim.o(i.TIM_PWMIConfig) refers to stm32f10x_tim.o(i.TI2_Config) for TI2_Config
    stm32f10x_tim.o(i.TIM_PWMIConfig) refers to stm32f10x_tim.o(i.TIM_SetIC2Prescaler) for TIM_SetIC2Prescaler
    stm32f10x_tim.o(i.TIM_TIxExternalClockConfig) refers to stm32f10x_tim.o(i.TI2_Config) for TI2_Config
    stm32f10x_tim.o(i.TIM_TIxExternalClockConfig) refers to stm32f10x_tim.o(i.TI1_Config) for TI1_Config
    stm32f10x_tim.o(i.TIM_TIxExternalClockConfig) refers to stm32f10x_tim.o(i.TIM_SelectInputTrigger) for TIM_SelectInputTrigger
    stm32f10x_usart.o(i.USART_DeInit) refers to stm32f10x_rcc.o(i.RCC_APB2PeriphResetCmd) for RCC_APB2PeriphResetCmd
    stm32f10x_usart.o(i.USART_DeInit) refers to stm32f10x_rcc.o(i.RCC_APB1PeriphResetCmd) for RCC_APB1PeriphResetCmd
    stm32f10x_usart.o(i.USART_Init) refers to stm32f10x_rcc.o(i.RCC_GetClocksFreq) for RCC_GetClocksFreq
    startup_stm32f10x_hd.o(RESET) refers to startup_stm32f10x_hd.o(STACK) for __initial_sp
    startup_stm32f10x_hd.o(RESET) refers to startup_stm32f10x_hd.o(.text) for Reset_Handler
    startup_stm32f10x_hd.o(RESET) refers to stm32f10x_it.o(i.NMI_Handler) for NMI_Handler
    startup_stm32f10x_hd.o(RESET) refers to stm32f10x_it.o(i.HardFault_Handler) for HardFault_Handler
    startup_stm32f10x_hd.o(RESET) refers to stm32f10x_it.o(i.MemManage_Handler) for MemManage_Handler
    startup_stm32f10x_hd.o(RESET) refers to stm32f10x_it.o(i.BusFault_Handler) for BusFault_Handler
    startup_stm32f10x_hd.o(RESET) refers to stm32f10x_it.o(i.UsageFault_Handler) for UsageFault_Handler
    startup_stm32f10x_hd.o(RESET) refers to stm32f10x_it.o(i.SVC_Handler) for SVC_Handler
    startup_stm32f10x_hd.o(RESET) refers to stm32f10x_it.o(i.DebugMon_Handler) for DebugMon_Handler
    startup_stm32f10x_hd.o(RESET) refers to stm32f10x_it.o(i.PendSV_Handler) for PendSV_Handler
    startup_stm32f10x_hd.o(RESET) refers to system_core.o(i.SysTick_Handler) for SysTick_Handler
    startup_stm32f10x_hd.o(RESET) refers to motor_driver.o(i.EXTI0_IRQHandler) for EXTI0_IRQHandler
    startup_stm32f10x_hd.o(RESET) refers to motor_driver.o(i.EXTI2_IRQHandler) for EXTI2_IRQHandler
    startup_stm32f10x_hd.o(RESET) refers to motor_driver.o(i.EXTI4_IRQHandler) for EXTI4_IRQHandler
    startup_stm32f10x_hd.o(RESET) refers to usart.o(i.DMA1_Channel2_IRQHandler) for DMA1_Channel2_IRQHandler
[...]
    ArmLen                                   0x200006a1   Data           3  mechanicalarm_service.o(.data)
    ArmLen2                                  0x200006a4   Data           6  mechanicalarm_service.o(.data)
    Reset_Width                              0x200006aa   Data          10  mechanicalarm_service.o(.data)
    Target_Width                             0x200006b4   Data          10  mechanicalarm_service.o(.data)
    MechanicalArm_Inc                        0x200006be   Data           5  mechanicalarm_service.o(.data)
    MechanicalArm_TargetPosition             0x200006c4   Data           8  mechanicalarm_service.o(.data)
    MechanicalArm_Position                   0x200006cc   Data           8  mechanicalarm_service.o(.data)
    Claw_Width                               0x200006d4   Data           6  mechanicalarm_service.o(.data)
    cycle                                    0x200006da   Data           1  mechanicalarm_service.o(.data)
    .data                                    0x200006dc   Section      289  openmv_service.o(.data)
    Usart_Tx_Flag                            0x200006dc   Data           3  openmv_service.o(.data)
    over_time                                0x200006e0   Data           2  openmv_service.o(.data)
    last_time                                0x200006e2   Data           8  openmv_service.o(.data)
    that_time                                0x200006ea   Data           8  openmv_service.o(.data)
    last_over_time                           0x200006f2   Data           8  openmv_service.o(.data)
    that_over_time                           0x200006fa   Data           8  openmv_service.o(.data)
    last_dir                                 0x20000702   Data           4  openmv_service.o(.data)
    that_dir                                 0x20000706   Data           8  openmv_service.o(.data)
    street_width                             0x20000710   Data          24  openmv_service.o(.data)
    MechanicalArm_Mode                       0x20000728   Data           1  openmv_service.o(.data)
    MechanicalArm_State                      0x20000729   Data           1  openmv_service.o(.data)
    ArmLen                                   0x2000072a   Data           3  openmv_service.o(.data)
    ArmLen2                                  0x2000072e   Data           6  openmv_service.o(.data)
    Reset_Width                              0x20000734   Data          10  openmv_service.o(.data)
    Target_Width                             0x2000073e   Data          10  openmv_service.o(.data)
    MechanicalArm_Inc                        0x20000748   Data           5  openmv_service.o(.data)
    MechanicalArm_TargetPosition             0x20000750   Data           8  openmv_service.o(.data)
    MechanicalArm_Position                   0x20000758   Data           8  openmv_service.o(.data)
    Claw_Width                               0x20000760   Data           6  openmv_service.o(.data)
    position                                 0x20000768   Data           8  openmv_service.o(.data)
    Err_Yaw                                  0x20000770   Data           4  openmv_service.o(.data)
    Target_Yaw                               0x20000774   Data           4  openmv_service.o(.data)
    Target_Position                          0x20000778   Data           8  openmv_service.o(.data)
    Err_Position                             0x20000780   Data           8  openmv_service.o(.data)
    Position_State                           0x20000788   Data           1  openmv_service.o(.data)
    Position_Mode                            0x20000789   Data           1  openmv_service.o(.data)
    Vofa_Sbuffer                             0x2000078c   Data          44  openmv_service.o(.data)
    Init_Code                                0x200007b8   Data           4  openmv_service.o(.data)
    Visit_Code                               0x200007bc   Data           4  openmv_service.o(.data)
    Reset_Code                               0x200007c0   Data           4  openmv_service.o(.data)
    Yaw                                      0x200007c4   Data           4  openmv_service.o(.data)
    Yaw_Err                                  0x200007c8   Data           4  openmv_service.o(.data)
    main_app_flag                            0x200007cc   Data           1  openmv_service.o(.data)
    main_state                               0x200007cd   Data           1  openmv_service.o(.data)
    state                                    0x200007ce   Data           1  openmv_service.o(.data)
    move_flag                                0x200007cf   Data           1  openmv_service.o(.data)
    move_state                               0x200007d0   Data           1  openmv_service.o(.data)
    Blob                                     0x200007d1   Data           1  openmv_service.o(.data)
    MoveRun                                  0x200007d4   Data           4  openmv_service.o(.data)
    attitude_flag                            0x200007d8   Data           1  openmv_service.o(.data)
    attitude_state                           0x200007d9   Data           1  openmv_service.o(.data)
    attitudeRun                              0x200007dc   Data           4  openmv_service.o(.data)
    SysTime                                  0x200007e0   Data           4  openmv_service.o(.data)
    SysSubTime                               0x200007e4   Data           4  openmv_service.o(.data)
    SystemState                              0x200007e8   Data           1  openmv_service.o(.data)
    BeatTaskNum                              0x200007e9   Data           1  openmv_service.o(.data)
    ContinueTaskNum                          0x200007ea   Data           1  openmv_service.o(.data)
    OpenMV_State                             0x200007eb   Data           1  openmv_service.o(.data)
    OpenMV_Tstate                            0x200007ec   Data           1  openmv_service.o(.data)
    QrCode                                   0x200007ed   Data           7  openmv_service.o(.data)
    LookData                                 0x200007f4   Data           3  openmv_service.o(.data)
    RecordingNum                             0x200007f7   Data           1  openmv_service.o(.data)
    Recording                                0x200007f8   Data           3  openmv_service.o(.data)
    LookPos                                  0x200007fb   Data           2  openmv_service.o(.data)
    .data                                    0x20000800   Section      286  main_app.o(.data)
    Usart_Tx_Flag                            0x20000800   Data           3  main_app.o(.data)
    over_time                                0x20000804   Data           2  main_app.o(.data)
    last_time                                0x20000806   Data           8  main_app.o(.data)
    that_time                                0x2000080e   Data           8  main_app.o(.data)
    last_over_time                           0x20000816   Data           8  main_app.o(.data)
    that_over_time                           0x2000081e   Data           8  main_app.o(.data)
    last_dir                                 0x20000826   Data           4  main_app.o(.data)
    that_dir                                 0x2000082a   Data           8  main_app.o(.data)
    street_width                             0x20000834   Data          24  main_app.o(.data)
    MechanicalArm_Mode                       0x2000084c   Data           1  main_app.o(.data)
    MechanicalArm_State                      0x2000084d   Data           1  main_app.o(.data)
    ArmLen                                   0x2000084e   Data           3  main_app.o(.data)
    ArmLen2                                  0x20000852   Data           6  main_app.o(.data)
    Reset_Width                              0x20000858   Data          10  main_app.o(.data)
    Target_Width                             0x20000862   Data          10  main_app.o(.data)
    MechanicalArm_Inc                        0x2000086c   Data           5  main_app.o(.data)
    MechanicalArm_TargetPosition             0x20000874   Data           8  main_app.o(.data)
    MechanicalArm_Position                   0x2000087c   Data           8  main_app.o(.data)
    Claw_Width                               0x20000884   Data           6  main_app.o(.data)
    position                                 0x2000088c   Data           8  main_app.o(.data)
    Err_Yaw                                  0x20000894   Data           4  main_app.o(.data)
    Target_Yaw                               0x20000898   Data           4  main_app.o(.data)
    Target_Position                          0x2000089c   Data           8  main_app.o(.data)
    Err_Position                             0x200008a4   Data           8  main_app.o(.data)
    Position_State                           0x200008ac   Data           1  main_app.o(.data)
    Position_Mode                            0x200008ad   Data           1  main_app.o(.data)
    OpenMV_State                             0x200008ae   Data           1  main_app.o(.data)
    OpenMV_Tstate                            0x200008af   Data           1  main_app.o(.data)
    QrCode                                   0x200008b0   Data           7  main_app.o(.data)
    LookData                                 0x200008b7   Data           3  main_app.o(.data)
    RecordingNum                             0x200008ba   Data           1  main_app.o(.data)
    Recording                                0x200008bb   Data           3  main_app.o(.data)
    LookPos                                  0x200008be   Data           2  main_app.o(.data)
    Vofa_Sbuffer                             0x200008c0   Data          44  main_app.o(.data)
    Init_Code                                0x200008ec   Data           4  main_app.o(.data)
    Visit_Code                               0x200008f0   Data           4  main_app.o(.data)
    Reset_Code                               0x200008f4   Data           4  main_app.o(.data)
    Yaw                                      0x200008f8   Data           4  main_app.o(.data)
    Yaw_Err                                  0x200008fc   Data           4  main_app.o(.data)
    move_flag                                0x20000900   Data           1  main_app.o(.data)
    move_state                               0x20000901   Data           1  main_app.o(.data)
    Blob                                     0x20000902   Data           1  main_app.o(.data)
    MoveRun                                  0x20000904   Data           4  main_app.o(.data)
    attitude_flag                            0x20000908   Data           1  main_app.o(.data)
    attitude_state                           0x20000909   Data           1  main_app.o(.data)
    attitudeRun                              0x2000090c   Data           4  main_app.o(.data)
    SysTime                                  0x20000910   Data           4  main_app.o(.data)
    SysSubTime                               0x20000914   Data           4  main_app.o(.data)
    SystemState                              0x20000918   Data           1  main_app.o(.data)
    BeatTaskNum                              0x20000919   Data           1  main_app.o(.data)
    ContinueTaskNum                          0x2000091a   Data           1  main_app.o(.data)
    main_app_flag                            0x2000091b   Data           1  main_app.o(.data)
    main_state                               0x2000091c   Data           1  main_app.o(.data)
    state                                    0x2000091d   Data           1  main_app.o(.data)
    .data                                    0x20000920   Section      288  move_app.o(.data)
    Usart_Tx_Flag                            0x20000920   Data           3  move_app.o(.data)
    over_time                                0x20000924   Data           2  move_app.o(.data)
    last_time                                0x20000926   Data           8  move_app.o(.data)
    that_time                                0x2000092e   Data           8  move_app.o(.data)
    last_over_time                           0x20000936   Data           8  move_app.o(.data)
    that_over_time                           0x2000093e   Data           8  move_app.o(.data)
    last_dir                                 0x20000946   Data           4  move_app.o(.data)
    that_dir                                 0x2000094a   Data           8  move_app.o(.data)
    street_width                             0x20000954   Data          24  move_app.o(.data)
    MechanicalArm_Mode                       0x2000096c   Data           1  move_app.o(.data)
    MechanicalArm_State                      0x2000096d   Data           1  move_app.o(.data)
    ArmLen                                   0x2000096e   Data           3  move_app.o(.data)
    ArmLen2                                  0x20000972   Data           6  move_app.o(.data)
    Reset_Width                              0x20000978   Data          10  move_app.o(.data)
    Target_Width                             0x20000982   Data          10  move_app.o(.data)
    MechanicalArm_Inc                        0x2000098c   Data           5  move_app.o(.data)
    MechanicalArm_TargetPosition             0x20000994   Data           8  move_app.o(.data)
    MechanicalArm_Position                   0x2000099c   Data           8  move_app.o(.data)
    Claw_Width                               0x200009a4   Data           6  move_app.o(.data)
    position                                 0x200009ac   Data           8  move_app.o(.data)
    Err_Yaw                                  0x200009b4   Data           4  move_app.o(.data)
    Target_Yaw                               0x200009b8   Data           4  move_app.o(.data)
    Target_Position                          0x200009bc   Data           8  move_app.o(.data)
    Err_Position                             0x200009c4   Data           8  move_app.o(.data)
    Position_State                           0x200009cc   Data           1  move_app.o(.data)
    Position_Mode                            0x200009cd   Data           1  move_app.o(.data)
    OpenMV_State                             0x200009ce   Data           1  move_app.o(.data)
    OpenMV_Tstate                            0x200009cf   Data           1  move_app.o(.data)
    QrCode                                   0x200009d0   Data           7  move_app.o(.data)
    LookData                                 0x200009d7   Data           3  move_app.o(.data)
    RecordingNum                             0x200009da   Data           1  move_app.o(.data)
    Recording                                0x200009db   Data           3  move_app.o(.data)
    LookPos                                  0x200009de   Data           2  move_app.o(.data)
    Vofa_Sbuffer                             0x200009e0   Data          44  move_app.o(.data)
    Init_Code                                0x20000a0c   Data           4  move_app.o(.data)
    Visit_Code                               0x20000a10   Data           4  move_app.o(.data)
    Reset_Code                               0x20000a14   Data           4  move_app.o(.data)
    Yaw                                      0x20000a18   Data           4  move_app.o(.data)
    Yaw_Err                                  0x20000a1c   Data           4  move_app.o(.data)
    main_app_flag                            0x20000a20   Data           1  move_app.o(.data)
    main_state                               0x20000a21   Data           1  move_app.o(.data)
    state                                    0x20000a22   Data           1  move_app.o(.data)
    attitude_flag                            0x20000a23   Data           1  move_app.o(.data)
    attitude_state                           0x20000a24   Data           1  move_app.o(.data)
    attitudeRun                              0x20000a28   Data           4  move_app.o(.data)
    SysTime                                  0x20000a2c   Data           4  move_app.o(.data)
    SysSubTime                               0x20000a30   Data           4  move_app.o(.data)
    SystemState                              0x20000a34   Data           1  move_app.o(.data)
    BeatTaskNum                              0x20000a35   Data           1  move_app.o(.data)
    ContinueTaskNum                          0x20000a36   Data           1  move_app.o(.data)
    move_flag                                0x20000a37   Data           1  move_app.o(.data)
    move_state                               0x20000a38   Data           1  move_app.o(.data)
    Blob                                     0x20000a39   Data           1  move_app.o(.data)
    MoveRun                                  0x20000a3c   Data           4  move_app.o(.data)
    .data                                    0x20000a40   Section      288  attitude_app.o(.data)
    Usart_Tx_Flag                            0x20000a40   Data           3  attitude_app.o(.data)
    over_time                                0x20000a44   Data           2  attitude_app.o(.data)
    last_time                                0x20000a46   Data           8  attitude_app.o(.data)
    that_time                                0x20000a4e   Data           8  attitude_app.o(.data)
    last_over_time                           0x20000a56   Data           8  attitude_app.o(.data)
    that_over_time                           0x20000a5e   Data           8  attitude_app.o(.data)
    last_dir                                 0x20000a66   Data           4  attitude_app.o(.data)
    that_dir                                 0x20000a6a   Data           8  attitude_app.o(.data)
    street_width                             0x20000a74   Data          24  attitude_app.o(.data)
    MechanicalArm_Mode                       0x20000a8c   Data           1  attitude_app.o(.data)
    MechanicalArm_State                      0x20000a8d   Data           1  attitude_app.o(.data)
    ArmLen                                   0x20000a8e   Data           3  attitude_app.o(.data)
    ArmLen2                                  0x20000a92   Data           6  attitude_app.o(.data)
    Reset_Width                              0x20000a98   Data          10  attitude_app.o(.data)
    Target_Width                             0x20000aa2   Data          10  attitude_app.o(.data)
    MechanicalArm_Inc                        0x20000aac   Data           5  attitude_app.o(.data)
    MechanicalArm_TargetPosition             0x20000ab4   Data           8  attitude_app.o(.data)
    MechanicalArm_Position                   0x20000abc   Data           8  attitude_app.o(.data)
    Claw_Width                               0x20000ac4   Data           6  attitude_app.o(.data)
    position                                 0x20000acc   Data           8  attitude_app.o(.data)
    Err_Yaw                                  0x20000ad4   Data           4  attitude_app.o(.data)
    Target_Yaw                               0x20000ad8   Data           4  attitude_app.o(.data)
    Target_Position                          0x20000adc   Data           8  attitude_app.o(.data)
    Err_Position                             0x20000ae4   Data           8  attitude_app.o(.data)
    Position_State                           0x20000aec   Data           1  attitude_app.o(.data)
    Position_Mode                            0x20000aed   Data           1  attitude_app.o(.data)
    OpenMV_State                             0x20000aee   Data           1  attitude_app.o(.data)
    OpenMV_Tstate                            0x20000aef   Data           1  attitude_app.o(.data)
    QrCode                                   0x20000af0   Data           7  attitude_app.o(.data)
    LookData                                 0x20000af7   Data           3  attitude_app.o(.data)
    RecordingNum                             0x20000afa   Data           1  attitude_app.o(.data)
    Recording                                0x20000afb   Data           3  attitude_app.o(.data)
    LookPos                                  0x20000afe   Data           2  attitude_app.o(.data)
    Vofa_Sbuffer                             0x20000b00   Data          44  attitude_app.o(.data)
    Init_Code                                0x20000b2c   Data           4  attitude_app.o(.data)
    Visit_Code                               0x20000b30   Data           4  attitude_app.o(.data)
    Reset_Code                               0x20000b34   Data           4  attitude_app.o(.data)
    Yaw                                      0x20000b38   Data           4  attitude_app.o(.data)
    Yaw_Err                                  0x20000b3c   Data           4  attitude_app.o(.data)
    main_app_flag                            0x20000b40   Data           1  attitude_app.o(.data)
    main_state                               0x20000b41   Data           1  attitude_app.o(.data)
    state                                    0x20000b42   Data           1  attitude_app.o(.data)
    move_flag                                0x20000b43   Data           1  attitude_app.o(.data)
    move_state                               0x20000b44   Data           1  attitude_app.o(.data)
    Blob                                     0x20000b45   Data           1  attitude_app.o(.data)
    MoveRun                                  0x20000b48   Data           4  attitude_app.o(.data)
    SysTime                                  0x20000b4c   Data           4  attitude_app.o(.data)
    SysSubTime                               0x20000b50   Data           4  attitude_app.o(.data)
    SystemState                              0x20000b54   Data           1  attitude_app.o(.data)
    BeatTaskNum                              0x20000b55   Data           1  attitude_app.o(.data)
    ContinueTaskNum                          0x20000b56   Data           1  attitude_app.o(.data)
    attitude_flag                            0x20000b57   Data           1  attitude_app.o(.data)
    attitude_state                           0x20000b58   Data           1  attitude_app.o(.data)
    attitudeRun                              0x20000b5c   Data           4  attitude_app.o(.data)
    .data                                    0x20000b60   Section        4  errno.o(.data)
    _errno                                   0x20000b60   Data           4  errno.o(.data)
    .bss                                     0x20000b64   Section      892  motor_driver.o(.bss)
    Usart_Sbuffer                            0x20000b64   Data         192  motor_driver.o(.bss)
    PID_Struct                               0x20000c24   Data          64  motor_driver.o(.bss)
    PWM                                      0x20000c64   Data          16  motor_driver.o(.bss)
    Target_Speed                             0x20000c74   Data          16  motor_driver.o(.bss)
    Position_Speed                           0x20000c84   Data          16  motor_driver.o(.bss)
    Yaw_Speed                                0x20000c94   Data          16  motor_driver.o(.bss)
    LineFind                                 0x20000ca4   Data          25  motor_driver.o(.bss)
    BeatTaskList                             0x20000cc0   Data         256  motor_driver.o(.bss)
    ContinueTaskList                         0x20000dc0   Data         256  motor_driver.o(.bss)
    distance                                 0x20000ec0   Data          16  motor_driver.o(.bss)
    speed                                    0x20000ed0   Data          16  motor_driver.o(.bss)
    .bss                                     0x20000ee0   Section     1020  usart.o(.bss)
    distance                                 0x20000ee0   Data          16  usart.o(.bss)
    PID_Struct                               0x20000ef0   Data          64  usart.o(.bss)
    PWM                                      0x20000f30   Data          16  usart.o(.bss)
    Target_Speed                             0x20000f40   Data          16  usart.o(.bss)
    Position_Speed                           0x20000f50   Data          16  usart.o(.bss)
    Yaw_Speed                                0x20000f60   Data          16  usart.o(.bss)
    LineFind                                 0x20000f70   Data          25  usart.o(.bss)
    BeatTaskList                             0x20000f8c   Data         256  usart.o(.bss)
    ContinueTaskList                         0x2000108c   Data         256  usart.o(.bss)
    Usart_Sbuffer                            0x2000118c   Data         192  usart.o(.bss)
    Usart1_Tx_Sbuffer                        0x2000124c   Data          48  usart.o(.bss)
    Usart2_Tx_Sbuffer                        0x2000127c   Data          48  usart.o(.bss)
    Usart3_Tx_Sbuffer                        0x200012ac   Data          48  usart.o(.bss)
    .bss                                     0x200012dc   Section      876  system_core.o(.bss)
    Usart_Sbuffer                            0x200012dc   Data         192  system_core.o(.bss)
    distance                                 0x2000139c   Data          16  system_core.o(.bss)
    PID_Struct                               0x200013ac   Data          64  system_core.o(.bss)
    PWM                                      0x200013ec   Data          16  system_core.o(.bss)
    Target_Speed                             0x200013fc   Data          16  system_core.o(.bss)
    Position_Speed                           0x2000140c   Data          16  system_core.o(.bss)
    Yaw_Speed                                0x2000141c   Data          16  system_core.o(.bss)
    LineFind                                 0x2000142c   Data          25  system_core.o(.bss)
    BeatTaskList                             0x20001448   Data         256  system_core.o(.bss)
    ContinueTaskList                         0x20001548   Data         256  system_core.o(.bss)
    .bss                                     0x20001648   Section      876  position_service.o(.bss)
    Usart_Sbuffer                            0x20001648   Data         192  position_service.o(.bss)
    distance                                 0x20001708   Data          16  position_service.o(.bss)
    LineFind                                 0x20001718   Data          25  position_service.o(.bss)
    BeatTaskList                             0x20001734   Data         256  position_service.o(.bss)
    ContinueTaskList                         0x20001834   Data         256  position_service.o(.bss)
    PID_Struct                               0x20001934   Data          64  position_service.o(.bss)
    PWM                                      0x20001974   Data          16  position_service.o(.bss)
    Target_Speed                             0x20001984   Data          16  position_service.o(.bss)
    Position_Speed                           0x20001994   Data          16  position_service.o(.bss)
    Yaw_Speed                                0x200019a4   Data          16  position_service.o(.bss)
    .bss                                     0x200019b8   Section      904  mechanicalarm_service.o(.bss)
    Usart_Sbuffer                            0x200019b8   Data         192  mechanicalarm_service.o(.bss)
    distance                                 0x20001a78   Data          16  mechanicalarm_service.o(.bss)
    PID_Struct                               0x20001a88   Data          64  mechanicalarm_service.o(.bss)
    PWM                                      0x20001ac8   Data          16  mechanicalarm_service.o(.bss)
    Target_Speed                             0x20001ad8   Data          16  mechanicalarm_service.o(.bss)
    Position_Speed                           0x20001ae8   Data          16  mechanicalarm_service.o(.bss)
    Yaw_Speed                                0x20001af8   Data          16  mechanicalarm_service.o(.bss)
    LineFind                                 0x20001b08   Data          25  mechanicalarm_service.o(.bss)
    BeatTaskList                             0x20001b24   Data         256  mechanicalarm_service.o(.bss)
    ContinueTaskList                         0x20001c24   Data         256  mechanicalarm_service.o(.bss)
    Angle                                    0x20001d28   Data          24  mechanicalarm_service.o(.bss)
    .bss                                     0x20001d40   Section      873  openmv_service.o(.bss)
    Usart_Sbuffer                            0x20001d40   Data         192  openmv_service.o(.bss)
    distance                                 0x20001e00   Data          16  openmv_service.o(.bss)
    PID_Struct                               0x20001e10   Data          64  openmv_service.o(.bss)
    PWM                                      0x20001e50   Data          16  openmv_service.o(.bss)
    Target_Speed                             0x20001e60   Data          16  openmv_service.o(.bss)
    Position_Speed                           0x20001e70   Data          16  openmv_service.o(.bss)
    Yaw_Speed                                0x20001e80   Data          16  openmv_service.o(.bss)
    BeatTaskList                             0x20001e90   Data         256  openmv_service.o(.bss)
    ContinueTaskList                         0x20001f90   Data         256  openmv_service.o(.bss)
    LineFind                                 0x20002090   Data          25  openmv_service.o(.bss)
    STACK                                    0x200020b0   Section     1024  startup_stm32f10x_hd.o(STACK)

    Global Symbols

    Symbol Name                              Value     Ov Type        Size  Object(Section)

    BuildAttributes$$THM_ISAv4$P$D$K$B$S$PE$A:L22UL41UL21$X:L11$S22US41US21$IEEE1$IW$USESV6$~STKCKD$USESV7$~SHL$OTIME$ROPI$IEEEX$EBA8$MICROLIB$REQ8$PRES8$EABIv2 0x00000000   Number         0  anon$$obj.o ABSOLUTE
    __ARM_use_no_argv                        0x00000000   Number         0  main.o ABSOLUTE
    __cpp_initialize__aeabi_                  - Undefined Weak Reference
    __cxa_finalize                            - Undefined Weak Reference
    _clock_init                               - Undefined Weak Reference
    _microlib_exit                            - Undefined Weak Reference
    __Vectors_Size                           0x00000130   Number         0  startup_stm32f10x_hd.o ABSOLUTE
    __Vectors                                0x08000000   Data           4  startup_stm32f10x_hd.o(RESET)
    __Vectors_End                            0x08000130   Data           0  startup_stm32f10x_hd.o(RESET)
    __main                                   0x08000131   Thumb Code     0  entry.o(.ARM.Collect$$$$00000000)
    _main_stk                                0x08000131   Thumb Code     0  entry2.o(.ARM.Collect$$$$00000001)
    _main_scatterload                        0x08000135   Thumb Code     0  entry5.o(.ARM.Collect$$$$00000004)
    __main_after_scatterload                 0x08000139   Thumb Code     0  entry5.o(.ARM.Collect$$$$00000004)
    _main_clock                              0x08000139   Thumb Code     0  entry7b.o(.ARM.Collect$$$$00000008)
    _main_cpp_init                           0x08000139   Thumb Code     0  entry8b.o(.ARM.Collect$$$$0000000A)
    _main_init                               0x08000139   Thumb Code     0  entry9a.o(.ARM.Collect$$$$0000000B)
    __rt_final_cpp                           0x08000141   Thumb Code     0  entry10a.o(.ARM.Collect$$$$0000000D)
    __rt_final_exit                          0x08000141   Thumb Code     0  entry11a.o(.ARM.Collect$$$$0000000F)
    Reset_Handler                            0x08000145   Thumb Code     8  startup_stm32f10x_hd.o(.text)
    ADC1_2_IRQHandler                        0x0800015f   Thumb Code     0  startup_stm32f10x_hd.o(.text)
    ADC3_IRQHandler                          0x0800015f   Thumb Code     0  startup_stm32f10x_hd.o(.text)
    CAN1_RX1_IRQHandler                      0x0800015f   Thumb Code     0  startup_stm32f10x_hd.o(.text)
    CAN1_SCE_IRQHandler                      0x0800015f   Thumb Code     0  startup_stm32f10x_hd.o(.text)
    DMA1_Channel1_IRQHandler                 0x0800015f   Thumb Code     0  startup_stm32f10x_hd.o(.text)
    DMA1_Channel3_IRQHandler                 0x0800015f   Thumb Code     0  startup_stm32f10x_hd.o(.text)
    DMA1_Channel5_IRQHandler                 0x0800015f   Thumb Code     0  startup_stm32f10x_hd.o(.text)
    DMA1_Channel6_IRQHandler                 0x0800015f   Thumb Code     0  startup_stm32f10x_hd.o(.text)
    DMA2_Channel1_IRQHandler                 0x0800015f   Thumb Code     0  startup_stm32f10x_hd.o(.text)
    DMA2_Channel2_IRQHandler                 0x0800015f   Thumb Code     0  startup_stm32f10x_hd.o(.text)
    DMA2_Channel3_IRQHandler                 0x0800015f   Thumb Code     0  startup_stm32f10x_hd.o(.text)
    DMA2_Channel4_5_IRQHandler               0x0800015f   Thumb Code     0  startup_stm32f10x_hd.o(.text)
    EXTI15_10_IRQHandler                     0x0800015f   Thumb Code     0  startup_stm32f10x_hd.o(.text)
    EXTI1_IRQHandler                         0x0800015f   Thumb Code     0  startup_stm32f10x_hd.o(.text)
    EXTI3_IRQHandler                         0x0800015f   Thumb Code     0  startup_stm32f10x_hd.o(.text)
    FLASH_IRQHandler                         0x0800015f   Thumb Code     0  startup_stm32f10x_hd.o(.text)
    FSMC_IRQHandler                          0x0800015f   Thumb Code     0  startup_stm32f10x_hd.o(.text)
    I2C1_ER_IRQHandler                       0x0800015f   Thumb Code     0  startup_stm32f10x_hd.o(.text)
    I2C1_EV_IRQHandler                       0x0800015f   Thumb Code     0  startup_stm32f10x_hd.o(.text)
    I2C2_ER_IRQHandler                       0x0800015f   Thumb Code     0  startup_stm32f10x_hd.o(.text)
    I2C2_EV_IRQHandler                       0x0800015f   Thumb Code     0  startup_stm32f10x_hd.o(.text)
    PVD_IRQHandler                           0x0800015f   Thumb Code     0  startup_stm32f10x_hd.o(.text)
    RCC_IRQHandler                           0x0800015f   Thumb Code     0  startup_stm32f10x_hd.o(.text)
    RTCAlarm_IRQHandler                      0x0800015f   Thumb Code     0  startup_stm32f10x_hd.o(.text)
    RTC_IRQHandler                           0x0800015f   Thumb Code     0  startup_stm32f10x_hd.o(.text)
    SDIO_IRQHandler                          0x0800015f   Thumb Code     0  startup_stm32f10x_hd.o(.text)
    SPI1_IRQHandler                          0x0800015f   Thumb Code     0  startup_stm32f10x_hd.o(.text)
    SPI2_IRQHandler                          0x0800015f   Thumb Code     0  startup_stm32f10x_hd.o(.text)
    SPI3_IRQHandler                          0x0800015f   Thumb Code     0  startup_stm32f10x_hd.o(.text)
    TAMPER_IRQHandler                        0x0800015f   Thumb Code     0  startup_stm32f10x_hd.o(.text)
    TIM1_BRK_IRQHandler                      0x0800015f   Thumb Code     0  startup_stm32f10x_hd.o(.text)
    TIM1_CC_IRQHandler                       0x0800015f   Thumb Code     0  startup_stm32f10x_hd.o(.text)
    TIM1_TRG_COM_IRQHandler                  0x0800015f   Thumb Code     0  startup_stm32f10x_hd.o(.text)
    TIM1_UP_IRQHandler                       0x0800015f   Thumb Code     0  startup_stm32f10x_hd.o(.text)
    TIM2_IRQHandler                          0x0800015f   Thumb Code     0  startup_stm32f10x_hd.o(.text)
    TIM3_IRQHandler                          0x0800015f   Thumb Code     0  startup_stm32f10x_hd.o(.text)
    TIM4_IRQHandler                          0x0800015f   Thumb Code     0  startup_stm32f10x_hd.o(.text)
    TIM5_IRQHandler                          0x0800015f   Thumb Code     0  startup_stm32f10x_hd.o(.text)
    TIM8_BRK_IRQHandler                      0x0800015f   Thumb Code     0  startup_stm32f10x_hd.o(.text)
    TIM8_CC_IRQHandler                       0x0800015f   Thumb Code     0  startup_stm32f10x_hd.o(.text)
    TIM8_TRG_COM_IRQHandler                  0x0800015f   Thumb Code     0  startup_stm32f10x_hd.o(.text)
    TIM8_UP_IRQHandler                       0x0800015f   Thumb Code     0  startup_stm32f10x_hd.o(.text)
    UART4_IRQHandler                         0x0800015f   Thumb Code     0  startup_stm32f10x_hd.o(.text)
    UART5_IRQHandler                         0x0800015f   Thumb Code     0  startup_stm32f10x_hd.o(.text)
    USBWakeUp_IRQHandler                     0x0800015f   Thumb Code     0  startup_stm32f10x_hd.o(.text)
    USB_HP_CAN1_TX_IRQHandler                0x0800015f   Thumb Code     0  startup_stm32f10x_hd.o(.text)
    USB_LP_CAN1_RX0_IRQHandler               0x0800015f   Thumb Code     0  startup_stm32f10x_hd.o(.text)
    WWDG_IRQHandler                          0x0800015f   Thumb Code     0  startup_stm32f10x_hd.o(.text)
    __aeabi_ldivmod                          0x08000169   Thumb Code    98  ldiv.o(.text)
    __aeabi_memcpy                           0x080001cb   Thumb Code    36  memcpya.o(.text)
    __aeabi_memcpy4                          0x080001cb   Thumb Code     0  memcpya.o(.text)
    __aeabi_memcpy8                          0x080001cb   Thumb Code     0  memcpya.o(.text)
    __aeabi_fadd                             0x080001ef   Thumb Code   164  fadd.o(.text)
    __aeabi_fsub                             0x08000293   Thumb Code     6  fadd.o(.text)
    __aeabi_frsub                            0x08000299   Thumb Code     6  fadd.o(.text)
    __aeabi_fmul                             0x0800029f   Thumb Code   100  fmul.o(.text)
    __aeabi_dadd                             0x08000303   Thumb Code   322  dadd.o(.text)
    __aeabi_dsub                             0x08000445   Thumb Code     6  dadd.o(.text)
    __aeabi_drsub                            0x0800044b   Thumb Code     6  dadd.o(.text)
    __aeabi_dmul                             0x08000451   Thumb Code   228  dmul.o(.text)
    __aeabi_ddiv                             0x08000535   Thumb Code   222  ddiv.o(.text)
    __aeabi_i2f                              0x08000613   Thumb Code    18  fflti.o(.text)
    __aeabi_i2d                              0x08000625   Thumb Code    34  dflti.o(.text)
    __aeabi_ui2d                             0x08000647   Thumb Code    26  dfltui.o(.text)
    __aeabi_f2iz                             0x08000661   Thumb Code    50  ffixi.o(.text)
    __aeabi_d2iz                             0x08000693   Thumb Code    62  dfixi.o(.text)
    __aeabi_d2uiz                            0x080006d1   Thumb Code    50  dfixui.o(.text)
    __aeabi_f2d                              0x08000703   Thumb Code    38  f2d.o(.text)
    __aeabi_cdcmpeq                          0x08000729   Thumb Code     0  cdcmple.o(.text)
    __aeabi_cdcmple                          0x08000729   Thumb Code    48  cdcmple.o(.text)
    __aeabi_cdrcmple                         0x08000759   Thumb Code    48  cdrcmple.o(.text)
    __aeabi_d2f                              0x08000789   Thumb Code    56  d2f.o(.text)
    __aeabi_cfcmpeq                          0x080007c1   Thumb Code     0  cfcmple.o(.text)
    __aeabi_cfcmple                          0x080007c1   Thumb Code    20  cfcmple.o(.text)
    __aeabi_uldivmod                         0x080007d5   Thumb Code    98  uldiv.o(.text)
    __aeabi_llsl                             0x08000837   Thumb Code    30  llshl.o(.text)
    _ll_shift_l                              0x08000837   Thumb Code     0  llshl.o(.text)
    __aeabi_llsr                             0x08000855   Thumb Code    32  llushr.o(.text)
    _ll_ushift_r                             0x08000855   Thumb Code     0  llushr.o(.text)
    __aeabi_lasr                             0x08000875   Thumb Code    36  llsshr.o(.text)
    _ll_sshift_r                             0x08000875   Thumb Code     0  llsshr.o(.text)
    __I$use$fp                               0x08000899   Thumb Code     0  iusefp.o(.text)
    _float_round                             0x08000899   Thumb Code    18  fepilogue.o(.text)
    _float_epilogue                          0x080008ab   Thumb Code    92  fepilogue.o(.text)
    _double_round                            0x08000907   Thumb Code    30  depilogue.o(.text)
    _double_epilogue                         0x08000925   Thumb Code   156  depilogue.o(.text)
    __ARM_scalbn                             0x080009c1   Thumb Code    46  dscalb.o(.text)
    scalbn                                   0x080009c1   Thumb Code     0  dscalb.o(.text)
    _dsqrt                                   0x080009ef   Thumb Code   162  dsqrt.o(.text)
    __scatterload                            0x08000a91   Thumb Code    28  init.o(.text)
    __scatterload_rt2                        0x08000a91   Thumb Code     0  init.o(.text)
    __decompress                             0x08000ab5   Thumb Code     0  __dclz77c.o(.text)
    __decompress2                            0x08000ab5   Thumb Code    94  __dclz77c.o(.text)
    AngleCheck                               0x08000b15   Thumb Code    54  mechanicalarm_service.o(i.AngleCheck)
    AngleToWidth                             0x08000b55   Thumb Code    38  mechanicalarm_service.o(i.AngleToWidth)
    BCToYL_Move                              0x08000b85   Thumb Code    20  move_app.o(i.BCToYL_Move)
    BCToYL_MoveTask                          0x08000ba9   Thumb Code   314  move_app.o(i.BCToYL_MoveTask)
    BusFault_Handler                         0x08000cf1   Thumb Code     4  stm32f10x_it.o(i.BusFault_Handler)
    ClawClr                                  0x08000cf5   Thumb Code    28  mechanicalarm_service.o(i.ClawClr)
    Cosin_AngleConfig                        0x08000d25   Thumb Code   464  mechanicalarm_service.o(i.Cosin_AngleConfig)
    DMA1_Channel2_IRQHandler                 0x08000f15   Thumb Code    32  usart.o(i.DMA1_Channel2_IRQHandler)
    DMA1_Channel4_IRQHandler                 0x08000f39   Thumb Code    36  usart.o(i.DMA1_Channel4_IRQHandler)
    DMA1_Channel7_IRQHandler                 0x08000f61   Thumb Code    36  usart.o(i.DMA1_Channel7_IRQHandler)
    DMA_ClearFlag                            0x08000f89   Thumb Code    18  stm32f10x_dma.o(i.DMA_ClearFlag)
    DMA_Cmd                                  0x08000fa5   Thumb Code    24  stm32f10x_dma.o(i.DMA_Cmd)
    DMA_DeInit                               0x08000fbd   Thumb Code   324  stm32f10x_dma.o(i.DMA_DeInit)
    DMA_GetITStatus                          0x08001109   Thumb Code    36  stm32f10x_dma.o(i.DMA_GetITStatus)
    DMA_ITConfig                             0x08001135   Thumb Code    18  stm32f10x_dma.o(i.DMA_ITConfig)
    DMA_Init                                 0x08001147   Thumb Code    60  stm32f10x_dma.o(i.DMA_Init)
    DMA_SetCurrDataCounter                   0x08001183   Thumb Code     4  stm32f10x_dma.o(i.DMA_SetCurrDataCounter)
    DebugMon_Handler                         0x08001187   Thumb Code     2  stm32f10x_it.o(i.DebugMon_Handler)
    Disitance_clear                          0x08001189   Thumb Code    22  motor_driver.o(i.Disitance_clear)
    EXTI0_IRQHandler                         0x080011a5   Thumb Code   106  motor_driver.o(i.EXTI0_IRQHandler)
    EXTI2_IRQHandler                         0x08001239   Thumb Code   106  motor_driver.o(i.EXTI2_IRQHandler)
    EXTI4_IRQHandler                         0x080012cd   Thumb Code   106  motor_driver.o(i.EXTI4_IRQHandler)
    EXTI9_5_IRQHandler                       0x08001361   Thumb Code   106  motor_driver.o(i.EXTI9_5_IRQHandler)
    EXTI_ClearFlag                           0x080013f5   Thumb Code     6  stm32f10x_exti.o(i.EXTI_ClearFlag)
    EXTI_ClearITPendingBit                   0x08001401   Thumb Code     6  stm32f10x_exti.o(i.EXTI_ClearITPendingBit)
    EXTI_GetITStatus                         0x0800140d   Thumb Code    34  stm32f10x_exti.o(i.EXTI_GetITStatus)
    EXTI_Init                                0x08001435   Thumb Code   142  stm32f10x_exti.o(i.EXTI_Init)
    FindBlob_Move                            0x080014c9   Thumb Code    14  move_app.o(i.FindBlob_Move)
    FindBlob_MoveTask                        0x080014e5   Thumb Code   274  move_app.o(i.FindBlob_MoveTask)
    FindLine_Attitude                        0x08001605   Thumb Code    24  attitude_app.o(i.FindLine_Attitude)
    FindLine_NAttitudeTask                   0x08001629   Thumb Code   108  attitude_app.o(i.FindLine_NAttitudeTask)
    FindQrCode_Attitude                      0x080016a5   Thumb Code    14  attitude_app.o(i.FindQrCode_Attitude)
    FindQrCode_AttitudeTask                  0x080016c1   Thumb Code   108  attitude_app.o(i.FindQrCode_AttitudeTask)
    FindQrCode_Move                          0x0800173d   Thumb Code    14  move_app.o(i.FindQrCode_Move)
    FindQrCode_MoveTask                      0x08001759   Thumb Code    98  move_app.o(i.FindQrCode_MoveTask)
    FindUpBlob_Attitude                      0x080017c9   Thumb Code    14  attitude_app.o(i.FindUpBlob_Attitude)
    FindUpBlob_AttitudeTask                  0x080017e5   Thumb Code   108  attitude_app.o(i.FindUpBlob_AttitudeTask)
    Find_Blob                                0x08001861   Thumb Code   106  main_app.o(i.Find_Blob)
    Find_QrCode                              0x080018e1   Thumb Code    90  main_app.o(i.Find_QrCode)
    GPIO_EXTILineConfig                      0x08001951   Thumb Code    60  stm32f10x_gpio.o(i.GPIO_EXTILineConfig)
    GPIO_Init                                0x08001991   Thumb Code   278  stm32f10x_gpio.o(i.GPIO_Init)
    GPIO_ReadInputDataBit                    0x08001aa7   Thumb Code    18  stm32f10x_gpio.o(i.GPIO_ReadInputDataBit)
    GPIO_ResetBits                           0x08001ab9   Thumb Code     4  stm32f10x_gpio.o(i.GPIO_ResetBits)
    GPIO_SetBits                             0x08001abd   Thumb Code     4  stm32f10x_gpio.o(i.GPIO_SetBits)
    GetBlob                                  0x08001ac1   Thumb Code    24  attitude_app.o(i.GetBlob)
    GetYL_UpBlosTask                         0x08001ae5   Thumb Code   300  attitude_app.o(i.GetYL_UpBlosTask)
    Gyroscope_Init                           0x08001c21   Thumb Code    50  gyroscope.o(i.Gyroscope_Init)
    Gyroscope_ReadYaw                        0x08001c61   Thumb Code    12  gyroscope.o(i.Gyroscope_ReadYaw)
    Gyroscope_RequestUpdata                  0x08001c71   Thumb Code    18  gyroscope.o(i.Gyroscope_RequestUpdata)
    Gyroscope_YawUpdata                      0x08001c89   Thumb Code    38  gyroscope.o(i.Gyroscope_YawUpdata)
    Hall_EXTI_Config                         0x08001cb9   Thumb Code   160  motor_init.o(i.Hall_EXTI_Config)
    Hall_GPIO_Config                         0x08001d59   Thumb Code    32  motor_init.o(i.Hall_GPIO_Config)
    Hall_TIM_Config                          0x08001d7d   Thumb Code    98  motor_init.o(i.Hall_TIM_Config)
    HardFault_Handler                        0x08001de5   Thumb Code     4  stm32f10x_it.o(i.HardFault_Handler)
    IIC_Init                                 0x08001de9   Thumb Code    60  iic.o(i.IIC_Init)
    IIC_SendByte                             0x08001e29   Thumb Code    70  iic.o(i.IIC_SendByte)
    IIC_Start                                0x08001e75   Thumb Code    44  iic.o(i.IIC_Start)
    IIC_Stop                                 0x08001ea5   Thumb Code    34  iic.o(i.IIC_Stop)
    IIC_WaitACK                              0x08001ecd   Thumb Code    24  iic.o(i.IIC_WaitACK)
    Inc_PID                                  0x08001ee9   Thumb Code   160  position_service.o(i.Inc_PID)
    Inc_PID_Realiz                           0x08001f9d   Thumb Code   142  position_service.o(i.Inc_PID_Realiz)
    MechanicalArm_PositionInc                0x08002039   Thumb Code   112  mechanicalarm_service.o(i.MechanicalArm_PositionInc)
    MechanicalArm_PositionSet                0x080020b5   Thumb Code    64  mechanicalarm_service.o(i.MechanicalArm_PositionSet)
    MechanicalArm_Reset                      0x080020fd   Thumb Code    28  mechanicalarm_service.o(i.MechanicalArm_Reset)
    MechanicalArm_Service                    0x08002121   Thumb Code    30  mechanicalarm_service.o(i.MechanicalArm_Service)
    MechanicalArm_StateCheck                 0x08002149   Thumb Code    90  mechanicalarm_service.o(i.MechanicalArm_StateCheck)
    MechanicalArm_WidthInc                   0x080021bd   Thumb Code   142  mechanicalarm_service.o(i.MechanicalArm_WidthInc)
    MemManage_Handler                        0x08002259   Thumb Code     4  stm32f10x_it.o(i.MemManage_Handler)
    Motor_GPIO_Config                        0x0800225d   Thumb Code    40  motor_init.o(i.Motor_GPIO_Config)
    Motor_Init                               0x08002289   Thumb Code    28  motor_init.o(i.Motor_Init)
    Motor_TIM_Config                         0x080022a5   Thumb Code   148  motor_init.o(i.Motor_TIM_Config)
    NMI_Handler                              0x0800233d   Thumb Code     2  stm32f10x_it.o(i.NMI_Handler)
    NVIC_Init                                0x08002341   Thumb Code   100  misc.o(i.NVIC_Init)
    NVIC_PriorityGroupConfig                 0x080023b1   Thumb Code    10  misc.o(i.NVIC_PriorityGroupConfig)
    OLED_Clear                               0x080023c5   Thumb Code    44  oled.o(i.OLED_Clear)
    OLED_ClearBlok                           0x080023f1   Thumb Code    66  oled.o(i.OLED_ClearBlok)
    OLED_Init                                0x08002433   Thumb Code   232  oled.o(i.OLED_Init)
    OLED_PosSet                              0x0800251b   Thumb Code    54  oled.o(i.OLED_PosSet)
    OLED_SendByte                            0x08002551   Thumb Code    56  oled.o(i.OLED_SendByte)
    OLED_ShowChar                            0x08002589   Thumb Code   162  oled.o(i.OLED_ShowChar)
    OLED_ShowNum                             0x08002635   Thumb Code   144  oled.o(i.OLED_ShowNum)
    OLED_ShowString                          0x080026c5   Thumb Code    76  oled.o(i.OLED_ShowString)
    OpenMV_Init                              0x08002711   Thumb Code    58  openmv_service.o(i.OpenMV_Init)
    OpenMV_Set                               0x08002751   Thumb Code     6  openmv_service.o(i.OpenMV_Set)
    OpenMV_Updata                            0x0800275d   Thumb Code   310  openmv_service.o(i.OpenMV_Updata)
    PCB_System_Init                          0x080028ad   Thumb Code   272  system_core.o(i.PCB_System_Init)
    PWM_Out                                  0x08002a01   Thumb Code   396  motor_driver.o(i.PWM_Out)
    PendSV_Handler                           0x08002b95   Thumb Code     2  stm32f10x_it.o(i.PendSV_Handler)
    PositionClr_Service                      0x08002b99   Thumb Code    70  position_service.o(i.PositionClr_Service)
    PositionService_Stop                     0x08002bed   Thumb Code    20  position_service.o(i.PositionService_Stop)
    PositionSpeed_Config                     0x08002c09   Thumb Code   106  position_service.o(i.PositionSpeed_Config)
    PositionState_Inc                        0x08002c7d   Thumb Code    18  position_service.o(i.PositionState_Inc)
    PositionState_Updata                     0x08002c95   Thumb Code   114  position_service.o(i.PositionState_Updata)
    Position_Stop                            0x08002d15   Thumb Code    34  position_service.o(i.Position_Stop)
    Position_Update                          0x08002d45   Thumb Code   120  position_service.o(i.Position_Update)
    PutBC_AttitudeTask                       0x08002dd1   Thumb Code   316  attitude_app.o(i.PutBC_AttitudeTask)
    PutBlob_Attituede                        0x08002f21   Thumb Code    14  attitude_app.o(i.PutBlob_Attituede)
    PutYL_Blob                               0x08002f3d   Thumb Code   236  main_app.o(i.PutYL_Blob)
    PutYL_Move                               0x08003039   Thumb Code    20  move_app.o(i.PutYL_Move)
    PutYL_MoveTask                           0x0800305d   Thumb Code   396  move_app.o(i.PutYL_MoveTask)
    RCC_AHBPeriphClockCmd                    0x080031fd   Thumb Code    26  stm32f10x_rcc.o(i.RCC_AHBPeriphClockCmd)
    RCC_APB1PeriphClockCmd                   0x0800321d   Thumb Code    26  stm32f10x_rcc.o(i.RCC_APB1PeriphClockCmd)
    RCC_APB2PeriphClockCmd                   0x0800323d   Thumb Code    26  stm32f10x_rcc.o(i.RCC_APB2PeriphClockCmd)
    RCC_GetClocksFreq                        0x0800325d   Thumb Code   192  stm32f10x_rcc.o(i.RCC_GetClocksFreq)
    Read_AttitudeFlag                        0x08003331   Thumb Code     6  attitude_app.o(i.Read_AttitudeFlag)
    Read_Distance                            0x0800333d   Thumb Code     4  motor_driver.o(i.Read_Distance)
    Read_LineData                            0x08003345   Thumb Code   170  openmv_service.o(i.Read_LineData)
    Read_LookData                            0x080033f9   Thumb Code     4  openmv_service.o(i.Read_LookData)
    Read_MechanicalArmState                  0x08003401   Thumb Code     6  mechanicalarm_service.o(i.Read_MechanicalArmState)
    Read_MoveFlag                            0x0800340d   Thumb Code     6  move_app.o(i.Read_MoveFlag)
    Read_PositionState                       0x08003419   Thumb Code     6  position_service.o(i.Read_PositionState)
    Read_QrCode                              0x08003425   Thumb Code     4  openmv_service.o(i.Read_QrCode)
    Read_Speed                               0x0800342d   Thumb Code   298  motor_driver.o(i.Read_Speed)
    Read_SysSubTime                          0x08003581   Thumb Code     6  system_core.o(i.Read_SysSubTime)
    Read_Usart_Sbuffer                       0x0800358d   Thumb Code    12  usart.o(i.Read_Usart_Sbuffer)
    SVC_Handler                              0x0800359d   Thumb Code     2  stm32f10x_it.o(i.SVC_Handler)
    Speed_Set                                0x08003689   Thumb Code    34  position_service.o(i.Speed_Set)
    Speed_Syn                                0x080036b1   Thumb Code   122  position_service.o(i.Speed_Syn)
    StreetMotor_GPIO_Config                  0x08003741   Thumb Code    60  street_motor.o(i.StreetMotor_GPIO_Config)
    StreetMotor_Init                         0x08003785   Thumb Code    12  street_motor.o(i.StreetMotor_Init)
    StreetMotor_TIM_Config                   0x08003791   Thumb Code   212  street_motor.o(i.StreetMotor_TIM_Config)
    SysSecBeat_Config                        0x08003869   Thumb Code    92  system_core.o(i.SysSecBeat_Config)
    SysTick_Handler                          0x080038c9   Thumb Code    52  system_core.o(i.SysTick_Handler)
    SystemInit                               0x08003905   Thumb Code    78  system_stm32f10x.o(i.SystemInit)
    SystemState_Set                          0x08003965   Thumb Code    16  system_core.o(i.SystemState_Set)
    TB6612_Init                              0x08003979   Thumb Code    50  motor_init.o(i.TB6612_Init)
    TIM6_IRQHandler                          0x080039b1   Thumb Code    34  motor_driver.o(i.TIM6_IRQHandler)
    TIM7_IRQHandler                          0x080039dd   Thumb Code    34  system_core.o(i.TIM7_IRQHandler)
    TIM_ClearITPendingBit                    0x08003a09   Thumb Code     6  stm32f10x_tim.o(i.TIM_ClearITPendingBit)
    TIM_Cmd                                  0x08003a0f   Thumb Code    24  stm32f10x_tim.o(i.TIM_Cmd)
    TIM_GetITStatus                          0x08003a27   Thumb Code    34  stm32f10x_tim.o(i.TIM_GetITStatus)
    TIM_ITConfig                             0x08003a49   Thumb Code    18  stm32f10x_tim.o(i.TIM_ITConfig)
    TIM_OC1Init                              0x08003a5d   Thumb Code   132  stm32f10x_tim.o(i.TIM_OC1Init)
    TIM_OC1PreloadConfig                     0x08003af5   Thumb Code    18  stm32f10x_tim.o(i.TIM_OC1PreloadConfig)
    TIM_OC2Init                              0x08003b09   Thumb Code   154  stm32f10x_tim.o(i.TIM_OC2Init)
    TIM_OC2PreloadConfig                     0x08003bad   Thumb Code    26  stm32f10x_tim.o(i.TIM_OC2PreloadConfig)
    TIM_OC3Init                              0x08003bc9   Thumb Code   150  stm32f10x_tim.o(i.TIM_OC3Init)
    TIM_OC3PreloadConfig                     0x08003c69   Thumb Code    18  stm32f10x_tim.o(i.TIM_OC3PreloadConfig)
    TIM_OC4Init                              0x08003c7d   Thumb Code   114  stm32f10x_tim.o(i.TIM_OC4Init)
    TIM_OC4PreloadConfig                     0x08003cf9   Thumb Code    26  stm32f10x_tim.o(i.TIM_OC4PreloadConfig)
    TIM_SetCompare1                          0x08003d13   Thumb Code     4  stm32f10x_tim.o(i.TIM_SetCompare1)
    TIM_SetCompare2                          0x08003d17   Thumb Code     4  stm32f10x_tim.o(i.TIM_SetCompare2)
    TIM_SetCompare3                          0x08003d1b   Thumb Code     4  stm32f10x_tim.o(i.TIM_SetCompare3)
    TIM_SetCompare4                          0x08003d1f   Thumb Code     6  stm32f10x_tim.o(i.TIM_SetCompare4)
    TIM_TimeBaseInit                         0x08003d25   Thumb Code   122  stm32f10x_tim.o(i.TIM_TimeBaseInit)
    TargetMove_Set                           0x08003dc9   Thumb Code    50  position_service.o(i.TargetMove_Set)
    TargetWidth_Set                          0x08003e0d   Thumb Code    26  mechanicalarm_service.o(i.TargetWidth_Set)
    TaskList_Config                          0x08003e39   Thumb Code    86  system_core.o(i.TaskList_Config)
    USART1_IRQHandler                        0x08003ea1   Thumb Code    56  usart.o(i.USART1_IRQHandler)
    USART2_IRQHandler                        0x08003ee1   Thumb Code    64  usart.o(i.USART2_IRQHandler)
    USART3_IRQHandler                        0x08003f29   Thumb Code    86  usart.o(i.USART3_IRQHandler)
    USART_ClearITPendingBit                  0x08003f89   Thumb Code    30  stm32f10x_usart.o(i.USART_ClearITPendingBit)
    USART_Cmd                                0x08003fa7   Thumb Code    24  stm32f10x_usart.o(i.USART_Cmd)
    USART_DMACmd                             0x08003fbf   Thumb Code    18  stm32f10x_usart.o(i.USART_DMACmd)
    USART_GetITStatus                        0x08003fd1   Thumb Code    84  stm32f10x_usart.o(i.USART_GetITStatus)
    USART_ITConfig                           0x08004025   Thumb Code    74  stm32f10x_usart.o(i.USART_ITConfig)
    USART_Init                               0x08004071   Thumb Code   210  stm32f10x_usart.o(i.USART_Init)
    USART_ReceiveData                        0x08004149   Thumb Code    10  stm32f10x_usart.o(i.USART_ReceiveData)
    UsageFault_Handler                       0x08004153   Thumb Code     4  stm32f10x_it.o(i.UsageFault_Handler)
    Usart2_Send                              0x08004159   Thumb Code    62  usart.o(i.Usart2_Send)
    Usart3_Send                              0x080041a5   Thumb Code    62  usart.o(i.Usart3_Send)
    Usart_Config                             0x080041f1   Thumb Code   300  usart.o(i.Usart_Config)
    Usart_DMA_Config                         0x08004331   Thumb Code   290  usart.o(i.Usart_DMA_Config)
    Usart_Sbuffer_Clear                      0x08004471   Thumb Code    14  usart.o(i.Usart_Sbuffer_Clear)
    Usart_TxFlag_Clear                       0x08004485   Thumb Code    10  usart.o(i.Usart_TxFlag_Clear)
    VectorMove_Set                           0x08004495   Thumb Code   132  position_service.o(i.VectorMove_Set)
    Wait_Gyroscope                           0x08004521   Thumb Code   176  gyroscope.o(i.Wait_Gyroscope)
    YawSpeed_Config                          0x080045e5   Thumb Code    96  position_service.o(i.YawSpeed_Config)
    __ARM_fpclassify                         0x08004655   Thumb Code    40  fpclassify.o(i.__ARM_fpclassify)
    __kernel_poly                            0x0800467d   Thumb Code   170  poly.o(i.__kernel_poly)
    __mathlib_dbl_infnan                     0x08004727   Thumb Code     6  dunder.o(i.__mathlib_dbl_infnan)
    __mathlib_dbl_invalid                    0x0800472d   Thumb Code    12  dunder.o(i.__mathlib_dbl_invalid)
    __mathlib_dbl_underflow                  0x08004739   Thumb Code    10  dunder.o(i.__mathlib_dbl_underflow)
    __scatterload_copy                       0x08004749   Thumb Code    14  handlers.o(i.__scatterload_copy)
    __scatterload_null                       0x08004757   Thumb Code     2  handlers.o(i.__scatterload_null)
    __scatterload_zeroinit                   0x08004759   Thumb Code    14  handlers.o(i.__scatterload_zeroinit)
    __set_errno                              0x08004769   Thumb Code     6  errno.o(i.__set_errno)
    acos                                     0x08004775   Thumb Code   574  acos.o(i.acos)
    atan                                     0x080049f1   Thumb Code   474  atan.o(i.atan)
    attitude_app_Task                        0x08004c11   Thumb Code    16  attitude_app.o(i.attitude_app_Task)
    main                                     0x08004c29   Thumb Code     8  main.o(i.main)
    main_app_Task                            0x08004c31   Thumb Code    46  main_app.o(i.main_app_Task)
    move_app_Task                            0x08004c69   Thumb Code    16  move_app.o(i.move_app_Task)
    openmv_service                           0x08004c81   Thumb Code     8  openmv_service.o(i.openmv_service)
    sqrt                                     0x08004c89   Thumb Code    76  sqrt.o(i.sqrt)
    asc2_0806                                0x08004cd4   Data         546  oled.o(.constdata)
    asc2_1608                                0x08004ef6   Data        1456  oled.o(.constdata)
    Region$$Table$$Base                      0x08005690   Number         0  anon$$obj.o(Region$$Table)
    Region$$Table$$Limit                     0x080056b0   Number         0  anon$$obj.o(Region$$Table)
    __initial_sp                             0x200024b0   Data           0  startup_stm32f10x_hd.o(STACK)



==============================================================================

Memory Map of the image

  Image Entry point : 0x08000131

  Load Region LR_IROM1 (Base: 0x08000000, Size: 0x00006214, Max: 0x00080000, ABSOLUTE, COMPRESSED[0x00005764])

    Execution Region ER_IROM1 (Base: 0x08000000, Size: 0x000056b0, Max: 0x00080000, ABSOLUTE)

    Base Addr    Size         Type   Attr      Idx    E Section Name        Object

    0x08000000   0x00000130   Data   RO          217    RESET               startup_stm32f10x_hd.o
    0x08000130   0x00000000   Code   RO          415  * .ARM.Collect$$$$00000000  mc_w.l(entry.o)
    0x08000130   0x00000004   Code   RO          446    .ARM.Collect$$$$00000001  mc_w.l(entry2.o)
    0x08000134   0x00000004   Code   RO          449    .ARM.Collect$$$$00000004  mc_w.l(entry5.o)
    0x08000138   0x00000000   Code   RO          451    .ARM.Collect$$$$00000008  mc_w.l(entry7b.o)
    0x08000138   0x00000000   Code   RO          453    .ARM.Collect$$$$0000000A  mc_w.l(entry8b.o)
    0x08000138   0x00000008   Code   RO          454    .ARM.Collect$$$$0000000B  mc_w.l(entry9a.o)
    0x08000140   0x00000000   Code   RO          456    .ARM.Collect$$$$0000000D  mc_w.l(entry10a.o)
    0x08000140   0x00000000   Code   RO          458    .ARM.Collect$$$$0000000F  mc_w.l(entry11a.o)
    0x08000140   0x00000004   Code   RO          447    .ARM.Collect$$$$00002712  mc_w.l(entry2.o)
    0x08000144   0x00000024   Code   RO          218    .text               startup_stm32f10x_hd.o
    0x08000168   0x00000062   Code   RO          418    .text               mc_w.l(ldiv.o)
    0x080001ca   0x00000024   Code   RO          419    .text               mc_w.l(memcpya.o)
    0x080001ee   0x000000b0   Code   RO          421    .text               mf_w.l(fadd.o)
    0x0800029e   0x00000064   Code   RO          422    .text               mf_w.l(fmul.o)
    0x08000302   0x0000014e   Code   RO          423    .text               mf_w.l(dadd.o)
    0x08000450   0x000000e4   Code   RO          424    .text               mf_w.l(dmul.o)
    0x08000534   0x000000de   Code   RO          425    .text               mf_w.l(ddiv.o)
    0x08000612   0x00000012   Code   RO          426    .text               mf_w.l(fflti.o)
    0x08000624   0x00000022   Code   RO          427    .text               mf_w.l(dflti.o)
    0x08000646   0x0000001a   Code   RO          428    .text               mf_w.l(dfltui.o)
    0x08000660   0x00000032   Code   RO          429    .text               mf_w.l(ffixi.o)
    0x08000692   0x0000003e   Code   RO          430    .text               mf_w.l(dfixi.o)
    0x080006d0   0x00000032   Code   RO          431    .text               mf_w.l(dfixui.o)
    0x08000702   0x00000026   Code   RO          432    .text               mf_w.l(f2d.o)
    0x08000728   0x00000030   Code   RO          433    .text               mf_w.l(cdcmple.o)
    0x08000758   0x00000030   Code   RO          434    .text               mf_w.l(cdrcmple.o)
    0x08000788   0x00000038   Code   RO          435    .text               mf_w.l(d2f.o)
    0x080007c0   0x00000014   Code   RO          436    .text               mf_w.l(cfcmple.o)
    0x080007d4   0x00000062   Code   RO          460    .text               mc_w.l(uldiv.o)
    0x08000836   0x0000001e   Code   RO          461    .text               mc_w.l(llshl.o)
    0x08000854   0x00000020   Code   RO          462    .text               mc_w.l(llushr.o)
    0x08000874   0x00000024   Code   RO          463    .text               mc_w.l(llsshr.o)
    0x08000898   0x00000000   Code   RO          468    .text               mc_w.l(iusefp.o)
    0x08000898   0x0000006e   Code   RO          469    .text               mf_w.l(fepilogue.o)
    0x08000906   0x000000ba   Code   RO          470    .text               mf_w.l(depilogue.o)
    0x080009c0   0x0000002e   Code   RO          471    .text               mf_w.l(dscalb.o)
    0x080009ee   0x000000a2   Code   RO          472    .text               mf_w.l(dsqrt.o)
    0x08000a90   0x00000024   Code   RO          473    .text               mc_w.l(init.o)
    0x08000ab4   0x0000005e   Code   RO          479    .text               mc_w.l(__dclz77c.o)
    0x08000b12   0x00000002   PAD
    0x08000b14   0x00000040   Code   RO          332    i.AngleCheck        mechanicalarm_service.o
    0x08000b54   0x00000030   Code   RO          333    i.AngleToWidth      mechanicalarm_service.o
    0x08000b84   0x00000024   Code   RO          370    i.BCToYL_Move       move_app.o
    0x08000ba8   0x00000148   Code   RO          371    i.BCToYL_MoveTask   move_app.o
    0x08000cf0   0x00000004   Code   RO            1    i.BusFault_Handler  stm32f10x_it.o
    0x08000cf4   0x00000030   Code   RO          334    i.ClawClr           mechanicalarm_service.o
    0x08000d24   0x000001f0   Code   RO          335    i.Cosin_AngleConfig  mechanicalarm_service.o
    0x08000f14   0x00000024   Code   RO          247    i.DMA1_Channel2_IRQHandler  usart.o
    0x08000f38   0x00000028   Code   RO          248    i.DMA1_Channel4_IRQHandler  usart.o
    0x08000f60   0x00000028   Code   RO          249    i.DMA1_Channel7_IRQHandler  usart.o
    0x08000f88   0x0000001c   Code   RO           25    i.DMA_ClearFlag     stm32f10x_dma.o
    0x08000fa4   0x00000018   Code   RO           27    i.DMA_Cmd           stm32f10x_dma.o
    0x08000fbc   0x0000014c   Code   RO           28    i.DMA_DeInit        stm32f10x_dma.o
    0x08001108   0x0000002c   Code   RO           31    i.DMA_GetITStatus   stm32f10x_dma.o
    0x08001134   0x00000012   Code   RO           32    i.DMA_ITConfig      stm32f10x_dma.o
    0x08001146   0x0000003c   Code   RO           33    i.DMA_Init          stm32f10x_dma.o
    0x08001182   0x00000004   Code   RO           34    i.DMA_SetCurrDataCounter  stm32f10x_dma.o
    0x08001186   0x00000002   Code   RO            2    i.DebugMon_Handler  stm32f10x_it.o
    0x08001188   0x0000001c   Code   RO          227    i.Disitance_clear   motor_driver.o
    0x080011a4   0x00000094   Code   RO          228    i.EXTI0_IRQHandler  motor_driver.o
    0x08001238   0x00000094   Code   RO          229    i.EXTI2_IRQHandler  motor_driver.o
    0x080012cc   0x00000094   Code   RO          230    i.EXTI4_IRQHandler  motor_driver.o
    0x08001360   0x00000094   Code   RO          231    i.EXTI9_5_IRQHandler  motor_driver.o
    0x080013f4   0x0000000c   Code   RO           36    i.EXTI_ClearFlag    stm32f10x_exti.o
    0x08001400   0x0000000c   Code   RO           37    i.EXTI_ClearITPendingBit  stm32f10x_exti.o
    0x0800140c   0x00000028   Code   RO           41    i.EXTI_GetITStatus  stm32f10x_exti.o
    0x08001434   0x00000094   Code   RO           42    i.EXTI_Init         stm32f10x_exti.o
    0x080014c8   0x0000001c   Code   RO          372    i.FindBlob_Move     move_app.o
    0x080014e4   0x00000120   Code   RO          373    i.FindBlob_MoveTask  move_app.o
    0x08001604   0x00000024   Code   RO          383    i.FindLine_Attitude  attitude_app.o
    0x08001628   0x0000007c   Code   RO          384    i.FindLine_NAttitudeTask  attitude_app.o
    0x080016a4   0x0000001c   Code   RO          385    i.FindQrCode_Attitude  attitude_app.o
    0x080016c0   0x0000007c   Code   RO          386    i.FindQrCode_AttitudeTask  attitude_app.o
    0x0800173c   0x0000001c   Code   RO          374    i.FindQrCode_Move   move_app.o
    0x08001758   0x00000070   Code   RO          375    i.FindQrCode_MoveTask  move_app.o
    0x080017c8   0x0000001c   Code   RO          387    i.FindUpBlob_Attitude  attitude_app.o
    0x080017e4   0x0000007c   Code   RO          388    i.FindUpBlob_AttitudeTask  attitude_app.o
    0x08001860   0x00000080   Code   RO          364    i.Find_Blob         main_app.o
    0x080018e0   0x00000070   Code   RO          365    i.Find_QrCode       main_app.o
    0x08001950   0x00000040   Code   RO           47    i.GPIO_EXTILineConfig  stm32f10x_gpio.o
    0x08001990   0x00000116   Code   RO           50    i.GPIO_Init         stm32f10x_gpio.o
    0x08001aa6   0x00000012   Code   RO           54    i.GPIO_ReadInputDataBit  stm32f10x_gpio.o
    0x08001ab8   0x00000004   Code   RO           57    i.GPIO_ResetBits    stm32f10x_gpio.o
    0x08001abc   0x00000004   Code   RO           58    i.GPIO_SetBits      stm32f10x_gpio.o
    0x08001ac0   0x00000024   Code   RO          389    i.GetBlob           attitude_app.o
    0x08001ae4   0x0000013c   Code   RO          390    i.GetYL_UpBlosTask  attitude_app.o
    0x08001c20   0x00000040   Code   RO          219    i.Gyroscope_Init    gyroscope.o
    0x08001c60   0x00000010   Code   RO          220    i.Gyroscope_ReadYaw  gyroscope.o
    0x08001c70   0x00000018   Code   RO          221    i.Gyroscope_RequestUpdata  gyroscope.o
    0x08001c88   0x00000030   Code   RO          223    i.Gyroscope_YawUpdata  gyroscope.o
    0x08001cb8   0x000000a0   Code   RO          238    i.Hall_EXTI_Config  motor_init.o
    0x08001d58   0x00000024   Code   RO          239    i.Hall_GPIO_Config  motor_init.o
    0x08001d7c   0x00000068   Code   RO          240    i.Hall_TIM_Config   motor_init.o
    0x08001de4   0x00000004   Code   RO            3    i.HardFault_Handler  stm32f10x_it.o
    0x08001de8   0x00000040   Code   RO          270    i.IIC_Init          iic.o
    0x08001e28   0x0000004c   Code   RO          271    i.IIC_SendByte      iic.o
    0x08001e74   0x00000030   Code   RO          272    i.IIC_Start         iic.o
    0x08001ea4   0x00000028   Code   RO          273    i.IIC_Stop          iic.o
    0x08001ecc   0x0000001c   Code   RO          274    i.IIC_WaitACK       iic.o
    0x08001ee8   0x000000b4   Code   RO          310    i.Inc_PID           position_service.o
    0x08001f9c   0x0000009c   Code   RO          311    i.Inc_PID_Realiz    position_service.o
    0x08002038   0x0000007c   Code   RO          336    i.MechanicalArm_PositionInc  mechanicalarm_service.o
    0x080020b4   0x00000048   Code   RO          337    i.MechanicalArm_PositionSet  mechanicalarm_service.o
    0x080020fc   0x00000024   Code   RO          339    i.MechanicalArm_Reset  mechanicalarm_service.o
    0x08002120   0x00000028   Code   RO          340    i.MechanicalArm_Service  mechanicalarm_service.o
    0x08002148   0x00000074   Code   RO          341    i.MechanicalArm_StateCheck  mechanicalarm_service.o
    0x080021bc   0x0000009c   Code   RO          342    i.MechanicalArm_WidthInc  mechanicalarm_service.o
    0x08002258   0x00000004   Code   RO            4    i.MemManage_Handler  stm32f10x_it.o
    0x0800225c   0x0000002c   Code   RO          241    i.Motor_GPIO_Config  motor_init.o
    0x08002288   0x0000001c   Code   RO          242    i.Motor_Init        motor_init.o
    0x080022a4   0x00000098   Code   RO          243    i.Motor_TIM_Config  motor_init.o
    0x0800233c   0x00000002   Code   RO            5    i.NMI_Handler       stm32f10x_it.o
    0x0800233e   0x00000002   PAD
    0x08002340   0x00000070   Code   RO           20    i.NVIC_Init         misc.o
    0x080023b0   0x00000014   Code   RO           21    i.NVIC_PriorityGroupConfig  misc.o
    0x080023c4   0x0000002c   Code   RO          277    i.OLED_Clear        oled.o
    0x080023f0   0x00000042   Code   RO          278    i.OLED_ClearBlok    oled.o
    0x08002432   0x000000e8   Code   RO          281    i.OLED_Init         oled.o
    0x0800251a   0x00000036   Code   RO          282    i.OLED_PosSet       oled.o
    0x08002550   0x00000038   Code   RO          283    i.OLED_SendByte     oled.o
    0x08002588   0x000000ac   Code   RO          284    i.OLED_ShowChar     oled.o
    0x08002634   0x00000090   Code   RO          285    i.OLED_ShowNum      oled.o
    0x080026c4   0x0000004c   Code   RO          287    i.OLED_ShowString   oled.o
    0x08002710   0x00000040   Code   RO          347    i.OpenMV_Init       openmv_service.o
    0x08002750   0x0000000c   Code   RO          348    i.OpenMV_Set        openmv_service.o
    0x0800275c   0x00000150   Code   RO          349    i.OpenMV_Updata     openmv_service.o
    0x080028ac   0x00000154   Code   RO          295    i.PCB_System_Init   system_core.o
    0x08002a00   0x00000194   Code   RO          232    i.PWM_Out           motor_driver.o
    0x08002b94   0x00000002   Code   RO            6    i.PendSV_Handler    stm32f10x_it.o
    0x08002b96   0x00000002   PAD
    0x08002b98   0x00000054   Code   RO          313    i.PositionClr_Service  position_service.o
    0x08002bec   0x0000001c   Code   RO          314    i.PositionService_Stop  position_service.o
    0x08002c08   0x00000074   Code   RO          315    i.PositionSpeed_Config  position_service.o
    0x08002c7c   0x00000018   Code   RO          316    i.PositionState_Inc  position_service.o
    0x08002c94   0x00000080   Code   RO          317    i.PositionState_Updata  position_service.o
    0x08002d14   0x00000030   Code   RO          318    i.Position_Stop     position_service.o
    0x08002d44   0x0000008c   Code   RO          319    i.Position_Update   position_service.o
    0x08002dd0   0x00000150   Code   RO          391    i.PutBC_AttitudeTask  attitude_app.o
    0x08002f20   0x0000001c   Code   RO          392    i.PutBlob_Attituede  attitude_app.o
    0x08002f3c   0x000000fc   Code   RO          366    i.PutYL_Blob        main_app.o
    0x08003038   0x00000024   Code   RO          376    i.PutYL_Move        move_app.o
    0x0800305c   0x000001a0   Code   RO          377    i.PutYL_MoveTask    move_app.o
    0x080031fc   0x00000020   Code   RO           63    i.RCC_AHBPeriphClockCmd  stm32f10x_rcc.o
    0x0800321c   0x00000020   Code   RO           64    i.RCC_APB1PeriphClockCmd  stm32f10x_rcc.o
    0x0800323c   0x00000020   Code   RO           66    i.RCC_APB2PeriphClockCmd  stm32f10x_rcc.o
    0x0800325c   0x000000d4   Code   RO           74    i.RCC_GetClocksFreq  stm32f10x_rcc.o
    0x08003330   0x0000000c   Code   RO          393    i.Read_AttitudeFlag  attitude_app.o
    0x0800333c   0x00000008   Code   RO          233    i.Read_Distance     motor_driver.o
    0x08003344   0x000000b4   Code   RO          350    i.Read_LineData     openmv_service.o
    0x080033f8   0x00000008   Code   RO          351    i.Read_LookData     openmv_service.o
    0x08003400   0x0000000c   Code   RO          343    i.Read_MechanicalArmState  mechanicalarm_service.o
    0x0800340c   0x0000000c   Code   RO          378    i.Read_MoveFlag     move_app.o
    0x08003418   0x0000000c   Code   RO          322    i.Read_PositionState  position_service.o
    0x08003424   0x00000008   Code   RO          352    i.Read_QrCode       openmv_service.o
    0x0800342c   0x00000154   Code   RO          234    i.Read_Speed        motor_driver.o
    0x08003580   0x0000000c   Code   RO          296    i.Read_SysSubTime   system_core.o
    0x0800358c   0x00000010   Code   RO          250    i.Read_Usart_Sbuffer  usart.o
    0x0800359c   0x00000002   Code   RO            7    i.SVC_Handler       stm32f10x_it.o
    0x0800359e   0x00000008   Code   RO           15    i.SetSysClock       system_stm32f10x.o
    0x080035a6   0x00000002   PAD
    0x080035a8   0x000000e0   Code   RO           16    i.SetSysClockTo72   system_stm32f10x.o
    0x08003688   0x00000028   Code   RO          323    i.Speed_Set         position_service.o
    0x080036b0   0x00000090   Code   RO          324    i.Speed_Syn         position_service.o
    0x08003740   0x00000044   Code   RO          265    i.StreetMotor_GPIO_Config  street_motor.o
    0x08003784   0x0000000c   Code   RO          266    i.StreetMotor_Init  street_motor.o
    0x08003790   0x000000d8   Code   RO          267    i.StreetMotor_TIM_Config  street_motor.o
    0x08003868   0x00000060   Code   RO          299    i.SysSecBeat_Config  system_core.o
    0x080038c8   0x0000003c   Code   RO          300    i.SysTick_Handler   system_core.o
    0x08003904   0x00000060   Code   RO           18    i.SystemInit        system_stm32f10x.o
    0x08003964   0x00000014   Code   RO          303    i.SystemState_Set   system_core.o
    0x08003978   0x00000038   Code   RO          244    i.TB6612_Init       motor_init.o
    0x080039b0   0x0000002c   Code   RO          235    i.TIM6_IRQHandler   motor_driver.o
    0x080039dc   0x0000002c   Code   RO          305    i.TIM7_IRQHandler   system_core.o
    0x08003a08   0x00000006   Code   RO          106    i.TIM_ClearITPendingBit  stm32f10x_tim.o
    0x08003a0e   0x00000018   Code   RO          111    i.TIM_Cmd           stm32f10x_tim.o
    0x08003a26   0x00000022   Code   RO          132    i.TIM_GetITStatus   stm32f10x_tim.o
    0x08003a48   0x00000012   Code   RO          136    i.TIM_ITConfig      stm32f10x_tim.o
    0x08003a5a   0x00000002   PAD
    0x08003a5c   0x00000098   Code   RO          140    i.TIM_OC1Init       stm32f10x_tim.o
    0x08003af4   0x00000012   Code   RO          143    i.TIM_OC1PreloadConfig  stm32f10x_tim.o
    0x08003b06   0x00000002   PAD
    0x08003b08   0x000000a4   Code   RO          145    i.TIM_OC2Init       stm32f10x_tim.o
    0x08003bac   0x0000001a   Code   RO          148    i.TIM_OC2PreloadConfig  stm32f10x_tim.o
    0x08003bc6   0x00000002   PAD
    0x08003bc8   0x000000a0   Code   RO          150    i.TIM_OC3Init       stm32f10x_tim.o
    0x08003c68   0x00000012   Code   RO          153    i.TIM_OC3PreloadConfig  stm32f10x_tim.o
    0x08003c7a   0x00000002   PAD
    0x08003c7c   0x0000007c   Code   RO          155    i.TIM_OC4Init       stm32f10x_tim.o
    0x08003cf8   0x0000001a   Code   RO          157    i.TIM_OC4PreloadConfig  stm32f10x_tim.o
    0x08003d12   0x00000004   Code   RO          172    i.TIM_SetCompare1   stm32f10x_tim.o
    0x08003d16   0x00000004   Code   RO          173    i.TIM_SetCompare2   stm32f10x_tim.o
    0x08003d1a   0x00000004   Code   RO          174    i.TIM_SetCompare3   stm32f10x_tim.o
    0x08003d1e   0x00000006   Code   RO          175    i.TIM_SetCompare4   stm32f10x_tim.o
    0x08003d24   0x000000a4   Code   RO          182    i.TIM_TimeBaseInit  stm32f10x_tim.o
    0x08003dc8   0x00000044   Code   RO          325    i.TargetMove_Set    position_service.o
    0x08003e0c   0x0000002c   Code   RO          344    i.TargetWidth_Set   mechanicalarm_service.o
    0x08003e38   0x00000068   Code   RO          306    i.TaskList_Config   system_core.o
    0x08003ea0   0x00000040   Code   RO          251    i.USART1_IRQHandler  usart.o
    0x08003ee0   0x00000048   Code   RO          252    i.USART2_IRQHandler  usart.o
    0x08003f28   0x00000060   Code   RO          253    i.USART3_IRQHandler  usart.o
    0x08003f88   0x0000001e   Code   RO          187    i.USART_ClearITPendingBit  stm32f10x_usart.o
    0x08003fa6   0x00000018   Code   RO          190    i.USART_Cmd         stm32f10x_usart.o
    0x08003fbe   0x00000012   Code   RO          191    i.USART_DMACmd      stm32f10x_usart.o
    0x08003fd0   0x00000054   Code   RO          194    i.USART_GetITStatus  stm32f10x_usart.o
    0x08004024   0x0000004a   Code   RO          196    i.USART_ITConfig    stm32f10x_usart.o
    0x0800406e   0x00000002   PAD
    0x08004070   0x000000d8   Code   RO          197    i.USART_Init        stm32f10x_usart.o
    0x08004148   0x0000000a   Code   RO          204    i.USART_ReceiveData  stm32f10x_usart.o
    0x08004152   0x00000004   Code   RO            8    i.UsageFault_Handler  stm32f10x_it.o
    0x08004156   0x00000002   PAD
    0x08004158   0x0000004c   Code   RO          255    i.Usart2_Send       usart.o
    0x080041a4   0x0000004c   Code   RO          256    i.Usart3_Send       usart.o
    0x080041f0   0x00000140   Code   RO          257    i.Usart_Config      usart.o
    0x08004330   0x00000140   Code   RO          258    i.Usart_DMA_Config  usart.o
    0x08004470   0x00000014   Code   RO          259    i.Usart_Sbuffer_Clear  usart.o
    0x08004484   0x00000010   Code   RO          261    i.Usart_TxFlag_Clear  usart.o
    0x08004494   0x0000008c   Code   RO          327    i.VectorMove_Set    position_service.o
    0x08004520   0x000000c4   Code   RO          224    i.Wait_Gyroscope    gyroscope.o
    0x080045e4   0x00000070   Code   RO          328    i.YawSpeed_Config   position_service.o
    0x08004654   0x00000028   Code   RO          444    i.__ARM_fpclassify  m_ws.l(fpclassify.o)
    0x0800467c   0x000000aa   Code   RO          445    i.__kernel_poly     m_ws.l(poly.o)
    0x08004726   0x00000006   Code   RO          438    i.__mathlib_dbl_infnan  m_ws.l(dunder.o)
    0x0800472c   0x0000000c   Code   RO          440    i.__mathlib_dbl_invalid  m_ws.l(dunder.o)
    0x08004738   0x00000010   Code   RO          443    i.__mathlib_dbl_underflow  m_ws.l(dunder.o)
    0x08004748   0x0000000e   Code   RO          476    i.__scatterload_copy  mc_w.l(handlers.o)
    0x08004756   0x00000002   Code   RO          477    i.__scatterload_null  mc_w.l(handlers.o)
    0x08004758   0x0000000e   Code   RO          478    i.__scatterload_zeroinit  mc_w.l(handlers.o)
    0x08004766   0x00000002   PAD
    0x08004768   0x0000000c   Code   RO          466    i.__set_errno       mc_w.l(errno.o)
    0x08004774   0x0000027c   Code   RO          400    i.acos              m_ws.l(acos.o)
    0x080049f0   0x00000220   Code   RO          406    i.atan              m_ws.l(atan.o)
    0x08004c10   0x00000018   Code   RO          395    i.attitude_app_Task  attitude_app.o
    0x08004c28   0x00000008   Code   RO           11    i.main              main.o
    0x08004c30   0x00000038   Code   RO          367    i.main_app_Task     main_app.o
    0x08004c68   0x00000018   Code   RO          380    i.move_app_Task     move_app.o
    0x08004c80   0x00000008   Code   RO          354    i.openmv_service    openmv_service.o
    0x08004c88   0x0000004c   Code   RO          412    i.sqrt              m_ws.l(sqrt.o)
    0x08004cd4   0x000007d2   Data   RO          289    .constdata          oled.o
    0x080054a6   0x00000002   PAD
    0x080054a8   0x00000100   Data   RO          397    .constdata          attitude_app.o
    0x080055a8   0x00000050   Data   RO          401    .constdata          m_ws.l(acos.o)
    0x080055f8   0x00000098   Data   RO          407    .constdata          m_ws.l(atan.o)
    0x08005690   0x00000020   Data   RO          474    Region$$Table       anon$$obj.o


    Execution Region RW_IRAM1 (Base: 0x20000000, Size: 0x000024b0, Max: 0x00010000, ABSOLUTE, COMPRESSED[0x000000b4])

    Base Addr    Size         Type   Attr      Idx    E Section Name        Object

    0x20000000   0x00000014   Data   RW           94    .data               stm32f10x_rcc.o
    0x20000014   0x0000012c   Data   RW          226    .data               gyroscope.o
    0x20000140   0x0000011e   Data   RW          237    .data               motor_driver.o
    0x2000025e   0x00000002   PAD
    0x20000260   0x0000011e   Data   RW          264    .data               usart.o
    0x2000037e   0x00000002   PAD
    0x20000380   0x0000011f   Data   RW          309    .data               system_core.o
    0x2000049f   0x00000001   PAD
    0x200004a0   0x0000011e   Data   RW          331    .data               position_service.o
    0x200005be   0x00000002   PAD
    0x200005c0   0x0000011b   Data   RW          346    .data               mechanicalarm_service.o
    0x200006db   0x00000001   PAD
    0x200006dc   0x00000121   Data   RW          356    .data               openmv_service.o
    0x200007fd   0x00000003   PAD
    0x20000800   0x0000011e   Data   RW          369    .data               main_app.o
    0x2000091e   0x00000002   PAD
    0x20000920   0x00000120   Data   RW          382    .data               move_app.o
    0x20000a40   0x00000120   Data   RW          398    .data               attitude_app.o
    0x20000b60   0x00000004   Data   RW          467    .data               mc_w.l(errno.o)
    0x20000b64   0x0000037c   Zero   RW          236    .bss                motor_driver.o
    0x20000ee0   0x000003fc   Zero   RW          263    .bss                usart.o
    0x200012dc   0x0000036c   Zero   RW          308    .bss                system_core.o
    0x20001648   0x0000036c   Zero   RW          330    .bss                position_service.o
    0x200019b4   0x00000004   PAD
    0x200019b8   0x00000388   Zero   RW          345    .bss                mechanicalarm_service.o
    0x20001d40   0x00000369   Zero   RW          355    .bss                openmv_service.o
    0x200020a9   0x00000007   PAD
    0x200020b0   0x00000400   Zero   RW          215    STACK               startup_stm32f10x_hd.o


==============================================================================

Image component sizes


      Code (inc. data)   RO Data    RW Data    ZI Data      Debug   Object Name

      1216        164        256        288          0          0   attitude_app.o
       348         54          0        300          0          0   gyroscope.o
       256         24          0          0          0          0   iic.o
         8          0          0          0          0          0   main.o
       548         70          0        286          0          0   main_app.o
      1256        174          0        283        904          0   mechanicalarm_service.o
       132         22          0          0          0          0   misc.o
      1416        238          0        286        892          0   motor_driver.o
       580         24          0          0          0          0   motor_init.o
      1308        136          0        288          0          0   move_app.o
       844         10       2002          0          0          0   oled.o
       616         56          0        289        873          0   openmv_service.o
      1420        202          0        286        876          0   position_service.o
        36          8        304          0       1024          0   startup_stm32f10x_hd.o
       510         26          0          0          0          0   stm32f10x_dma.o
       212         24          0          0          0          0   stm32f10x_exti.o
       368          4          0          0          0          0   stm32f10x_gpio.o
        24          0          0          0          0          0   stm32f10x_it.o
       308         38          0         20          0          0   stm32f10x_rcc.o
       952         92          0          0          0          0   stm32f10x_tim.o
       456          6          0          0          0          0   stm32f10x_usart.o
       296         12          0          0          0          0   street_motor.o
       676        118          0        287        876          0   system_core.o
       328         28          0          0          0          0   system_stm32f10x.o
      1192        132          0        286       1020          0   usart.o

    ----------------------------------------------------------------------
     15324       1662       2596       2912       6476          0   Object Totals
         0          0         32          0          0          0   (incl. Generated)
        18          0          2         13         11          0   (incl. Padding)

    ----------------------------------------------------------------------

      Code (inc. data)   RO Data    RW Data    ZI Data      Debug   Library Member Name

       636         62         80          0          0          0   acos.o
       544         70        152          0          0          0   atan.o
        34          6          0          0          0          0   dunder.o
        40          0          0          0          0          0   fpclassify.o
       170          0          0          0          0          0   poly.o
        76          0          0          0          0          0   sqrt.o
        94          0          0          0          0          0   __dclz77c.o
         0          0          0          0          0          0   entry.o
         0          0          0          0          0          0   entry10a.o
         0          0          0          0          0          0   entry11a.o
         8          4          0          0          0          0   entry2.o
         4          0          0          0          0          0   entry5.o
         0          0          0          0          0          0   entry7b.o
         0          0          0          0          0          0   entry8b.o
         8          4          0          0          0          0   entry9a.o
        12          6          0          4          0          0   errno.o
        30          0          0          0          0          0   handlers.o
        36          8          0          0          0          0   init.o
         0          0          0          0          0          0   iusefp.o
        98          0          0          0          0          0   ldiv.o
        30          0          0          0          0          0   llshl.o
        36          0          0          0          0          0   llsshr.o
        32          0          0          0          0          0   llushr.o
        36          0          0          0          0          0   memcpya.o
        98          0          0          0          0          0   uldiv.o
        48          0          0          0          0          0   cdcmple.o
        48          0          0          0          0          0   cdrcmple.o
        20          0          0          0          0          0   cfcmple.o
        56          0          0          0          0          0   d2f.o
       334          0          0          0          0          0   dadd.o
       222          0          0          0          0          0   ddiv.o
       186          0          0          0          0          0   depilogue.o
        62          0          0          0          0          0   dfixi.o
        50          0          0          0          0          0   dfixui.o
        34          0          0          0          0          0   dflti.o
        26          0          0          0          0          0   dfltui.o
       228          0          0          0          0          0   dmul.o
        46          0          0          0          0          0   dscalb.o
       162          0          0          0          0          0   dsqrt.o
        38          0          0          0          0          0   f2d.o
       176          0          0          0          0          0   fadd.o
       110          0          0          0          0          0   fepilogue.o
        50          0          0          0          0          0   ffixi.o
        18          0          0          0          0          0   fflti.o
       100          0          0          0          0          0   fmul.o

    ----------------------------------------------------------------------
      4040        160        232          4          0          0   Library Totals
         4          0          0          0          0          0   (incl. Padding)

    ----------------------------------------------------------------------

      Code (inc. data)   RO Data    RW Data    ZI Data      Debug   Library Name

      1500        138        232          0          0          0   m_ws.l
       522         22          0          4          0          0   mc_w.l
      2014          0          0          0          0          0   mf_w.l

    ----------------------------------------------------------------------
      4040        160        232          4          0          0   Library Totals

    ----------------------------------------------------------------------

==============================================================================


      Code (inc. data)   RO Data    RW Data    ZI Data      Debug   

     19364       1822       2828       2916       6476          0   Grand Totals
     19364       1822       2828        180       6476          0   ELF Image Totals (compressed)
     19364       1822       2828        180          0          0   ROM Totals

==============================================================================

    Total RO  Size (Code + RO Data)                22192 (  21.67kB)
    Total RW  Size (RW Data + ZI Data)              9392 (   9.17kB)
    Total ROM Size (Code + RO Data + RW Data)      22372 (  21.85kB)

==============================================================================

