Component: ARM Compiler 5.06 update 3 (build 300) Tool: armlink [4d35c9]

==============================================================================

Section Cross References

    main.o(i.main) refers to system_core.o(i.PCB_System_Init) for PCB_System_Init
    system_stm32f10x.o(i.SetSysClock) refers to system_stm32f10x.o(i.SetSysClockTo72) for SetSysClockTo72
    system_stm32f10x.o(i.SystemCoreClockUpdate) refers to system_stm32f10x.o(.data) for SystemCoreClock
    system_stm32f10x.o(i.SystemInit) refers to system_stm32f10x.o(i.SetSysClock) for SetSysClock
    stm32f10x_gpio.o(i.GPIO_AFIODeInit) refers to stm32f10x_rcc.o(i.RCC_APB2PeriphResetCmd) for RCC_APB2PeriphResetCmd
    stm32f10x_gpio.o(i.GPIO_DeInit) refers to stm32f10x_rcc.o(i.RCC_APB2PeriphResetCmd) for RCC_APB2PeriphResetCmd
    stm32f10x_rcc.o(i.RCC_GetClocksFreq) refers to stm32f10x_rcc.o(.data) for APBAHBPrescTable
    stm32f10x_rcc.o(i.RCC_WaitForHSEStartUp) refers to stm32f10x_rcc.o(i.RCC_GetFlagStatus) for RCC_GetFlagStatus
    stm32f10x_tim.o(i.TIM_DeInit) refers to stm32f10x_rcc.o(i.RCC_APB2PeriphResetCmd) for RCC_APB2PeriphResetCmd
    stm32f10x_tim.o(i.TIM_DeInit) refers to stm32f10x_rcc.o(i.RCC_APB1PeriphResetCmd) for RCC_APB1PeriphResetCmd
    stm32f10x_tim.o(i.TIM_ETRClockMode1Config) refers to stm32f10x_tim.o(i.TIM_ETRConfig) for TIM_ETRConfig
    stm32f10x_tim.o(i.TIM_ETRClockMode2Config) refers to stm32f10x_tim.o(i.TIM_ETRConfig) for TIM_ETRConfig
    stm32f10x_tim.o(i.TIM_ICInit) refers to stm32f10x_tim.o(i.TI1_Config) for TI1_Config
    stm32f10x_tim.o(i.TIM_ICInit) refers to stm32f10x_tim.o(i.TIM_SetIC1Prescaler) for TIM_SetIC1Prescaler
    stm32f10x_tim.o(i.TIM_ICInit) refers to stm32f10x_tim.o(i.TI2_Config) for TI2_Config
    stm32f10x_tim.o(i.TIM_ICInit) refers to stm32f10x_tim.o(i.TIM_SetIC2Prescaler) for TIM_SetIC2Prescaler
    stm32f10x_tim.o(i.TIM_ICInit) refers to stm32f10x_tim.o(i.TI3_Config) for TI3_Config
    stm32f10x_tim.o(i.TIM_ICInit) refers to stm32f10x_tim.o(i.TIM_SetIC3Prescaler) for TIM_SetIC3Prescaler
    stm32f10x_tim.o(i.TIM_ICInit) refers to stm32f10x_tim.o(i.TI4_Config) for TI4_Config
    stm32f10x_tim.o(i.TIM_ICInit) refers to stm32f10x_tim.o(i.TIM_SetIC4Prescaler) for TIM_SetIC4Prescaler
    stm32f10x_tim.o(i.TIM_ITRxExternalClockConfig) refers to stm32f10x_tim.o(i.TIM_SelectInputTrigger) for TIM_SelectInputTrigger
    stm32f10x_tim.o(i.TIM_PWMIConfig) refers to stm32f10x_tim.o(i.TI1_Config) for TI1_Config
    stm32f10x_tim.o(i.TIM_PWMIConfig) refers to stm32f10x_tim.o(i.TIM_SetIC1Prescaler) for TIM_SetIC1Prescaler
    stm32f10x_tim.o(i.TIM_PWMIConfig) refers to stm32f10x_tim.o(i.TI2_Config) for TI2_Config
    stm32f10x_tim.o(i.TIM_PWMIConfig) refers to stm32f10x_tim.o(i.TIM_SetIC2Prescaler) for TIM_SetIC2Prescaler
    stm32f10x_tim.o(i.TIM_TIxExternalClockConfig) refers to stm32f10x_tim.o(i.TI2_Config) for TI2_Config
    stm32f10x_tim.o(i.TIM_TIxExternalClockConfig) refers to stm32f10x_tim.o(i.TI1_Config) for TI1_Config
    stm32f10x_tim.o(i.TIM_TIxExternalClockConfig) refers to stm32f10x_tim.o(i.TIM_SelectInputTrigger) for TIM_SelectInputTrigger
    stm32f10x_usart.o(i.USART_DeInit) refers to stm32f10x_rcc.o(i.RCC_APB2PeriphResetCmd) for RCC_APB2PeriphResetCmd
    stm32f10x_usart.o(i.USART_DeInit) refers to stm32f10x_rcc.o(i.RCC_APB1PeriphResetCmd) for RCC_APB1PeriphResetCmd
    stm32f10x_usart.o(i.USART_Init) refers to stm32f10x_rcc.o(i.RCC_GetClocksFreq) for RCC_GetClocksFreq
    startup_stm32f10x_hd.o(RESET) refers to startup_stm32f10x_hd.o(STACK) for __initial_sp
    startup_stm32f10x_hd.o(RESET) refers to startup_stm32f10x_hd.o(.text) for Reset_Handler
    startup_stm32f10x_hd.o(RESET) refers to stm32f10x_it.o(i.NMI_Handler) for NMI_Handler
    startup_stm32f10x_hd.o(RESET) refers to stm32f10x_it.o(i.HardFault_Handler) for HardFault_Handler
    startup_stm32f10x_hd.o(RESET) refers to stm32f10x_it.o(i.MemManage_Handler) for MemManage_Handler
    startup_stm32f10x_hd.o(RESET) refers to stm32f10x_it.o(i.BusFault_Handler) for BusFault_Handler
    startup_stm32f10x_hd.o(RESET) refers to stm32f10x_it.o(i.UsageFault_Handler) for UsageFault_Handler
    startup_stm32f10x_hd.o(RESET) refers to stm32f10x_it.o(i.SVC_Handler) for SVC_Handler
    startup_stm32f10x_hd.o(RESET) refers to stm32f10x_it.o(i.DebugMon_Handler) for DebugMon_Handler
    startup_stm32f10x_hd.o(RESET) refers to stm32f10x_it.o(i.PendSV_Handler) for PendSV_Handler
    startup_stm32f10x_hd.o(RESET) refers to system_core.o(i.SysTick_Handler) for SysTick_Handler
    startup_stm32f10x_hd.o(RESET) refers to motor_driver.o(i.EXTI0_IRQHandler) for EXTI0_IRQHandler
    startup_stm32f10x_hd.o(RESET) refers to motor_driver.o(i.EXTI2_IRQHandler) for EXTI2_IRQHandler
    startup_stm32f10x_hd.o(RESET) refers to motor_driver.o(i.EXTI4_IRQHandler) for EXTI4_IRQHandler
    startup_stm32f10x_hd.o(RESET) refers to usart.o(i.DMA1_Channel2_IRQHandler) for DMA1_Channel2_IRQHandler
[...]
    i.USART_GetFlagStatus                    0x08002bec   Section        0  stm32f10x_usart.o(i.USART_GetFlagStatus)
    i.USART_GetITStatus                      0x08002c06   Section        0  stm32f10x_usart.o(i.USART_GetITStatus)
    i.USART_ITConfig                         0x08002c5a   Section        0  stm32f10x_usart.o(i.USART_ITConfig)
    i.USART_Init                             0x08002ca4   Section        0  stm32f10x_usart.o(i.USART_Init)
    i.USART_ReceiveData                      0x08002d7c   Section        0  stm32f10x_usart.o(i.USART_ReceiveData)
    i.USART_SendData                         0x08002d86   Section        0  stm32f10x_usart.o(i.USART_SendData)
    i.UsageFault_Handler                     0x08002d8e   Section        0  stm32f10x_it.o(i.UsageFault_Handler)
    i.Usart3_Send                            0x08002d94   Section        0  usart.o(i.Usart3_Send)
    i.Usart_Config                           0x08002de0   Section        0  usart.o(i.Usart_Config)
    i.Usart_DMA_Config                       0x08002f20   Section        0  usart.o(i.Usart_DMA_Config)
    i.Usart_Sbuffer_Clear                    0x08003060   Section        0  usart.o(i.Usart_Sbuffer_Clear)
    i.Usart_Sbuffer_Push                     0x08003074   Section        0  usart.o(i.Usart_Sbuffer_Push)
    i.Usart_TxFlag_Clear                     0x080030d8   Section        0  usart.o(i.Usart_TxFlag_Clear)
    i.Wait_Gyroscope                         0x080030e8   Section        0  gyroscope.o(i.Wait_Gyroscope)
    i.YawSpeed_Config                        0x08003160   Section        0  position_service.o(i.YawSpeed_Config)
    i.__0printf$1                            0x080031d0   Section        0  printf1.o(i.__0printf$1)
    i.__scatterload_copy                     0x080031f0   Section       14  handlers.o(i.__scatterload_copy)
    i.__scatterload_null                     0x080031fe   Section        2  handlers.o(i.__scatterload_null)
    i.__scatterload_zeroinit                 0x08003200   Section       14  handlers.o(i.__scatterload_zeroinit)
    i._printf_core                           0x08003210   Section        0  printf1.o(i._printf_core)
    _printf_core                             0x08003211   Thumb Code   336  printf1.o(i._printf_core)
    i.debug_app_Task                         0x08003364   Section        0  debug_app.o(i.debug_app_Task)
    i.fputc                                  0x0800336c   Section        0  usart.o(i.fputc)
    i.main                                   0x08003390   Section        0  main.o(i.main)
    i.openmv_service                         0x08003398   Section        0  openmv_service.o(i.openmv_service)
    i.test_app_task                          0x0800339a   Section        0  test_app.o(i.test_app_task)
    .constdata                               0x0800339c   Section     2002  oled.o(.constdata)
    .data                                    0x20000000   Section       20  stm32f10x_rcc.o(.data)
    APBAHBPrescTable                         0x20000000   Data          16  stm32f10x_rcc.o(.data)
    ADCPrescTable                            0x20000010   Data           4  stm32f10x_rcc.o(.data)
    .data                                    0x20000014   Section      272  gyroscope.o(.data)
    Usart_Tx_Flag                            0x20000014   Data           3  gyroscope.o(.data)
    over_time                                0x20000018   Data           2  gyroscope.o(.data)
    last_time                                0x2000001a   Data           8  gyroscope.o(.data)
    that_time                                0x20000022   Data           8  gyroscope.o(.data)
    last_over_time                           0x2000002a   Data           8  gyroscope.o(.data)
    that_over_time                           0x20000032   Data           8  gyroscope.o(.data)
    last_dir                                 0x2000003a   Data           4  gyroscope.o(.data)
    that_dir                                 0x2000003e   Data           8  gyroscope.o(.data)
    street_width                             0x20000048   Data          24  gyroscope.o(.data)
    MechanicalArm_State                      0x20000060   Data           1  gyroscope.o(.data)
    MechanicalArm_Mode                       0x20000061   Data           1  gyroscope.o(.data)
    ArmLen                                   0x20000062   Data           3  gyroscope.o(.data)
    ArmLen2                                  0x20000066   Data           6  gyroscope.o(.data)
    Reset_Width                              0x2000006c   Data          10  gyroscope.o(.data)
    StateEnd_Width                           0x20000076   Data          10  gyroscope.o(.data)
    Target_Width                             0x20000080   Data          10  gyroscope.o(.data)
    Width_IncReset                           0x2000008a   Data           5  gyroscope.o(.data)
    Width_Inc                                0x2000008f   Data           5  gyroscope.o(.data)
    position                                 0x20000094   Data           8  gyroscope.o(.data)
    Err_Yaw                                  0x2000009c   Data           4  gyroscope.o(.data)
    Target_Yaw                               0x200000a0   Data           4  gyroscope.o(.data)
    Target_Position                          0x200000a4   Data           8  gyroscope.o(.data)
    Err_Position                             0x200000ac   Data           8  gyroscope.o(.data)
    Position_State                           0x200000b4   Data           1  gyroscope.o(.data)
    Position_Mode                            0x200000b5   Data           1  gyroscope.o(.data)
    openmv_state                             0x200000b6   Data           1  gyroscope.o(.data)
    openmv_fps                               0x200000b7   Data           1  gyroscope.o(.data)
    wifi_state                               0x200000b8   Data           1  gyroscope.o(.data)
    Vofa_Sbuffer                             0x200000bc   Data          44  gyroscope.o(.data)
    RunState                                 0x200000e8   Data           1  gyroscope.o(.data)
    TargetPosition                           0x200000ec   Data           8  gyroscope.o(.data)
    ReturnState                              0x200000f4   Data           1  gyroscope.o(.data)
    SysTime                                  0x200000f8   Data           4  gyroscope.o(.data)
    SysSubTime                               0x200000fc   Data           4  gyroscope.o(.data)
    SystemState                              0x20000100   Data           1  gyroscope.o(.data)
    BeatTaskNum                              0x20000101   Data           1  gyroscope.o(.data)
    ContinueTaskNum                          0x20000102   Data           1  gyroscope.o(.data)
    Init_Code                                0x20000103   Data           4  gyroscope.o(.data)
    Visit_Code                               0x20000107   Data           4  gyroscope.o(.data)
    Reset_Code                               0x2000010b   Data           4  gyroscope.o(.data)
    Yaw                                      0x20000110   Data           4  gyroscope.o(.data)
    Yaw_Err                                  0x20000114   Data           4  gyroscope.o(.data)
    num                                      0x20000118   Data           1  gyroscope.o(.data)
    last_Yaw                                 0x2000011c   Data           4  gyroscope.o(.data)
    last_time                                0x20000120   Data           4  gyroscope.o(.data)
    .data                                    0x20000124   Section      258  motor_driver.o(.data)
    Usart_Tx_Flag                            0x20000124   Data           3  motor_driver.o(.data)
    street_width                             0x20000128   Data          24  motor_driver.o(.data)
    MechanicalArm_State                      0x20000140   Data           1  motor_driver.o(.data)
    MechanicalArm_Mode                       0x20000141   Data           1  motor_driver.o(.data)
    ArmLen                                   0x20000142   Data           3  motor_driver.o(.data)
    ArmLen2                                  0x20000146   Data           6  motor_driver.o(.data)
    Reset_Width                              0x2000014c   Data          10  motor_driver.o(.data)
    StateEnd_Width                           0x20000156   Data          10  motor_driver.o(.data)
    Target_Width                             0x20000160   Data          10  motor_driver.o(.data)
    Width_IncReset                           0x2000016a   Data           5  motor_driver.o(.data)
    Width_Inc                                0x2000016f   Data           5  motor_driver.o(.data)
    position                                 0x20000174   Data           8  motor_driver.o(.data)
    Err_Yaw                                  0x2000017c   Data           4  motor_driver.o(.data)
    Target_Yaw                               0x20000180   Data           4  motor_driver.o(.data)
    Target_Position                          0x20000184   Data           8  motor_driver.o(.data)
    Err_Position                             0x2000018c   Data           8  motor_driver.o(.data)
    Position_State                           0x20000194   Data           1  motor_driver.o(.data)
    Position_Mode                            0x20000195   Data           1  motor_driver.o(.data)
    openmv_state                             0x20000196   Data           1  motor_driver.o(.data)
    openmv_fps                               0x20000197   Data           1  motor_driver.o(.data)
    wifi_state                               0x20000198   Data           1  motor_driver.o(.data)
    Vofa_Sbuffer                             0x2000019c   Data          44  motor_driver.o(.data)
    Init_Code                                0x200001c8   Data           4  motor_driver.o(.data)
    Visit_Code                               0x200001cc   Data           4  motor_driver.o(.data)
    Reset_Code                               0x200001d0   Data           4  motor_driver.o(.data)
    Yaw                                      0x200001d4   Data           4  motor_driver.o(.data)
    Yaw_Err                                  0x200001d8   Data           4  motor_driver.o(.data)
    RunState                                 0x200001dc   Data           1  motor_driver.o(.data)
    TargetPosition                           0x200001e0   Data           8  motor_driver.o(.data)
    ReturnState                              0x200001e8   Data           1  motor_driver.o(.data)
    SysTime                                  0x200001ec   Data           4  motor_driver.o(.data)
    SysSubTime                               0x200001f0   Data           4  motor_driver.o(.data)
    SystemState                              0x200001f4   Data           1  motor_driver.o(.data)
    BeatTaskNum                              0x200001f5   Data           1  motor_driver.o(.data)
    ContinueTaskNum                          0x200001f6   Data           1  motor_driver.o(.data)
    over_time                                0x200001f8   Data           2  motor_driver.o(.data)
    last_time                                0x200001fa   Data           8  motor_driver.o(.data)
    that_time                                0x20000202   Data           8  motor_driver.o(.data)
    last_over_time                           0x2000020a   Data           8  motor_driver.o(.data)
    that_over_time                           0x20000212   Data           8  motor_driver.o(.data)
    last_dir                                 0x2000021a   Data           4  motor_driver.o(.data)
    that_dir                                 0x2000021e   Data           8  motor_driver.o(.data)
    .data                                    0x20000228   Section      258  usart.o(.data)
    over_time                                0x20000228   Data           2  usart.o(.data)
    last_time                                0x2000022a   Data           8  usart.o(.data)
    that_time                                0x20000232   Data           8  usart.o(.data)
    last_over_time                           0x2000023a   Data           8  usart.o(.data)
    that_over_time                           0x20000242   Data           8  usart.o(.data)
    last_dir                                 0x2000024a   Data           4  usart.o(.data)
    that_dir                                 0x2000024e   Data           8  usart.o(.data)
    street_width                             0x20000258   Data          24  usart.o(.data)
    MechanicalArm_State                      0x20000270   Data           1  usart.o(.data)
    MechanicalArm_Mode                       0x20000271   Data           1  usart.o(.data)
    ArmLen                                   0x20000272   Data           3  usart.o(.data)
    ArmLen2                                  0x20000276   Data           6  usart.o(.data)
    Reset_Width                              0x2000027c   Data          10  usart.o(.data)
    StateEnd_Width                           0x20000286   Data          10  usart.o(.data)
    Target_Width                             0x20000290   Data          10  usart.o(.data)
    Width_IncReset                           0x2000029a   Data           5  usart.o(.data)
    Width_Inc                                0x2000029f   Data           5  usart.o(.data)
    position                                 0x200002a4   Data           8  usart.o(.data)
    Err_Yaw                                  0x200002ac   Data           4  usart.o(.data)
    Target_Yaw                               0x200002b0   Data           4  usart.o(.data)
    Target_Position                          0x200002b4   Data           8  usart.o(.data)
    Err_Position                             0x200002bc   Data           8  usart.o(.data)
    Position_State                           0x200002c4   Data           1  usart.o(.data)
    Position_Mode                            0x200002c5   Data           1  usart.o(.data)
    openmv_state                             0x200002c6   Data           1  usart.o(.data)
    openmv_fps                               0x200002c7   Data           1  usart.o(.data)
    wifi_state                               0x200002c8   Data           1  usart.o(.data)
    Vofa_Sbuffer                             0x200002cc   Data          44  usart.o(.data)
    Init_Code                                0x200002f8   Data           4  usart.o(.data)
    Visit_Code                               0x200002fc   Data           4  usart.o(.data)
    Reset_Code                               0x20000300   Data           4  usart.o(.data)
    Yaw                                      0x20000304   Data           4  usart.o(.data)
    Yaw_Err                                  0x20000308   Data           4  usart.o(.data)
    RunState                                 0x2000030c   Data           1  usart.o(.data)
    TargetPosition                           0x20000310   Data           8  usart.o(.data)
    ReturnState                              0x20000318   Data           1  usart.o(.data)
    SysTime                                  0x2000031c   Data           4  usart.o(.data)
    SysSubTime                               0x20000320   Data           4  usart.o(.data)
    SystemState                              0x20000324   Data           1  usart.o(.data)
    BeatTaskNum                              0x20000325   Data           1  usart.o(.data)
    ContinueTaskNum                          0x20000326   Data           1  usart.o(.data)
    Usart_Tx_Flag                            0x20000327   Data           3  usart.o(.data)
    .data                                    0x2000032c   Section      260  system_core.o(.data)
    Usart_Tx_Flag                            0x2000032c   Data           3  system_core.o(.data)
    over_time                                0x20000330   Data           2  system_core.o(.data)
    last_time                                0x20000332   Data           8  system_core.o(.data)
    that_time                                0x2000033a   Data           8  system_core.o(.data)
    last_over_time                           0x20000342   Data           8  system_core.o(.data)
    that_over_time                           0x2000034a   Data           8  system_core.o(.data)
    last_dir                                 0x20000352   Data           4  system_core.o(.data)
    that_dir                                 0x20000356   Data           8  system_core.o(.data)
    street_width                             0x20000360   Data          24  system_core.o(.data)
    MechanicalArm_State                      0x20000378   Data           1  system_core.o(.data)
    MechanicalArm_Mode                       0x20000379   Data           1  system_core.o(.data)
    ArmLen                                   0x2000037a   Data           3  system_core.o(.data)
    ArmLen2                                  0x2000037e   Data           6  system_core.o(.data)
    Reset_Width                              0x20000384   Data          10  system_core.o(.data)
    StateEnd_Width                           0x2000038e   Data          10  system_core.o(.data)
    Target_Width                             0x20000398   Data          10  system_core.o(.data)
    Width_IncReset                           0x200003a2   Data           5  system_core.o(.data)
    Width_Inc                                0x200003a7   Data           5  system_core.o(.data)
    position                                 0x200003ac   Data           8  system_core.o(.data)
    Err_Yaw                                  0x200003b4   Data           4  system_core.o(.data)
    Target_Yaw                               0x200003b8   Data           4  system_core.o(.data)
    Target_Position                          0x200003bc   Data           8  system_core.o(.data)
    Err_Position                             0x200003c4   Data           8  system_core.o(.data)
    Position_State                           0x200003cc   Data           1  system_core.o(.data)
    Position_Mode                            0x200003cd   Data           1  system_core.o(.data)
    openmv_state                             0x200003ce   Data           1  system_core.o(.data)
    openmv_fps                               0x200003cf   Data           1  system_core.o(.data)
    wifi_state                               0x200003d0   Data           1  system_core.o(.data)
    Vofa_Sbuffer                             0x200003d4   Data          44  system_core.o(.data)
    Init_Code                                0x20000400   Data           4  system_core.o(.data)
    Visit_Code                               0x20000404   Data           4  system_core.o(.data)
    Reset_Code                               0x20000408   Data           4  system_core.o(.data)
    Yaw                                      0x2000040c   Data           4  system_core.o(.data)
    Yaw_Err                                  0x20000410   Data           4  system_core.o(.data)
    RunState                                 0x20000414   Data           1  system_core.o(.data)
    TargetPosition                           0x20000418   Data           8  system_core.o(.data)
    ReturnState                              0x20000420   Data           1  system_core.o(.data)
    SysTime                                  0x20000424   Data           4  system_core.o(.data)
    SysSubTime                               0x20000428   Data           4  system_core.o(.data)
    SystemState                              0x2000042c   Data           1  system_core.o(.data)
    BeatTaskNum                              0x2000042d   Data           1  system_core.o(.data)
    ContinueTaskNum                          0x2000042e   Data           1  system_core.o(.data)
    ShowStrFlag                              0x2000042f   Data           1  system_core.o(.data)
    .data                                    0x20000430   Section      258  position_service.o(.data)
    Usart_Tx_Flag                            0x20000430   Data           3  position_service.o(.data)
    over_time                                0x20000434   Data           2  position_service.o(.data)
    last_time                                0x20000436   Data           8  position_service.o(.data)
    that_time                                0x2000043e   Data           8  position_service.o(.data)
    last_over_time                           0x20000446   Data           8  position_service.o(.data)
    that_over_time                           0x2000044e   Data           8  position_service.o(.data)
    last_dir                                 0x20000456   Data           4  position_service.o(.data)
    that_dir                                 0x2000045a   Data           8  position_service.o(.data)
    street_width                             0x20000464   Data          24  position_service.o(.data)
    MechanicalArm_State                      0x2000047c   Data           1  position_service.o(.data)
    MechanicalArm_Mode                       0x2000047d   Data           1  position_service.o(.data)
    ArmLen                                   0x2000047e   Data           3  position_service.o(.data)
    ArmLen2                                  0x20000482   Data           6  position_service.o(.data)
    Reset_Width                              0x20000488   Data          10  position_service.o(.data)
    StateEnd_Width                           0x20000492   Data          10  position_service.o(.data)
    Target_Width                             0x2000049c   Data          10  position_service.o(.data)
    Width_IncReset                           0x200004a6   Data           5  position_service.o(.data)
    Width_Inc                                0x200004ab   Data           5  position_service.o(.data)
    openmv_state                             0x200004b0   Data           1  position_service.o(.data)
    openmv_fps                               0x200004b1   Data           1  position_service.o(.data)
    wifi_state                               0x200004b2   Data           1  position_service.o(.data)
    Vofa_Sbuffer                             0x200004b4   Data          44  position_service.o(.data)
    Init_Code                                0x200004e0   Data           4  position_service.o(.data)
    Visit_Code                               0x200004e4   Data           4  position_service.o(.data)
    Reset_Code                               0x200004e8   Data           4  position_service.o(.data)
    Yaw                                      0x200004ec   Data           4  position_service.o(.data)
    Yaw_Err                                  0x200004f0   Data           4  position_service.o(.data)
    RunState                                 0x200004f4   Data           1  position_service.o(.data)
    TargetPosition                           0x200004f8   Data           8  position_service.o(.data)
    ReturnState                              0x20000500   Data           1  position_service.o(.data)
    SysTime                                  0x20000504   Data           4  position_service.o(.data)
    SysSubTime                               0x20000508   Data           4  position_service.o(.data)
    SystemState                              0x2000050c   Data           1  position_service.o(.data)
    BeatTaskNum                              0x2000050d   Data           1  position_service.o(.data)
    ContinueTaskNum                          0x2000050e   Data           1  position_service.o(.data)
    position                                 0x20000510   Data           8  position_service.o(.data)
    Err_Yaw                                  0x20000518   Data           4  position_service.o(.data)
    Target_Yaw                               0x2000051c   Data           4  position_service.o(.data)
    Target_Position                          0x20000520   Data           8  position_service.o(.data)
    Err_Position                             0x20000528   Data           8  position_service.o(.data)
    Position_State                           0x20000530   Data           1  position_service.o(.data)
    Position_Mode                            0x20000531   Data           1  position_service.o(.data)
    .data                                    0x20000534   Section      258  mechanicalarm_service.o(.data)
    Usart_Tx_Flag                            0x20000534   Data           3  mechanicalarm_service.o(.data)
    over_time                                0x20000538   Data           2  mechanicalarm_service.o(.data)
    last_time                                0x2000053a   Data           8  mechanicalarm_service.o(.data)
    that_time                                0x20000542   Data           8  mechanicalarm_service.o(.data)
    last_over_time                           0x2000054a   Data           8  mechanicalarm_service.o(.data)
    that_over_time                           0x20000552   Data           8  mechanicalarm_service.o(.data)
    last_dir                                 0x2000055a   Data           4  mechanicalarm_service.o(.data)
    that_dir                                 0x2000055e   Data           8  mechanicalarm_service.o(.data)
    street_width                             0x20000568   Data          24  mechanicalarm_service.o(.data)
    position                                 0x20000580   Data           8  mechanicalarm_service.o(.data)
    Err_Yaw                                  0x20000588   Data           4  mechanicalarm_service.o(.data)
    Target_Yaw                               0x2000058c   Data           4  mechanicalarm_service.o(.data)
    Target_Position                          0x20000590   Data           8  mechanicalarm_service.o(.data)
    Err_Position                             0x20000598   Data           8  mechanicalarm_service.o(.data)
    Position_State                           0x200005a0   Data           1  mechanicalarm_service.o(.data)
    Position_Mode                            0x200005a1   Data           1  mechanicalarm_service.o(.data)
    openmv_state                             0x200005a2   Data           1  mechanicalarm_service.o(.data)
    openmv_fps                               0x200005a3   Data           1  mechanicalarm_service.o(.data)
    wifi_state                               0x200005a4   Data           1  mechanicalarm_service.o(.data)
    Vofa_Sbuffer                             0x200005a8   Data          44  mechanicalarm_service.o(.data)
    Init_Code                                0x200005d4   Data           4  mechanicalarm_service.o(.data)
    Visit_Code                               0x200005d8   Data           4  mechanicalarm_service.o(.data)
    Reset_Code                               0x200005dc   Data           4  mechanicalarm_service.o(.data)
    Yaw                                      0x200005e0   Data           4  mechanicalarm_service.o(.data)
    Yaw_Err                                  0x200005e4   Data           4  mechanicalarm_service.o(.data)
    RunState                                 0x200005e8   Data           1  mechanicalarm_service.o(.data)
    TargetPosition                           0x200005ec   Data           8  mechanicalarm_service.o(.data)
    ReturnState                              0x200005f4   Data           1  mechanicalarm_service.o(.data)
    SysTime                                  0x200005f8   Data           4  mechanicalarm_service.o(.data)
    SysSubTime                               0x200005fc   Data           4  mechanicalarm_service.o(.data)
    SystemState                              0x20000600   Data           1  mechanicalarm_service.o(.data)
    BeatTaskNum                              0x20000601   Data           1  mechanicalarm_service.o(.data)
    ContinueTaskNum                          0x20000602   Data           1  mechanicalarm_service.o(.data)
    MechanicalArm_State                      0x20000603   Data           1  mechanicalarm_service.o(.data)
    MechanicalArm_Mode                       0x20000604   Data           1  mechanicalarm_service.o(.data)
    ArmLen                                   0x20000605   Data           3  mechanicalarm_service.o(.data)
    ArmLen2                                  0x20000608   Data           6  mechanicalarm_service.o(.data)
    Reset_Width                              0x2000060e   Data          10  mechanicalarm_service.o(.data)
    StateEnd_Width                           0x20000618   Data          10  mechanicalarm_service.o(.data)
    Target_Width                             0x20000622   Data          10  mechanicalarm_service.o(.data)
    Width_IncReset                           0x2000062c   Data           5  mechanicalarm_service.o(.data)
    Width_Inc                                0x20000631   Data           5  mechanicalarm_service.o(.data)
    .data                                    0x20000638   Section      258  debug_app.o(.data)
    Usart_Tx_Flag                            0x20000638   Data           3  debug_app.o(.data)
    over_time                                0x2000063c   Data           2  debug_app.o(.data)
    last_time                                0x2000063e   Data           8  debug_app.o(.data)
    that_time                                0x20000646   Data           8  debug_app.o(.data)
    last_over_time                           0x2000064e   Data           8  debug_app.o(.data)
    that_over_time                           0x20000656   Data           8  debug_app.o(.data)
    last_dir                                 0x2000065e   Data           4  debug_app.o(.data)
    that_dir                                 0x20000662   Data           8  debug_app.o(.data)
    street_width                             0x2000066c   Data          24  debug_app.o(.data)
    MechanicalArm_State                      0x20000684   Data           1  debug_app.o(.data)
    MechanicalArm_Mode                       0x20000685   Data           1  debug_app.o(.data)
    ArmLen                                   0x20000686   Data           3  debug_app.o(.data)
    ArmLen2                                  0x2000068a   Data           6  debug_app.o(.data)
    Reset_Width                              0x20000690   Data          10  debug_app.o(.data)
    StateEnd_Width                           0x2000069a   Data          10  debug_app.o(.data)
    Target_Width                             0x200006a4   Data          10  debug_app.o(.data)
    Width_IncReset                           0x200006ae   Data           5  debug_app.o(.data)
    Width_Inc                                0x200006b3   Data           5  debug_app.o(.data)
    position                                 0x200006b8   Data           8  debug_app.o(.data)
    Err_Yaw                                  0x200006c0   Data           4  debug_app.o(.data)
    Target_Yaw                               0x200006c4   Data           4  debug_app.o(.data)
    Target_Position                          0x200006c8   Data           8  debug_app.o(.data)
    Err_Position                             0x200006d0   Data           8  debug_app.o(.data)
    Position_State                           0x200006d8   Data           1  debug_app.o(.data)
    Position_Mode                            0x200006d9   Data           1  debug_app.o(.data)
    openmv_state                             0x200006da   Data           1  debug_app.o(.data)
    openmv_fps                               0x200006db   Data           1  debug_app.o(.data)
    wifi_state                               0x200006dc   Data           1  debug_app.o(.data)
    Vofa_Sbuffer                             0x200006e0   Data          44  debug_app.o(.data)
    Init_Code                                0x2000070c   Data           4  debug_app.o(.data)
    Visit_Code                               0x20000710   Data           4  debug_app.o(.data)
    Reset_Code                               0x20000714   Data           4  debug_app.o(.data)
    Yaw                                      0x20000718   Data           4  debug_app.o(.data)
    Yaw_Err                                  0x2000071c   Data           4  debug_app.o(.data)
    RunState                                 0x20000720   Data           1  debug_app.o(.data)
    TargetPosition                           0x20000724   Data           8  debug_app.o(.data)
    SysTime                                  0x2000072c   Data           4  debug_app.o(.data)
    SysSubTime                               0x20000730   Data           4  debug_app.o(.data)
    SystemState                              0x20000734   Data           1  debug_app.o(.data)
    BeatTaskNum                              0x20000735   Data           1  debug_app.o(.data)
    ContinueTaskNum                          0x20000736   Data           1  debug_app.o(.data)
    ReturnState                              0x20000737   Data           1  debug_app.o(.data)
    StreetNum                                0x20000738   Data           1  debug_app.o(.data)
    Inc_Dir                                  0x20000739   Data           1  debug_app.o(.data)
    .data                                    0x2000073c   Section        4  stdout.o(.data)
    .bss                                     0x20000740   Section      992  motor_driver.o(.bss)
    Usart_Sbuffer                            0x20000740   Data         192  motor_driver.o(.bss)
    PID_Struct                               0x20000800   Data          64  motor_driver.o(.bss)
    PWM                                      0x20000840   Data          16  motor_driver.o(.bss)
    Target_Speed                             0x20000850   Data          16  motor_driver.o(.bss)
    Position_Speed                           0x20000860   Data          16  motor_driver.o(.bss)
    Yaw_Speed                                0x20000870   Data          16  motor_driver.o(.bss)
    OpenMV_Sbuffer                           0x20000880   Data         128  motor_driver.o(.bss)
    BeatTaskList                             0x20000900   Data         256  motor_driver.o(.bss)
    ContinueTaskList                         0x20000a00   Data         256  motor_driver.o(.bss)
    distance                                 0x20000b00   Data          16  motor_driver.o(.bss)
    speed                                    0x20000b10   Data          16  motor_driver.o(.bss)
    .bss                                     0x20000b20   Section     1120  usart.o(.bss)
    distance                                 0x20000b20   Data          16  usart.o(.bss)
    PID_Struct                               0x20000b30   Data          64  usart.o(.bss)
    PWM                                      0x20000b70   Data          16  usart.o(.bss)
    Target_Speed                             0x20000b80   Data          16  usart.o(.bss)
    Position_Speed                           0x20000b90   Data          16  usart.o(.bss)
    Yaw_Speed                                0x20000ba0   Data          16  usart.o(.bss)
    OpenMV_Sbuffer                           0x20000bb0   Data         128  usart.o(.bss)
    BeatTaskList                             0x20000c30   Data         256  usart.o(.bss)
    ContinueTaskList                         0x20000d30   Data         256  usart.o(.bss)
    Usart_Sbuffer                            0x20000e30   Data         192  usart.o(.bss)
    Usart1_Tx_Sbuffer                        0x20000ef0   Data          48  usart.o(.bss)
    Usart2_Tx_Sbuffer                        0x20000f20   Data          48  usart.o(.bss)
    Usart3_Tx_Sbuffer                        0x20000f50   Data          48  usart.o(.bss)
    .bss                                     0x20000f80   Section      976  system_core.o(.bss)
    Usart_Sbuffer                            0x20000f80   Data         192  system_core.o(.bss)
    distance                                 0x20001040   Data          16  system_core.o(.bss)
    PID_Struct                               0x20001050   Data          64  system_core.o(.bss)
    PWM                                      0x20001090   Data          16  system_core.o(.bss)
    Target_Speed                             0x200010a0   Data          16  system_core.o(.bss)
    Position_Speed                           0x200010b0   Data          16  system_core.o(.bss)
    Yaw_Speed                                0x200010c0   Data          16  system_core.o(.bss)
    OpenMV_Sbuffer                           0x200010d0   Data         128  system_core.o(.bss)
    BeatTaskList                             0x20001150   Data         256  system_core.o(.bss)
    ContinueTaskList                         0x20001250   Data         256  system_core.o(.bss)
    .bss                                     0x20001350   Section      976  position_service.o(.bss)
    Usart_Sbuffer                            0x20001350   Data         192  position_service.o(.bss)
    distance                                 0x20001410   Data          16  position_service.o(.bss)
    OpenMV_Sbuffer                           0x20001420   Data         128  position_service.o(.bss)
    BeatTaskList                             0x200014a0   Data         256  position_service.o(.bss)
    ContinueTaskList                         0x200015a0   Data         256  position_service.o(.bss)
    PID_Struct                               0x200016a0   Data          64  position_service.o(.bss)
    PWM                                      0x200016e0   Data          16  position_service.o(.bss)
    Target_Speed                             0x200016f0   Data          16  position_service.o(.bss)
    Position_Speed                           0x20001700   Data          16  position_service.o(.bss)
    Yaw_Speed                                0x20001710   Data          16  position_service.o(.bss)
    STACK                                    0x20001720   Section     1024  startup_stm32f10x_hd.o(STACK)

    Global Symbols

    Symbol Name                              Value     Ov Type        Size  Object(Section)

    BuildAttributes$$THM_ISAv4$P$D$K$B$S$PE$A:L22UL41UL21$X:L11$S22US41US21$IEEE1$IW$USESV6$~STKCKD$USESV7$~SHL$OTIME$ROPI$IEEEX$EBA8$MICROLIB$REQ8$PRES8$EABIv2 0x00000000   Number         0  anon$$obj.o ABSOLUTE
    __ARM_use_no_argv                        0x00000000   Number         0  main.o ABSOLUTE
    _printf_a                                0x00000000   Number         0  stubs.o ABSOLUTE
    _printf_c                                0x00000000   Number         0  stubs.o ABSOLUTE
    _printf_charcount                        0x00000000   Number         0  stubs.o ABSOLUTE
    _printf_d                                0x00000000   Number         0  stubs.o ABSOLUTE
    _printf_e                                0x00000000   Number         0  stubs.o ABSOLUTE
    _printf_f                                0x00000000   Number         0  stubs.o ABSOLUTE
    _printf_flags                            0x00000000   Number         0  stubs.o ABSOLUTE
    _printf_fp_dec                           0x00000000   Number         0  stubs.o ABSOLUTE
    _printf_fp_hex                           0x00000000   Number         0  stubs.o ABSOLUTE
    _printf_g                                0x00000000   Number         0  stubs.o ABSOLUTE
    _printf_i                                0x00000000   Number         0  stubs.o ABSOLUTE
    _printf_int_dec                          0x00000000   Number         0  stubs.o ABSOLUTE
    _printf_l                                0x00000000   Number         0  stubs.o ABSOLUTE
    _printf_lc                               0x00000000   Number         0  stubs.o ABSOLUTE
    _printf_ll                               0x00000000   Number         0  stubs.o ABSOLUTE
    _printf_lld                              0x00000000   Number         0  stubs.o ABSOLUTE
    _printf_lli                              0x00000000   Number         0  stubs.o ABSOLUTE
    _printf_llo                              0x00000000   Number         0  stubs.o ABSOLUTE
    _printf_llu                              0x00000000   Number         0  stubs.o ABSOLUTE
    _printf_llx                              0x00000000   Number         0  stubs.o ABSOLUTE
    _printf_longlong_dec                     0x00000000   Number         0  stubs.o ABSOLUTE
    _printf_longlong_hex                     0x00000000   Number         0  stubs.o ABSOLUTE
    _printf_longlong_oct                     0x00000000   Number         0  stubs.o ABSOLUTE
    _printf_ls                               0x00000000   Number         0  stubs.o ABSOLUTE
    _printf_mbtowc                           0x00000000   Number         0  stubs.o ABSOLUTE
    _printf_n                                0x00000000   Number         0  stubs.o ABSOLUTE
    _printf_o                                0x00000000   Number         0  stubs.o ABSOLUTE
    _printf_p                                0x00000000   Number         0  stubs.o ABSOLUTE
    _printf_percent                          0x00000000   Number         0  stubs.o ABSOLUTE
    _printf_pre_padding                      0x00000000   Number         0  stubs.o ABSOLUTE
    _printf_return_value                     0x00000000   Number         0  stubs.o ABSOLUTE
    _printf_s                                0x00000000   Number         0  stubs.o ABSOLUTE
    _printf_sizespec                         0x00000000   Number         0  stubs.o ABSOLUTE
    _printf_str                              0x00000000   Number         0  stubs.o ABSOLUTE
    _printf_truncate_signed                  0x00000000   Number         0  stubs.o ABSOLUTE
    _printf_truncate_unsigned                0x00000000   Number         0  stubs.o ABSOLUTE
    _printf_u                                0x00000000   Number         0  stubs.o ABSOLUTE
    _printf_wc                               0x00000000   Number         0  stubs.o ABSOLUTE
    _printf_wctomb                           0x00000000   Number         0  stubs.o ABSOLUTE
    _printf_widthprec                        0x00000000   Number         0  stubs.o ABSOLUTE
    _printf_x                                0x00000000   Number         0  stubs.o ABSOLUTE
    __cpp_initialize__aeabi_                  - Undefined Weak Reference
    __cxa_finalize                            - Undefined Weak Reference
    _clock_init                               - Undefined Weak Reference
    _microlib_exit                            - Undefined Weak Reference
    __Vectors_Size                           0x00000130   Number         0  startup_stm32f10x_hd.o ABSOLUTE
    __Vectors                                0x08000000   Data           4  startup_stm32f10x_hd.o(RESET)
    __Vectors_End                            0x08000130   Data           0  startup_stm32f10x_hd.o(RESET)
    __main                                   0x08000131   Thumb Code     0  entry.o(.ARM.Collect$$$$00000000)
    _main_stk                                0x08000131   Thumb Code     0  entry2.o(.ARM.Collect$$$$00000001)
    _main_scatterload                        0x08000135   Thumb Code     0  entry5.o(.ARM.Collect$$$$00000004)
    __main_after_scatterload                 0x08000139   Thumb Code     0  entry5.o(.ARM.Collect$$$$00000004)
    _main_clock                              0x08000139   Thumb Code     0  entry7b.o(.ARM.Collect$$$$00000008)
    _main_cpp_init                           0x08000139   Thumb Code     0  entry8b.o(.ARM.Collect$$$$0000000A)
    _main_init                               0x08000139   Thumb Code     0  entry9a.o(.ARM.Collect$$$$0000000B)
    __rt_final_cpp                           0x08000141   Thumb Code     0  entry10a.o(.ARM.Collect$$$$0000000D)
    __rt_final_exit                          0x08000141   Thumb Code     0  entry11a.o(.ARM.Collect$$$$0000000F)
    Reset_Handler                            0x08000145   Thumb Code     8  startup_stm32f10x_hd.o(.text)
    ADC1_2_IRQHandler                        0x0800015f   Thumb Code     0  startup_stm32f10x_hd.o(.text)
    ADC3_IRQHandler                          0x0800015f   Thumb Code     0  startup_stm32f10x_hd.o(.text)
    CAN1_RX1_IRQHandler                      0x0800015f   Thumb Code     0  startup_stm32f10x_hd.o(.text)
    CAN1_SCE_IRQHandler                      0x0800015f   Thumb Code     0  startup_stm32f10x_hd.o(.text)
    DMA1_Channel1_IRQHandler                 0x0800015f   Thumb Code     0  startup_stm32f10x_hd.o(.text)
    DMA1_Channel3_IRQHandler                 0x0800015f   Thumb Code     0  startup_stm32f10x_hd.o(.text)
    DMA1_Channel5_IRQHandler                 0x0800015f   Thumb Code     0  startup_stm32f10x_hd.o(.text)
    DMA1_Channel6_IRQHandler                 0x0800015f   Thumb Code     0  startup_stm32f10x_hd.o(.text)
    DMA2_Channel1_IRQHandler                 0x0800015f   Thumb Code     0  startup_stm32f10x_hd.o(.text)
    DMA2_Channel2_IRQHandler                 0x0800015f   Thumb Code     0  startup_stm32f10x_hd.o(.text)
    DMA2_Channel3_IRQHandler                 0x0800015f   Thumb Code     0  startup_stm32f10x_hd.o(.text)
    DMA2_Channel4_5_IRQHandler               0x0800015f   Thumb Code     0  startup_stm32f10x_hd.o(.text)
    EXTI15_10_IRQHandler                     0x0800015f   Thumb Code     0  startup_stm32f10x_hd.o(.text)
    EXTI1_IRQHandler                         0x0800015f   Thumb Code     0  startup_stm32f10x_hd.o(.text)
    EXTI3_IRQHandler                         0x0800015f   Thumb Code     0  startup_stm32f10x_hd.o(.text)
    FLASH_IRQHandler                         0x0800015f   Thumb Code     0  startup_stm32f10x_hd.o(.text)
    FSMC_IRQHandler                          0x0800015f   Thumb Code     0  startup_stm32f10x_hd.o(.text)
    I2C1_ER_IRQHandler                       0x0800015f   Thumb Code     0  startup_stm32f10x_hd.o(.text)
    I2C1_EV_IRQHandler                       0x0800015f   Thumb Code     0  startup_stm32f10x_hd.o(.text)
    I2C2_ER_IRQHandler                       0x0800015f   Thumb Code     0  startup_stm32f10x_hd.o(.text)
    I2C2_EV_IRQHandler                       0x0800015f   Thumb Code     0  startup_stm32f10x_hd.o(.text)
    PVD_IRQHandler                           0x0800015f   Thumb Code     0  startup_stm32f10x_hd.o(.text)
    RCC_IRQHandler                           0x0800015f   Thumb Code     0  startup_stm32f10x_hd.o(.text)
    RTCAlarm_IRQHandler                      0x0800015f   Thumb Code     0  startup_stm32f10x_hd.o(.text)
    RTC_IRQHandler                           0x0800015f   Thumb Code     0  startup_stm32f10x_hd.o(.text)
    SDIO_IRQHandler                          0x0800015f   Thumb Code     0  startup_stm32f10x_hd.o(.text)
    SPI1_IRQHandler                          0x0800015f   Thumb Code     0  startup_stm32f10x_hd.o(.text)
    SPI2_IRQHandler                          0x0800015f   Thumb Code     0  startup_stm32f10x_hd.o(.text)
    SPI3_IRQHandler                          0x0800015f   Thumb Code     0  startup_stm32f10x_hd.o(.text)
    TAMPER_IRQHandler                        0x0800015f   Thumb Code     0  startup_stm32f10x_hd.o(.text)
    TIM1_BRK_IRQHandler                      0x0800015f   Thumb Code     0  startup_stm32f10x_hd.o(.text)
    TIM1_CC_IRQHandler                       0x0800015f   Thumb Code     0  startup_stm32f10x_hd.o(.text)
    TIM1_TRG_COM_IRQHandler                  0x0800015f   Thumb Code     0  startup_stm32f10x_hd.o(.text)
    TIM1_UP_IRQHandler                       0x0800015f   Thumb Code     0  startup_stm32f10x_hd.o(.text)
    TIM2_IRQHandler                          0x0800015f   Thumb Code     0  startup_stm32f10x_hd.o(.text)
    TIM3_IRQHandler                          0x0800015f   Thumb Code     0  startup_stm32f10x_hd.o(.text)
    TIM4_IRQHandler                          0x0800015f   Thumb Code     0  startup_stm32f10x_hd.o(.text)
    TIM5_IRQHandler                          0x0800015f   Thumb Code     0  startup_stm32f10x_hd.o(.text)
    TIM8_BRK_IRQHandler                      0x0800015f   Thumb Code     0  startup_stm32f10x_hd.o(.text)
    TIM8_CC_IRQHandler                       0x0800015f   Thumb Code     0  startup_stm32f10x_hd.o(.text)
    TIM8_TRG_COM_IRQHandler                  0x0800015f   Thumb Code     0  startup_stm32f10x_hd.o(.text)
    TIM8_UP_IRQHandler                       0x0800015f   Thumb Code     0  startup_stm32f10x_hd.o(.text)
    UART4_IRQHandler                         0x0800015f   Thumb Code     0  startup_stm32f10x_hd.o(.text)
    UART5_IRQHandler                         0x0800015f   Thumb Code     0  startup_stm32f10x_hd.o(.text)
    USBWakeUp_IRQHandler                     0x0800015f   Thumb Code     0  startup_stm32f10x_hd.o(.text)
    USB_HP_CAN1_TX_IRQHandler                0x0800015f   Thumb Code     0  startup_stm32f10x_hd.o(.text)
    USB_LP_CAN1_RX0_IRQHandler               0x0800015f   Thumb Code     0  startup_stm32f10x_hd.o(.text)
    WWDG_IRQHandler                          0x0800015f   Thumb Code     0  startup_stm32f10x_hd.o(.text)
    __aeabi_ldivmod                          0x08000169   Thumb Code    98  ldiv.o(.text)
    __aeabi_fadd                             0x080001cb   Thumb Code   164  fadd.o(.text)
    __aeabi_fsub                             0x0800026f   Thumb Code     6  fadd.o(.text)
    __aeabi_frsub                            0x08000275   Thumb Code     6  fadd.o(.text)
    __aeabi_fmul                             0x0800027b   Thumb Code   100  fmul.o(.text)
    __aeabi_dadd                             0x080002df   Thumb Code   322  dadd.o(.text)
    __aeabi_dsub                             0x08000421   Thumb Code     6  dadd.o(.text)
    __aeabi_drsub                            0x08000427   Thumb Code     6  dadd.o(.text)
    __aeabi_dmul                             0x0800042d   Thumb Code   228  dmul.o(.text)
    __aeabi_i2f                              0x08000511   Thumb Code    18  fflti.o(.text)
    __aeabi_f2iz                             0x08000523   Thumb Code    50  ffixi.o(.text)
    __aeabi_f2d                              0x08000555   Thumb Code    38  f2d.o(.text)
    __aeabi_d2f                              0x0800057b   Thumb Code    56  d2f.o(.text)
    __aeabi_cfcmpeq                          0x080005b5   Thumb Code     0  cfcmple.o(.text)
    __aeabi_cfcmple                          0x080005b5   Thumb Code    20  cfcmple.o(.text)
    __aeabi_uidiv                            0x080005c9   Thumb Code     0  uidiv.o(.text)
    __aeabi_uidivmod                         0x080005c9   Thumb Code    44  uidiv.o(.text)
    __aeabi_uldivmod                         0x080005f5   Thumb Code    98  uldiv.o(.text)
    __aeabi_llsl                             0x08000657   Thumb Code    30  llshl.o(.text)
    _ll_shift_l                              0x08000657   Thumb Code     0  llshl.o(.text)
    __aeabi_llsr                             0x08000675   Thumb Code    32  llushr.o(.text)
    _ll_ushift_r                             0x08000675   Thumb Code     0  llushr.o(.text)
    __aeabi_lasr                             0x08000695   Thumb Code    36  llsshr.o(.text)
    _ll_sshift_r                             0x08000695   Thumb Code     0  llsshr.o(.text)
    __I$use$fp                               0x080006b9   Thumb Code     0  iusefp.o(.text)
    _float_round                             0x080006b9   Thumb Code    18  fepilogue.o(.text)
    _float_epilogue                          0x080006cb   Thumb Code    92  fepilogue.o(.text)
    _double_round                            0x08000727   Thumb Code    30  depilogue.o(.text)
    _double_epilogue                         0x08000745   Thumb Code   156  depilogue.o(.text)
    __scatterload                            0x080007e1   Thumb Code    28  init.o(.text)
    __scatterload_rt2                        0x080007e1   Thumb Code     0  init.o(.text)
    __decompress                             0x08000805   Thumb Code     0  __dclz77c.o(.text)
    __decompress2                            0x08000805   Thumb Code    94  __dclz77c.o(.text)
    BusFault_Handler                         0x08000863   Thumb Code     4  stm32f10x_it.o(i.BusFault_Handler)
    DMA1_Channel2_IRQHandler                 0x08000869   Thumb Code    32  usart.o(i.DMA1_Channel2_IRQHandler)
    DMA1_Channel4_IRQHandler                 0x0800088d   Thumb Code    36  usart.o(i.DMA1_Channel4_IRQHandler)
    DMA1_Channel7_IRQHandler                 0x080008b5   Thumb Code    36  usart.o(i.DMA1_Channel7_IRQHandler)
    DMA_ClearFlag                            0x080008dd   Thumb Code    18  stm32f10x_dma.o(i.DMA_ClearFlag)
    DMA_Cmd                                  0x080008f9   Thumb Code    24  stm32f10x_dma.o(i.DMA_Cmd)
    DMA_DeInit                               0x08000911   Thumb Code   324  stm32f10x_dma.o(i.DMA_DeInit)
    DMA_GetITStatus                          0x08000a5d   Thumb Code    36  stm32f10x_dma.o(i.DMA_GetITStatus)
    DMA_ITConfig                             0x08000a89   Thumb Code    18  stm32f10x_dma.o(i.DMA_ITConfig)
    DMA_Init                                 0x08000a9b   Thumb Code    60  stm32f10x_dma.o(i.DMA_Init)
    DMA_SetCurrDataCounter                   0x08000ad7   Thumb Code     4  stm32f10x_dma.o(i.DMA_SetCurrDataCounter)
    DebugMon_Handler                         0x08000adb   Thumb Code     2  stm32f10x_it.o(i.DebugMon_Handler)
    Disitance_clear                          0x08000add   Thumb Code    22  motor_driver.o(i.Disitance_clear)
    EXTI0_IRQHandler                         0x08000af9   Thumb Code   106  motor_driver.o(i.EXTI0_IRQHandler)
    EXTI2_IRQHandler                         0x08000b8d   Thumb Code   106  motor_driver.o(i.EXTI2_IRQHandler)
    EXTI4_IRQHandler                         0x08000c21   Thumb Code   106  motor_driver.o(i.EXTI4_IRQHandler)
    EXTI9_5_IRQHandler                       0x08000cb5   Thumb Code   106  motor_driver.o(i.EXTI9_5_IRQHandler)
    EXTI_ClearFlag                           0x08000d49   Thumb Code     6  stm32f10x_exti.o(i.EXTI_ClearFlag)
    EXTI_ClearITPendingBit                   0x08000d55   Thumb Code     6  stm32f10x_exti.o(i.EXTI_ClearITPendingBit)
    EXTI_GetITStatus                         0x08000d61   Thumb Code    34  stm32f10x_exti.o(i.EXTI_GetITStatus)
    EXTI_Init                                0x08000d89   Thumb Code   142  stm32f10x_exti.o(i.EXTI_Init)
    GPIO_EXTILineConfig                      0x08000e1d   Thumb Code    60  stm32f10x_gpio.o(i.GPIO_EXTILineConfig)
    GPIO_Init                                0x08000e5d   Thumb Code   278  stm32f10x_gpio.o(i.GPIO_Init)
    GPIO_ReadInputDataBit                    0x08000f73   Thumb Code    18  stm32f10x_gpio.o(i.GPIO_ReadInputDataBit)
    GPIO_ResetBits                           0x08000f85   Thumb Code     4  stm32f10x_gpio.o(i.GPIO_ResetBits)
    GPIO_SetBits                             0x08000f89   Thumb Code     4  stm32f10x_gpio.o(i.GPIO_SetBits)
    Gyroscope_Init                           0x08000f8d   Thumb Code    50  gyroscope.o(i.Gyroscope_Init)
    Gyroscope_ReadYaw                        0x08000fcd   Thumb Code    12  gyroscope.o(i.Gyroscope_ReadYaw)
    Gyroscope_RequestUpdata                  0x08000fdd   Thumb Code    18  gyroscope.o(i.Gyroscope_RequestUpdata)
    Gyroscope_YawUpdata                      0x08000ff5   Thumb Code    38  gyroscope.o(i.Gyroscope_YawUpdata)
    Hall_EXTI_Config                         0x08001025   Thumb Code   160  motor_init.o(i.Hall_EXTI_Config)
    Hall_GPIO_Config                         0x080010c5   Thumb Code    32  motor_init.o(i.Hall_GPIO_Config)
    Hall_TIM_Config                          0x080010e9   Thumb Code    98  motor_init.o(i.Hall_TIM_Config)
    HardFault_Handler                        0x08001151   Thumb Code     4  stm32f10x_it.o(i.HardFault_Handler)
    IIC_Init                                 0x08001155   Thumb Code    60  iic.o(i.IIC_Init)
    IIC_SendByte                             0x08001195   Thumb Code    70  iic.o(i.IIC_SendByte)
    IIC_Start                                0x080011e1   Thumb Code    44  iic.o(i.IIC_Start)
    IIC_Stop                                 0x08001211   Thumb Code    34  iic.o(i.IIC_Stop)
    IIC_WaitACK                              0x08001239   Thumb Code    24  iic.o(i.IIC_WaitACK)
    Inc_PID                                  0x08001255   Thumb Code   160  position_service.o(i.Inc_PID)
    Inc_PID_Realiz                           0x08001309   Thumb Code   142  position_service.o(i.Inc_PID_Realiz)
    MechanicalArm_Debug                      0x080013a5   Thumb Code   168  debug_app.o(i.MechanicalArm_Debug)
    MechanicalArm_Reset                      0x08001475   Thumb Code    40  mechanicalarm_service.o(i.MechanicalArm_Reset)
    MechanicalArm_Service                    0x080014a5   Thumb Code    38  mechanicalarm_service.o(i.MechanicalArm_Service)
    MechanicalArm_StateUpdata                0x080014dd   Thumb Code    20  mechanicalarm_service.o(i.MechanicalArm_StateUpdata)
    MechanicalArm_WidthInc                   0x080014f5   Thumb Code   124  mechanicalarm_service.o(i.MechanicalArm_WidthInc)
    MechanicalArm_WidthSet                   0x0800157d   Thumb Code    28  mechanicalarm_service.o(i.MechanicalArm_WidthSet)
    MemManage_Handler                        0x0800159d   Thumb Code     4  stm32f10x_it.o(i.MemManage_Handler)
    Motor_GPIO_Config                        0x080015a1   Thumb Code    40  motor_init.o(i.Motor_GPIO_Config)
    Motor_Init                               0x080015cd   Thumb Code    28  motor_init.o(i.Motor_Init)
    Motor_TIM_Config                         0x080015e9   Thumb Code   148  motor_init.o(i.Motor_TIM_Config)
    NMI_Handler                              0x08001681   Thumb Code     2  stm32f10x_it.o(i.NMI_Handler)
    NVIC_Init                                0x08001685   Thumb Code   100  misc.o(i.NVIC_Init)
    NVIC_PriorityGroupConfig                 0x080016f5   Thumb Code    10  misc.o(i.NVIC_PriorityGroupConfig)
    OLED_Clear                               0x08001709   Thumb Code    44  oled.o(i.OLED_Clear)
    OLED_FB_Task                             0x08001735   Thumb Code    80  system_core.o(i.OLED_FB_Task)
    OLED_Init                                0x080017a9   Thumb Code   232  oled.o(i.OLED_Init)
    OLED_PosSet                              0x08001891   Thumb Code    54  oled.o(i.OLED_PosSet)
    OLED_SendByte                            0x080018c7   Thumb Code    56  oled.o(i.OLED_SendByte)
    OLED_ShowChar                            0x08001901   Thumb Code   162  oled.o(i.OLED_ShowChar)
    OLED_ShowNum                             0x080019ad   Thumb Code   144  oled.o(i.OLED_ShowNum)
    OLED_ShowString                          0x08001a3d   Thumb Code    76  oled.o(i.OLED_ShowString)
    PCB_System_Init                          0x08001a89   Thumb Code   260  system_core.o(i.PCB_System_Init)
    PWM_Out                                  0x08001bbd   Thumb Code   396  motor_driver.o(i.PWM_Out)
    PendSV_Handler                           0x08001d51   Thumb Code     2  stm32f10x_it.o(i.PendSV_Handler)
    PositionClr_Service                      0x08001d55   Thumb Code    70  position_service.o(i.PositionClr_Service)
    PositionSpeed_Config                     0x08001da9   Thumb Code   106  position_service.o(i.PositionSpeed_Config)
    PositionState_Inc                        0x08001e1d   Thumb Code    18  position_service.o(i.PositionState_Inc)
    PositionState_Updata                     0x08001e35   Thumb Code   114  position_service.o(i.PositionState_Updata)
    Position_Stop                            0x08001eb5   Thumb Code    34  position_service.o(i.Position_Stop)
    Position_Update                          0x08001ee5   Thumb Code   120  position_service.o(i.Position_Update)
    RCC_AHBPeriphClockCmd                    0x08001f71   Thumb Code    26  stm32f10x_rcc.o(i.RCC_AHBPeriphClockCmd)
    RCC_APB1PeriphClockCmd                   0x08001f91   Thumb Code    26  stm32f10x_rcc.o(i.RCC_APB1PeriphClockCmd)
    RCC_APB2PeriphClockCmd                   0x08001fb1   Thumb Code    26  stm32f10x_rcc.o(i.RCC_APB2PeriphClockCmd)
    RCC_GetClocksFreq                        0x08001fd1   Thumb Code   192  stm32f10x_rcc.o(i.RCC_GetClocksFreq)
    Read_Distance                            0x080020a5   Thumb Code     4  motor_driver.o(i.Read_Distance)
    Read_Speed                               0x080020ad   Thumb Code   298  motor_driver.o(i.Read_Speed)
    Read_SysSubTime                          0x08002201   Thumb Code     6  system_core.o(i.Read_SysSubTime)
    Read_Usart_Sbuffer                       0x0800220d   Thumb Code    12  usart.o(i.Read_Usart_Sbuffer)
    SVC_Handler                              0x0800221d   Thumb Code     2  stm32f10x_it.o(i.SVC_Handler)
    Speed_Set                                0x08002309   Thumb Code    34  position_service.o(i.Speed_Set)
    Speed_Syn                                0x08002331   Thumb Code   122  position_service.o(i.Speed_Syn)
    StreetMotor_GPIO_Config                  0x080023c1   Thumb Code    60  street_motor.o(i.StreetMotor_GPIO_Config)
    StreetMotor_Init                         0x08002405   Thumb Code    18  street_motor.o(i.StreetMotor_Init)
    StreetMotor_TIM_Config                   0x08002419   Thumb Code   212  street_motor.o(i.StreetMotor_TIM_Config)
    SysSecBeat_Config                        0x080024f1   Thumb Code    92  system_core.o(i.SysSecBeat_Config)
    SysTick_Handler                          0x08002551   Thumb Code    52  system_core.o(i.SysTick_Handler)
    SystemBeat_Task                          0x0800258d   Thumb Code     2  system_core.o(i.SystemBeat_Task)
    SystemConti_Task                         0x0800258f   Thumb Code     2  system_core.o(i.SystemConti_Task)
    SystemInit                               0x08002591   Thumb Code    78  system_stm32f10x.o(i.SystemInit)
    SystemState_Set                          0x080025f1   Thumb Code    16  system_core.o(i.SystemState_Set)
    TB6612_Init                              0x08002605   Thumb Code    50  motor_init.o(i.TB6612_Init)
    TIM6_IRQHandler                          0x0800263d   Thumb Code    34  motor_driver.o(i.TIM6_IRQHandler)
    TIM7_IRQHandler                          0x08002669   Thumb Code    34  system_core.o(i.TIM7_IRQHandler)
    TIM_ClearITPendingBit                    0x08002695   Thumb Code     6  stm32f10x_tim.o(i.TIM_ClearITPendingBit)
    TIM_Cmd                                  0x0800269b   Thumb Code    24  stm32f10x_tim.o(i.TIM_Cmd)
    TIM_GetITStatus                          0x080026b3   Thumb Code    34  stm32f10x_tim.o(i.TIM_GetITStatus)
    TIM_ITConfig                             0x080026d5   Thumb Code    18  stm32f10x_tim.o(i.TIM_ITConfig)
    TIM_OC1Init                              0x080026e9   Thumb Code   132  stm32f10x_tim.o(i.TIM_OC1Init)
    TIM_OC1PreloadConfig                     0x08002781   Thumb Code    18  stm32f10x_tim.o(i.TIM_OC1PreloadConfig)
    TIM_OC2Init                              0x08002795   Thumb Code   154  stm32f10x_tim.o(i.TIM_OC2Init)
    TIM_OC2PreloadConfig                     0x08002839   Thumb Code    26  stm32f10x_tim.o(i.TIM_OC2PreloadConfig)
    TIM_OC3Init                              0x08002855   Thumb Code   150  stm32f10x_tim.o(i.TIM_OC3Init)
    TIM_OC3PreloadConfig                     0x080028f5   Thumb Code    18  stm32f10x_tim.o(i.TIM_OC3PreloadConfig)
    TIM_OC4Init                              0x08002909   Thumb Code   114  stm32f10x_tim.o(i.TIM_OC4Init)
    TIM_OC4PreloadConfig                     0x08002985   Thumb Code    26  stm32f10x_tim.o(i.TIM_OC4PreloadConfig)
    TIM_SetCompare1                          0x0800299f   Thumb Code     4  stm32f10x_tim.o(i.TIM_SetCompare1)
    TIM_SetCompare2                          0x080029a3   Thumb Code     4  stm32f10x_tim.o(i.TIM_SetCompare2)
    TIM_SetCompare3                          0x080029a7   Thumb Code     4  stm32f10x_tim.o(i.TIM_SetCompare3)
    TIM_SetCompare4                          0x080029ab   Thumb Code     6  stm32f10x_tim.o(i.TIM_SetCompare4)
    TIM_TimeBaseInit                         0x080029b1   Thumb Code   122  stm32f10x_tim.o(i.TIM_TimeBaseInit)
    TaskList_Config                          0x08002a55   Thumb Code    86  system_core.o(i.TaskList_Config)
    USART1_IRQHandler                        0x08002abd   Thumb Code    56  usart.o(i.USART1_IRQHandler)
    USART2_IRQHandler                        0x08002afd   Thumb Code    64  usart.o(i.USART2_IRQHandler)
    USART3_IRQHandler                        0x08002b45   Thumb Code    86  usart.o(i.USART3_IRQHandler)
    USART_ClearITPendingBit                  0x08002ba5   Thumb Code    30  stm32f10x_usart.o(i.USART_ClearITPendingBit)
    USART_Cmd                                0x08002bc3   Thumb Code    24  stm32f10x_usart.o(i.USART_Cmd)
    USART_DMACmd                             0x08002bdb   Thumb Code    18  stm32f10x_usart.o(i.USART_DMACmd)
    USART_GetFlagStatus                      0x08002bed   Thumb Code    26  stm32f10x_usart.o(i.USART_GetFlagStatus)
    USART_GetITStatus                        0x08002c07   Thumb Code    84  stm32f10x_usart.o(i.USART_GetITStatus)
    USART_ITConfig                           0x08002c5b   Thumb Code    74  stm32f10x_usart.o(i.USART_ITConfig)
    USART_Init                               0x08002ca5   Thumb Code   210  stm32f10x_usart.o(i.USART_Init)
    USART_ReceiveData                        0x08002d7d   Thumb Code    10  stm32f10x_usart.o(i.USART_ReceiveData)
    USART_SendData                           0x08002d87   Thumb Code     8  stm32f10x_usart.o(i.USART_SendData)
    UsageFault_Handler                       0x08002d8f   Thumb Code     4  stm32f10x_it.o(i.UsageFault_Handler)
    Usart3_Send                              0x08002d95   Thumb Code    62  usart.o(i.Usart3_Send)
    Usart_Config                             0x08002de1   Thumb Code   300  usart.o(i.Usart_Config)
    Usart_DMA_Config                         0x08002f21   Thumb Code   290  usart.o(i.Usart_DMA_Config)
    Usart_Sbuffer_Clear                      0x08003061   Thumb Code    14  usart.o(i.Usart_Sbuffer_Clear)
    Usart_Sbuffer_Push                       0x08003075   Thumb Code    96  usart.o(i.Usart_Sbuffer_Push)
    Usart_TxFlag_Clear                       0x080030d9   Thumb Code    10  usart.o(i.Usart_TxFlag_Clear)
    Wait_Gyroscope                           0x080030e9   Thumb Code    98  gyroscope.o(i.Wait_Gyroscope)
    YawSpeed_Config                          0x08003161   Thumb Code    96  position_service.o(i.YawSpeed_Config)
    __0printf$1                              0x080031d1   Thumb Code    22  printf1.o(i.__0printf$1)
    __1printf$1                              0x080031d1   Thumb Code     0  printf1.o(i.__0printf$1)
    __2printf                                0x080031d1   Thumb Code     0  printf1.o(i.__0printf$1)
    __scatterload_copy                       0x080031f1   Thumb Code    14  handlers.o(i.__scatterload_copy)
    __scatterload_null                       0x080031ff   Thumb Code     2  handlers.o(i.__scatterload_null)
    __scatterload_zeroinit                   0x08003201   Thumb Code    14  handlers.o(i.__scatterload_zeroinit)
    debug_app_Task                           0x08003365   Thumb Code     8  debug_app.o(i.debug_app_Task)
    fputc                                    0x0800336d   Thumb Code    32  usart.o(i.fputc)
    main                                     0x08003391   Thumb Code     8  main.o(i.main)
    openmv_service                           0x08003399   Thumb Code     2  openmv_service.o(i.openmv_service)
    test_app_task                            0x0800339b   Thumb Code     2  test_app.o(i.test_app_task)
    asc2_0806                                0x0800339c   Data         546  oled.o(.constdata)
    asc2_1608                                0x080035be   Data        1456  oled.o(.constdata)
    Region$$Table$$Base                      0x08003b70   Number         0  anon$$obj.o(Region$$Table)
    Region$$Table$$Limit                     0x08003b90   Number         0  anon$$obj.o(Region$$Table)
    __stdout                                 0x2000073c   Data           4  stdout.o(.data)
    __initial_sp                             0x20001b20   Data           0  startup_stm32f10x_hd.o(STACK)



==============================================================================

Memory Map of the image

  Image Entry point : 0x08000131

  Load Region LR_IROM1 (Base: 0x08000000, Size: 0x000042d0, Max: 0x00080000, ABSOLUTE, COMPRESSED[0x00003c2c])

    Execution Region ER_IROM1 (Base: 0x08000000, Size: 0x00003b90, Max: 0x00080000, ABSOLUTE)

    Base Addr    Size         Type   Attr      Idx    E Section Name        Object

    0x08000000   0x00000130   Data   RO          217    RESET               startup_stm32f10x_hd.o
    0x08000130   0x00000000   Code   RO          370  * .ARM.Collect$$$$00000000  mc_w.l(entry.o)
    0x08000130   0x00000004   Code   RO          535    .ARM.Collect$$$$00000001  mc_w.l(entry2.o)
    0x08000134   0x00000004   Code   RO          538    .ARM.Collect$$$$00000004  mc_w.l(entry5.o)
    0x08000138   0x00000000   Code   RO          540    .ARM.Collect$$$$00000008  mc_w.l(entry7b.o)
    0x08000138   0x00000000   Code   RO          542    .ARM.Collect$$$$0000000A  mc_w.l(entry8b.o)
    0x08000138   0x00000008   Code   RO          543    .ARM.Collect$$$$0000000B  mc_w.l(entry9a.o)
    0x08000140   0x00000000   Code   RO          545    .ARM.Collect$$$$0000000D  mc_w.l(entry10a.o)
    0x08000140   0x00000000   Code   RO          547    .ARM.Collect$$$$0000000F  mc_w.l(entry11a.o)
    0x08000140   0x00000004   Code   RO          536    .ARM.Collect$$$$00002712  mc_w.l(entry2.o)
    0x08000144   0x00000024   Code   RO          218    .text               startup_stm32f10x_hd.o
    0x08000168   0x00000062   Code   RO          373    .text               mc_w.l(ldiv.o)
    0x080001ca   0x000000b0   Code   RO          505    .text               mf_w.l(fadd.o)
    0x0800027a   0x00000064   Code   RO          506    .text               mf_w.l(fmul.o)
    0x080002de   0x0000014e   Code   RO          507    .text               mf_w.l(dadd.o)
    0x0800042c   0x000000e4   Code   RO          508    .text               mf_w.l(dmul.o)
    0x08000510   0x00000012   Code   RO          510    .text               mf_w.l(fflti.o)
    0x08000522   0x00000032   Code   RO          512    .text               mf_w.l(ffixi.o)
    0x08000554   0x00000026   Code   RO          515    .text               mf_w.l(f2d.o)
    0x0800057a   0x00000038   Code   RO          517    .text               mf_w.l(d2f.o)
    0x080005b2   0x00000002   PAD
    0x080005b4   0x00000014   Code   RO          518    .text               mf_w.l(cfcmple.o)
    0x080005c8   0x0000002c   Code   RO          550    .text               mc_w.l(uidiv.o)
    0x080005f4   0x00000062   Code   RO          551    .text               mc_w.l(uldiv.o)
    0x08000656   0x0000001e   Code   RO          552    .text               mc_w.l(llshl.o)
    0x08000674   0x00000020   Code   RO          553    .text               mc_w.l(llushr.o)
    0x08000694   0x00000024   Code   RO          554    .text               mc_w.l(llsshr.o)
    0x080006b8   0x00000000   Code   RO          559    .text               mc_w.l(iusefp.o)
    0x080006b8   0x0000006e   Code   RO          560    .text               mf_w.l(fepilogue.o)
    0x08000726   0x000000ba   Code   RO          561    .text               mf_w.l(depilogue.o)
    0x080007e0   0x00000024   Code   RO          565    .text               mc_w.l(init.o)
    0x08000804   0x0000005e   Code   RO          573    .text               mc_w.l(__dclz77c.o)
    0x08000862   0x00000004   Code   RO            1    i.BusFault_Handler  stm32f10x_it.o
    0x08000866   0x00000002   PAD
    0x08000868   0x00000024   Code   RO          247    i.DMA1_Channel2_IRQHandler  usart.o
    0x0800088c   0x00000028   Code   RO          248    i.DMA1_Channel4_IRQHandler  usart.o
    0x080008b4   0x00000028   Code   RO          249    i.DMA1_Channel7_IRQHandler  usart.o
    0x080008dc   0x0000001c   Code   RO           25    i.DMA_ClearFlag     stm32f10x_dma.o
    0x080008f8   0x00000018   Code   RO           27    i.DMA_Cmd           stm32f10x_dma.o
    0x08000910   0x0000014c   Code   RO           28    i.DMA_DeInit        stm32f10x_dma.o
    0x08000a5c   0x0000002c   Code   RO           31    i.DMA_GetITStatus   stm32f10x_dma.o
    0x08000a88   0x00000012   Code   RO           32    i.DMA_ITConfig      stm32f10x_dma.o
    0x08000a9a   0x0000003c   Code   RO           33    i.DMA_Init          stm32f10x_dma.o
    0x08000ad6   0x00000004   Code   RO           34    i.DMA_SetCurrDataCounter  stm32f10x_dma.o
    0x08000ada   0x00000002   Code   RO            2    i.DebugMon_Handler  stm32f10x_it.o
    0x08000adc   0x0000001c   Code   RO          227    i.Disitance_clear   motor_driver.o
    0x08000af8   0x00000094   Code   RO          228    i.EXTI0_IRQHandler  motor_driver.o
    0x08000b8c   0x00000094   Code   RO          229    i.EXTI2_IRQHandler  motor_driver.o
    0x08000c20   0x00000094   Code   RO          230    i.EXTI4_IRQHandler  motor_driver.o
    0x08000cb4   0x00000094   Code   RO          231    i.EXTI9_5_IRQHandler  motor_driver.o
    0x08000d48   0x0000000c   Code   RO           36    i.EXTI_ClearFlag    stm32f10x_exti.o
    0x08000d54   0x0000000c   Code   RO           37    i.EXTI_ClearITPendingBit  stm32f10x_exti.o
    0x08000d60   0x00000028   Code   RO           41    i.EXTI_GetITStatus  stm32f10x_exti.o
    0x08000d88   0x00000094   Code   RO           42    i.EXTI_Init         stm32f10x_exti.o
    0x08000e1c   0x00000040   Code   RO           47    i.GPIO_EXTILineConfig  stm32f10x_gpio.o
    0x08000e5c   0x00000116   Code   RO           50    i.GPIO_Init         stm32f10x_gpio.o
    0x08000f72   0x00000012   Code   RO           54    i.GPIO_ReadInputDataBit  stm32f10x_gpio.o
    0x08000f84   0x00000004   Code   RO           57    i.GPIO_ResetBits    stm32f10x_gpio.o
    0x08000f88   0x00000004   Code   RO           58    i.GPIO_SetBits      stm32f10x_gpio.o
    0x08000f8c   0x00000040   Code   RO          219    i.Gyroscope_Init    gyroscope.o
    0x08000fcc   0x00000010   Code   RO          220    i.Gyroscope_ReadYaw  gyroscope.o
    0x08000fdc   0x00000018   Code   RO          221    i.Gyroscope_RequestUpdata  gyroscope.o
    0x08000ff4   0x00000030   Code   RO          223    i.Gyroscope_YawUpdata  gyroscope.o
    0x08001024   0x000000a0   Code   RO          238    i.Hall_EXTI_Config  motor_init.o
    0x080010c4   0x00000024   Code   RO          239    i.Hall_GPIO_Config  motor_init.o
    0x080010e8   0x00000068   Code   RO          240    i.Hall_TIM_Config   motor_init.o
    0x08001150   0x00000004   Code   RO            3    i.HardFault_Handler  stm32f10x_it.o
    0x08001154   0x00000040   Code   RO          270    i.IIC_Init          iic.o
    0x08001194   0x0000004c   Code   RO          271    i.IIC_SendByte      iic.o
    0x080011e0   0x00000030   Code   RO          272    i.IIC_Start         iic.o
    0x08001210   0x00000028   Code   RO          273    i.IIC_Stop          iic.o
    0x08001238   0x0000001c   Code   RO          274    i.IIC_WaitACK       iic.o
    0x08001254   0x000000b4   Code   RO          309    i.Inc_PID           position_service.o
    0x08001308   0x0000009c   Code   RO          310    i.Inc_PID_Realiz    position_service.o
    0x080013a4   0x000000d0   Code   RO          351    i.MechanicalArm_Debug  debug_app.o
    0x08001474   0x00000030   Code   RO          331    i.MechanicalArm_Reset  mechanicalarm_service.o
    0x080014a4   0x00000038   Code   RO          332    i.MechanicalArm_Service  mechanicalarm_service.o
    0x080014dc   0x00000018   Code   RO          333    i.MechanicalArm_StateUpdata  mechanicalarm_service.o
    0x080014f4   0x00000088   Code   RO          334    i.MechanicalArm_WidthInc  mechanicalarm_service.o
    0x0800157c   0x00000020   Code   RO          335    i.MechanicalArm_WidthSet  mechanicalarm_service.o
    0x0800159c   0x00000004   Code   RO            4    i.MemManage_Handler  stm32f10x_it.o
    0x080015a0   0x0000002c   Code   RO          241    i.Motor_GPIO_Config  motor_init.o
    0x080015cc   0x0000001c   Code   RO          242    i.Motor_Init        motor_init.o
    0x080015e8   0x00000098   Code   RO          243    i.Motor_TIM_Config  motor_init.o
    0x08001680   0x00000002   Code   RO            5    i.NMI_Handler       stm32f10x_it.o
    0x08001682   0x00000002   PAD
    0x08001684   0x00000070   Code   RO           20    i.NVIC_Init         misc.o
    0x080016f4   0x00000014   Code   RO           21    i.NVIC_PriorityGroupConfig  misc.o
    0x08001708   0x0000002c   Code   RO          277    i.OLED_Clear        oled.o
    0x08001734   0x00000074   Code   RO          293    i.OLED_FB_Task      system_core.o
    0x080017a8   0x000000e8   Code   RO          280    i.OLED_Init         oled.o
    0x08001890   0x00000036   Code   RO          281    i.OLED_PosSet       oled.o
    0x080018c6   0x00000038   Code   RO          282    i.OLED_SendByte     oled.o
    0x080018fe   0x00000002   PAD
    0x08001900   0x000000ac   Code   RO          283    i.OLED_ShowChar     oled.o
    0x080019ac   0x00000090   Code   RO          284    i.OLED_ShowNum      oled.o
    0x08001a3c   0x0000004c   Code   RO          285    i.OLED_ShowString   oled.o
    0x08001a88   0x00000134   Code   RO          294    i.PCB_System_Init   system_core.o
    0x08001bbc   0x00000194   Code   RO          232    i.PWM_Out           motor_driver.o
    0x08001d50   0x00000002   Code   RO            6    i.PendSV_Handler    stm32f10x_it.o
    0x08001d52   0x00000002   PAD
    0x08001d54   0x00000054   Code   RO          312    i.PositionClr_Service  position_service.o
    0x08001da8   0x00000074   Code   RO          314    i.PositionSpeed_Config  position_service.o
    0x08001e1c   0x00000018   Code   RO          315    i.PositionState_Inc  position_service.o
    0x08001e34   0x00000080   Code   RO          316    i.PositionState_Updata  position_service.o
    0x08001eb4   0x00000030   Code   RO          317    i.Position_Stop     position_service.o
    0x08001ee4   0x0000008c   Code   RO          318    i.Position_Update   position_service.o
    0x08001f70   0x00000020   Code   RO           63    i.RCC_AHBPeriphClockCmd  stm32f10x_rcc.o
    0x08001f90   0x00000020   Code   RO           64    i.RCC_APB1PeriphClockCmd  stm32f10x_rcc.o
    0x08001fb0   0x00000020   Code   RO           66    i.RCC_APB2PeriphClockCmd  stm32f10x_rcc.o
    0x08001fd0   0x000000d4   Code   RO           74    i.RCC_GetClocksFreq  stm32f10x_rcc.o
    0x080020a4   0x00000008   Code   RO          233    i.Read_Distance     motor_driver.o
    0x080020ac   0x00000154   Code   RO          234    i.Read_Speed        motor_driver.o
    0x08002200   0x0000000c   Code   RO          295    i.Read_SysSubTime   system_core.o
    0x0800220c   0x00000010   Code   RO          250    i.Read_Usart_Sbuffer  usart.o
    0x0800221c   0x00000002   Code   RO            7    i.SVC_Handler       stm32f10x_it.o
    0x0800221e   0x00000008   Code   RO           15    i.SetSysClock       system_stm32f10x.o
    0x08002226   0x00000002   PAD
    0x08002228   0x000000e0   Code   RO           16    i.SetSysClockTo72   system_stm32f10x.o
    0x08002308   0x00000028   Code   RO          322    i.Speed_Set         position_service.o
    0x08002330   0x00000090   Code   RO          323    i.Speed_Syn         position_service.o
    0x080023c0   0x00000044   Code   RO          265    i.StreetMotor_GPIO_Config  street_motor.o
    0x08002404   0x00000012   Code   RO          266    i.StreetMotor_Init  street_motor.o
    0x08002416   0x00000002   PAD
    0x08002418   0x000000d8   Code   RO          267    i.StreetMotor_TIM_Config  street_motor.o
    0x080024f0   0x00000060   Code   RO          298    i.SysSecBeat_Config  system_core.o
    0x08002550   0x0000003c   Code   RO          299    i.SysTick_Handler   system_core.o
    0x0800258c   0x00000002   Code   RO          300    i.SystemBeat_Task   system_core.o
    0x0800258e   0x00000002   Code   RO          301    i.SystemConti_Task  system_core.o
    0x08002590   0x00000060   Code   RO           18    i.SystemInit        system_stm32f10x.o
    0x080025f0   0x00000014   Code   RO          302    i.SystemState_Set   system_core.o
    0x08002604   0x00000038   Code   RO          244    i.TB6612_Init       motor_init.o
    0x0800263c   0x0000002c   Code   RO          235    i.TIM6_IRQHandler   motor_driver.o
    0x08002668   0x0000002c   Code   RO          304    i.TIM7_IRQHandler   system_core.o
    0x08002694   0x00000006   Code   RO          106    i.TIM_ClearITPendingBit  stm32f10x_tim.o
    0x0800269a   0x00000018   Code   RO          111    i.TIM_Cmd           stm32f10x_tim.o
    0x080026b2   0x00000022   Code   RO          132    i.TIM_GetITStatus   stm32f10x_tim.o
    0x080026d4   0x00000012   Code   RO          136    i.TIM_ITConfig      stm32f10x_tim.o
    0x080026e6   0x00000002   PAD
    0x080026e8   0x00000098   Code   RO          140    i.TIM_OC1Init       stm32f10x_tim.o
    0x08002780   0x00000012   Code   RO          143    i.TIM_OC1PreloadConfig  stm32f10x_tim.o
    0x08002792   0x00000002   PAD
    0x08002794   0x000000a4   Code   RO          145    i.TIM_OC2Init       stm32f10x_tim.o
    0x08002838   0x0000001a   Code   RO          148    i.TIM_OC2PreloadConfig  stm32f10x_tim.o
    0x08002852   0x00000002   PAD
    0x08002854   0x000000a0   Code   RO          150    i.TIM_OC3Init       stm32f10x_tim.o
    0x080028f4   0x00000012   Code   RO          153    i.TIM_OC3PreloadConfig  stm32f10x_tim.o
    0x08002906   0x00000002   PAD
    0x08002908   0x0000007c   Code   RO          155    i.TIM_OC4Init       stm32f10x_tim.o
    0x08002984   0x0000001a   Code   RO          157    i.TIM_OC4PreloadConfig  stm32f10x_tim.o
    0x0800299e   0x00000004   Code   RO          172    i.TIM_SetCompare1   stm32f10x_tim.o
    0x080029a2   0x00000004   Code   RO          173    i.TIM_SetCompare2   stm32f10x_tim.o
    0x080029a6   0x00000004   Code   RO          174    i.TIM_SetCompare3   stm32f10x_tim.o
    0x080029aa   0x00000006   Code   RO          175    i.TIM_SetCompare4   stm32f10x_tim.o
    0x080029b0   0x000000a4   Code   RO          182    i.TIM_TimeBaseInit  stm32f10x_tim.o
    0x08002a54   0x00000068   Code   RO          305    i.TaskList_Config   system_core.o
    0x08002abc   0x00000040   Code   RO          251    i.USART1_IRQHandler  usart.o
    0x08002afc   0x00000048   Code   RO          252    i.USART2_IRQHandler  usart.o
    0x08002b44   0x00000060   Code   RO          253    i.USART3_IRQHandler  usart.o
    0x08002ba4   0x0000001e   Code   RO          187    i.USART_ClearITPendingBit  stm32f10x_usart.o
    0x08002bc2   0x00000018   Code   RO          190    i.USART_Cmd         stm32f10x_usart.o
    0x08002bda   0x00000012   Code   RO          191    i.USART_DMACmd      stm32f10x_usart.o
    0x08002bec   0x0000001a   Code   RO          193    i.USART_GetFlagStatus  stm32f10x_usart.o
    0x08002c06   0x00000054   Code   RO          194    i.USART_GetITStatus  stm32f10x_usart.o
    0x08002c5a   0x0000004a   Code   RO          196    i.USART_ITConfig    stm32f10x_usart.o
    0x08002ca4   0x000000d8   Code   RO          197    i.USART_Init        stm32f10x_usart.o
    0x08002d7c   0x0000000a   Code   RO          204    i.USART_ReceiveData  stm32f10x_usart.o
    0x08002d86   0x00000008   Code   RO          207    i.USART_SendData    stm32f10x_usart.o
    0x08002d8e   0x00000004   Code   RO            8    i.UsageFault_Handler  stm32f10x_it.o
    0x08002d92   0x00000002   PAD
    0x08002d94   0x0000004c   Code   RO          256    i.Usart3_Send       usart.o
    0x08002de0   0x00000140   Code   RO          257    i.Usart_Config      usart.o
    0x08002f20   0x00000140   Code   RO          258    i.Usart_DMA_Config  usart.o
    0x08003060   0x00000014   Code   RO          259    i.Usart_Sbuffer_Clear  usart.o
    0x08003074   0x00000064   Code   RO          260    i.Usart_Sbuffer_Push  usart.o
    0x080030d8   0x00000010   Code   RO          261    i.Usart_TxFlag_Clear  usart.o
    0x080030e8   0x00000078   Code   RO          224    i.Wait_Gyroscope    gyroscope.o
    0x08003160   0x00000070   Code   RO          326    i.YawSpeed_Config   position_service.o
    0x080031d0   0x00000020   Code   RO          397    i.__0printf$1       mc_w.l(printf1.o)
    0x080031f0   0x0000000e   Code   RO          570    i.__scatterload_copy  mc_w.l(handlers.o)
    0x080031fe   0x00000002   Code   RO          571    i.__scatterload_null  mc_w.l(handlers.o)
    0x08003200   0x0000000e   Code   RO          572    i.__scatterload_zeroinit  mc_w.l(handlers.o)
    0x0800320e   0x00000002   PAD
    0x08003210   0x00000154   Code   RO          404    i._printf_core      mc_w.l(printf1.o)
    0x08003364   0x00000008   Code   RO          355    i.debug_app_Task    debug_app.o
    0x0800336c   0x00000024   Code   RO          262    i.fputc             usart.o
    0x08003390   0x00000008   Code   RO           11    i.main              main.o
    0x08003398   0x00000002   Code   RO          339    i.openmv_service    openmv_service.o
    0x0800339a   0x00000002   Code   RO          359    i.test_app_task     test_app.o
    0x0800339c   0x000007d2   Data   RO          287    .constdata          oled.o
    0x08003b6e   0x00000002   PAD
    0x08003b70   0x00000020   Data   RO          568    Region$$Table       anon$$obj.o


    Execution Region RW_IRAM1 (Base: 0x20000000, Size: 0x00001b20, Max: 0x00010000, ABSOLUTE, COMPRESSED[0x0000009c])

    Base Addr    Size         Type   Attr      Idx    E Section Name        Object

    0x20000000   0x00000014   Data   RW           94    .data               stm32f10x_rcc.o
    0x20000014   0x00000110   Data   RW          226    .data               gyroscope.o
    0x20000124   0x00000102   Data   RW          237    .data               motor_driver.o
    0x20000226   0x00000002   PAD
    0x20000228   0x00000102   Data   RW          264    .data               usart.o
    0x2000032a   0x00000002   PAD
    0x2000032c   0x00000104   Data   RW          308    .data               system_core.o
    0x20000430   0x00000102   Data   RW          329    .data               position_service.o
    0x20000532   0x00000002   PAD
    0x20000534   0x00000102   Data   RW          338    .data               mechanicalarm_service.o
    0x20000636   0x00000002   PAD
    0x20000638   0x00000102   Data   RW          357    .data               debug_app.o
    0x2000073a   0x00000002   PAD
    0x2000073c   0x00000004   Data   RW          549    .data               mc_w.l(stdout.o)
    0x20000740   0x000003e0   Zero   RW          236    .bss                motor_driver.o
    0x20000b20   0x00000460   Zero   RW          263    .bss                usart.o
    0x20000f80   0x000003d0   Zero   RW          307    .bss                system_core.o
    0x20001350   0x000003d0   Zero   RW          328    .bss                position_service.o
    0x20001720   0x00000400   Zero   RW          215    STACK               startup_stm32f10x_hd.o


==============================================================================

Image component sizes


      Code (inc. data)   RO Data    RW Data    ZI Data      Debug   Object Name

       216         40          0        258          0          0   debug_app.o
       272         56          0        272          0          0   gyroscope.o
       256         24          0          0          0          0   iic.o
         8          0          0          0          0          0   main.o
       296         46          0        258          0          0   mechanicalarm_service.o
       132         22          0          0          0          0   misc.o
      1416        238          0        258        992          0   motor_driver.o
       580         24          0          0          0          0   motor_init.o
       778         10       2002          0          0          0   oled.o
         2          0          0          0          0          0   openmv_service.o
      1172        162          0        258        976          0   position_service.o
        36          8        304          0       1024          0   startup_stm32f10x_hd.o
       510         26          0          0          0          0   stm32f10x_dma.o
       212         24          0          0          0          0   stm32f10x_exti.o
       368          4          0          0          0          0   stm32f10x_gpio.o
        24          0          0          0          0          0   stm32f10x_it.o
       308         38          0         20          0          0   stm32f10x_rcc.o
       952         92          0          0          0          0   stm32f10x_tim.o
       490          6          0          0          0          0   stm32f10x_usart.o
       302         12          0          0          0          0   street_motor.o
       764        134          0        260        976          0   system_core.o
       328         28          0          0          0          0   system_stm32f10x.o
         2          0          0          0          0          0   test_app.o
      1252        126          0        258       1120          0   usart.o

    ----------------------------------------------------------------------
     10698       1120       2340       1852       5088          0   Object Totals
         0          0         32          0          0          0   (incl. Generated)
        22          0          2         10          0          0   (incl. Padding)

    ----------------------------------------------------------------------

      Code (inc. data)   RO Data    RW Data    ZI Data      Debug   Library Member Name

        94          0          0          0          0          0   __dclz77c.o
         0          0          0          0          0          0   entry.o
         0          0          0          0          0          0   entry10a.o
         0          0          0          0          0          0   entry11a.o
         8          4          0          0          0          0   entry2.o
         4          0          0          0          0          0   entry5.o
         0          0          0          0          0          0   entry7b.o
         0          0          0          0          0          0   entry8b.o
         8          4          0          0          0          0   entry9a.o
        30          0          0          0          0          0   handlers.o
        36          8          0          0          0          0   init.o
         0          0          0          0          0          0   iusefp.o
        98          0          0          0          0          0   ldiv.o
        30          0          0          0          0          0   llshl.o
        36          0          0          0          0          0   llsshr.o
        32          0          0          0          0          0   llushr.o
       372         14          0          0          0          0   printf1.o
         0          0          0          4          0          0   stdout.o
        44          0          0          0          0          0   uidiv.o
        98          0          0          0          0          0   uldiv.o
        20          0          0          0          0          0   cfcmple.o
        56          0          0          0          0          0   d2f.o
       334          0          0          0          0          0   dadd.o
       186          0          0          0          0          0   depilogue.o
       228          0          0          0          0          0   dmul.o
        38          0          0          0          0          0   f2d.o
       176          0          0          0          0          0   fadd.o
       110          0          0          0          0          0   fepilogue.o
        50          0          0          0          0          0   ffixi.o
        18          0          0          0          0          0   fflti.o
       100          0          0          0          0          0   fmul.o

    ----------------------------------------------------------------------
      2210         30          0          4          0          0   Library Totals
         4          0          0          0          0          0   (incl. Padding)

    ----------------------------------------------------------------------

      Code (inc. data)   RO Data    RW Data    ZI Data      Debug   Library Name

       890         30          0          4          0          0   mc_w.l
      1316          0          0          0          0          0   mf_w.l

    ----------------------------------------------------------------------
      2210         30          0          4          0          0   Library Totals

    ----------------------------------------------------------------------

==============================================================================


      Code (inc. data)   RO Data    RW Data    ZI Data      Debug   

     12908       1150       2340       1856       5088          0   Grand Totals
     12908       1150       2340        156       5088          0   ELF Image Totals (compressed)
     12908       1150       2340        156          0          0   ROM Totals

==============================================================================

    Total RO  Size (Code + RO Data)                15248 (  14.89kB)
    Total RW  Size (RW Data + ZI Data)              6944 (   6.78kB)
    Total ROM Size (Code + RO Data + RW Data)      15404 (  15.04kB)

==============================================================================

