Component: ARM Compiler 5.06 update 3 (build 300) Tool: armlink [4d35c9]

==============================================================================

Section Cross References

    main.o(i.main) refers to system_core.o(i.PCB_System_Init) for PCB_System_Init
    system_stm32f10x.o(i.SetSysClock) refers to system_stm32f10x.o(i.SetSysClockTo72) for SetSysClockTo72
    system_stm32f10x.o(i.SystemCoreClockUpdate) refers to system_stm32f10x.o(.data) for SystemCoreClock
    system_stm32f10x.o(i.SystemInit) refers to system_stm32f10x.o(i.SetSysClock) for SetSysClock
    stm32f10x_gpio.o(i.GPIO_AFIODeInit) refers to stm32f10x_rcc.o(i.RCC_APB2PeriphResetCmd) for RCC_APB2PeriphResetCmd
    stm32f10x_gpio.o(i.GPIO_DeInit) refers to stm32f10x_rcc.o(i.RCC_APB2PeriphResetCmd) for RCC_APB2PeriphResetCmd
    stm32f10x_rcc.o(i.RCC_GetClocksFreq) refers to stm32f10x_rcc.o(.data) for APBAHBPrescTable
    stm32f10x_rcc.o(i.RCC_WaitForHSEStartUp) refers to stm32f10x_rcc.o(i.RCC_GetFlagStatus) for RCC_GetFlagStatus
    stm32f10x_tim.o(i.TIM_DeInit) refers to stm32f10x_rcc.o(i.RCC_APB2PeriphResetCmd) for RCC_APB2PeriphResetCmd
    stm32f10x_tim.o(i.TIM_DeInit) refers to stm32f10x_rcc.o(i.RCC_APB1PeriphResetCmd) for RCC_APB1PeriphResetCmd
    stm32f10x_tim.o(i.TIM_ETRClockMode1Config) refers to stm32f10x_tim.o(i.TIM_ETRConfig) for TIM_ETRConfig
    stm32f10x_tim.o(i.TIM_ETRClockMode2Config) refers to stm32f10x_tim.o(i.TIM_ETRConfig) for TIM_ETRConfig
    stm32f10x_tim.o(i.TIM_ICInit) refers to stm32f10x_tim.o(i.TI1_Config) for TI1_Config
    stm32f10x_tim.o(i.TIM_ICInit) refers to stm32f10x_tim.o(i.TIM_SetIC1Prescaler) for TIM_SetIC1Prescaler
    stm32f10x_tim.o(i.TIM_ICInit) refers to stm32f10x_tim.o(i.TI2_Config) for TI2_Config
    stm32f10x_tim.o(i.TIM_ICInit) refers to stm32f10x_tim.o(i.TIM_SetIC2Prescaler) for TIM_SetIC2Prescaler
    stm32f10x_tim.o(i.TIM_ICInit) refers to stm32f10x_tim.o(i.TI3_Config) for TI3_Config
    stm32f10x_tim.o(i.TIM_ICInit) refers to stm32f10x_tim.o(i.TIM_SetIC3Prescaler) for TIM_SetIC3Prescaler
    stm32f10x_tim.o(i.TIM_ICInit) refers to stm32f10x_tim.o(i.TI4_Config) for TI4_Config
    stm32f10x_tim.o(i.TIM_ICInit) refers to stm32f10x_tim.o(i.TIM_SetIC4Prescaler) for TIM_SetIC4Prescaler
    stm32f10x_tim.o(i.TIM_ITRxExternalClockConfig) refers to stm32f10x_tim.o(i.TIM_SelectInputTrigger) for TIM_SelectInputTrigger
    stm32f10x_tim.o(i.TIM_PWMIConfig) refers to stm32f10x_tim.o(i.TI1_Config) for TI1_Config
    stm32f10x_tim.o(i.TIM_PWMIConfig) refers to stm32f10x_tim.o(i.TIM_SetIC1Prescaler) for TIM_SetIC1Prescaler
    stm32f10x_tim.o(i.TIM_PWMIConfig) refers to stm32f10x_tim.o(i.TI2_Config) for TI2_Config
    stm32f10x_tim.o(i.TIM_PWMIConfig) refers to stm32f10x_tim.o(i.TIM_SetIC2Prescaler) for TIM_SetIC2Prescaler
    stm32f10x_tim.o(i.TIM_TIxExternalClockConfig) refers to stm32f10x_tim.o(i.TI2_Config) for TI2_Config
    stm32f10x_tim.o(i.TIM_TIxExternalClockConfig) refers to stm32f10x_tim.o(i.TI1_Config) for TI1_Config
    stm32f10x_tim.o(i.TIM_TIxExternalClockConfig) refers to stm32f10x_tim.o(i.TIM_SelectInputTrigger) for TIM_SelectInputTrigger
    stm32f10x_usart.o(i.USART_DeInit) refers to stm32f10x_rcc.o(i.RCC_APB2PeriphResetCmd) for RCC_APB2PeriphResetCmd
    stm32f10x_usart.o(i.USART_DeInit) refers to stm32f10x_rcc.o(i.RCC_APB1PeriphResetCmd) for RCC_APB1PeriphResetCmd
    stm32f10x_usart.o(i.USART_Init) refers to stm32f10x_rcc.o(i.RCC_GetClocksFreq) for RCC_GetClocksFreq
    startup_stm32f10x_hd.o(RESET) refers to startup_stm32f10x_hd.o(STACK) for __initial_sp
    startup_stm32f10x_hd.o(RESET) refers to startup_stm32f10x_hd.o(.text) for Reset_Handler
    startup_stm32f10x_hd.o(RESET) refers to stm32f10x_it.o(i.NMI_Handler) for NMI_Handler
    startup_stm32f10x_hd.o(RESET) refers to stm32f10x_it.o(i.HardFault_Handler) for HardFault_Handler
    startup_stm32f10x_hd.o(RESET) refers to stm32f10x_it.o(i.MemManage_Handler) for MemManage_Handler
    startup_stm32f10x_hd.o(RESET) refers to stm32f10x_it.o(i.BusFault_Handler) for BusFault_Handler
    startup_stm32f10x_hd.o(RESET) refers to stm32f10x_it.o(i.UsageFault_Handler) for UsageFault_Handler
    startup_stm32f10x_hd.o(RESET) refers to stm32f10x_it.o(i.SVC_Handler) for SVC_Handler
    startup_stm32f10x_hd.o(RESET) refers to stm32f10x_it.o(i.DebugMon_Handler) for DebugMon_Handler
    startup_stm32f10x_hd.o(RESET) refers to stm32f10x_it.o(i.PendSV_Handler) for PendSV_Handler
    startup_stm32f10x_hd.o(RESET) refers to system_core.o(i.SysTick_Handler) for SysTick_Handler
    startup_stm32f10x_hd.o(RESET) refers to motor_driver.o(i.EXTI0_IRQHandler) for EXTI0_IRQHandler
    startup_stm32f10x_hd.o(RESET) refers to motor_driver.o(i.EXTI2_IRQHandler) for EXTI2_IRQHandler
    startup_stm32f10x_hd.o(RESET) refers to motor_driver.o(i.EXTI4_IRQHandler) for EXTI4_IRQHandler
    startup_stm32f10x_hd.o(RESET) refers to usart.o(i.DMA1_Channel2_IRQHandler) for DMA1_Channel2_IRQHandler
[...]
    i.StreetMotor_Init                       0x0800231c   Section        0  street_motor.o(i.StreetMotor_Init)
    i.StreetMotor_TIM_Config                 0x08002330   Section        0  street_motor.o(i.StreetMotor_TIM_Config)
    i.SysSecBeat_Config                      0x08002408   Section        0  system_core.o(i.SysSecBeat_Config)
    i.SysTick_Handler                        0x08002468   Section        0  system_core.o(i.SysTick_Handler)
    i.SystemBeat_Task                        0x080024a4   Section        0  system_core.o(i.SystemBeat_Task)
    i.SystemConti_Task                       0x080024a6   Section        0  system_core.o(i.SystemConti_Task)
    i.SystemInit                             0x080024a8   Section        0  system_stm32f10x.o(i.SystemInit)
    i.SystemState_Set                        0x08002508   Section        0  system_core.o(i.SystemState_Set)
    i.TB6612_Init                            0x0800251c   Section        0  motor_init.o(i.TB6612_Init)
    i.TIM6_IRQHandler                        0x08002554   Section        0  motor_driver.o(i.TIM6_IRQHandler)
    i.TIM7_IRQHandler                        0x08002580   Section        0  system_core.o(i.TIM7_IRQHandler)
    i.TIM_ClearITPendingBit                  0x080025ac   Section        0  stm32f10x_tim.o(i.TIM_ClearITPendingBit)
    i.TIM_Cmd                                0x080025b2   Section        0  stm32f10x_tim.o(i.TIM_Cmd)
    i.TIM_GetITStatus                        0x080025ca   Section        0  stm32f10x_tim.o(i.TIM_GetITStatus)
    i.TIM_ITConfig                           0x080025ec   Section        0  stm32f10x_tim.o(i.TIM_ITConfig)
    i.TIM_OC1Init                            0x08002600   Section        0  stm32f10x_tim.o(i.TIM_OC1Init)
    i.TIM_OC1PreloadConfig                   0x08002698   Section        0  stm32f10x_tim.o(i.TIM_OC1PreloadConfig)
    i.TIM_OC2Init                            0x080026ac   Section        0  stm32f10x_tim.o(i.TIM_OC2Init)
    i.TIM_OC2PreloadConfig                   0x08002750   Section        0  stm32f10x_tim.o(i.TIM_OC2PreloadConfig)
    i.TIM_OC3Init                            0x0800276c   Section        0  stm32f10x_tim.o(i.TIM_OC3Init)
    i.TIM_OC3PreloadConfig                   0x0800280c   Section        0  stm32f10x_tim.o(i.TIM_OC3PreloadConfig)
    i.TIM_OC4Init                            0x08002820   Section        0  stm32f10x_tim.o(i.TIM_OC4Init)
    i.TIM_OC4PreloadConfig                   0x0800289c   Section        0  stm32f10x_tim.o(i.TIM_OC4PreloadConfig)
    i.TIM_SetCompare1                        0x080028b6   Section        0  stm32f10x_tim.o(i.TIM_SetCompare1)
    i.TIM_SetCompare2                        0x080028ba   Section        0  stm32f10x_tim.o(i.TIM_SetCompare2)
    i.TIM_SetCompare3                        0x080028be   Section        0  stm32f10x_tim.o(i.TIM_SetCompare3)
    i.TIM_SetCompare4                        0x080028c2   Section        0  stm32f10x_tim.o(i.TIM_SetCompare4)
    i.TIM_TimeBaseInit                       0x080028c8   Section        0  stm32f10x_tim.o(i.TIM_TimeBaseInit)
    i.TargetMove_Set                         0x0800296c   Section        0  position_service.o(i.TargetMove_Set)
    i.TaskList_Config                        0x080029b0   Section        0  system_core.o(i.TaskList_Config)
    i.USART1_IRQHandler                      0x08002a18   Section        0  usart.o(i.USART1_IRQHandler)
    i.USART2_IRQHandler                      0x08002a58   Section        0  usart.o(i.USART2_IRQHandler)
    i.USART3_IRQHandler                      0x08002aa0   Section        0  usart.o(i.USART3_IRQHandler)
    i.USART_ClearITPendingBit                0x08002b00   Section        0  stm32f10x_usart.o(i.USART_ClearITPendingBit)
    i.USART_Cmd                              0x08002b1e   Section        0  stm32f10x_usart.o(i.USART_Cmd)
    i.USART_DMACmd                           0x08002b36   Section        0  stm32f10x_usart.o(i.USART_DMACmd)
    i.USART_GetITStatus                      0x08002b48   Section        0  stm32f10x_usart.o(i.USART_GetITStatus)
    i.USART_ITConfig                         0x08002b9c   Section        0  stm32f10x_usart.o(i.USART_ITConfig)
    i.USART_Init                             0x08002be8   Section        0  stm32f10x_usart.o(i.USART_Init)
    i.USART_ReceiveData                      0x08002cc0   Section        0  stm32f10x_usart.o(i.USART_ReceiveData)
    i.UsageFault_Handler                     0x08002cca   Section        0  stm32f10x_it.o(i.UsageFault_Handler)
    i.Usart1_Send                            0x08002cd0   Section        0  usart.o(i.Usart1_Send)
    i.Usart3_Send                            0x08002d1c   Section        0  usart.o(i.Usart3_Send)
    i.Usart_Config                           0x08002d68   Section        0  usart.o(i.Usart_Config)
    i.Usart_DMA_Config                       0x08002ea8   Section        0  usart.o(i.Usart_DMA_Config)
    i.Usart_Sbuffer_Clear                    0x08002fe8   Section        0  usart.o(i.Usart_Sbuffer_Clear)
    i.Usart_TxFlag_Clear                     0x08002ffc   Section        0  usart.o(i.Usart_TxFlag_Clear)
    i.Vofa_Input                             0x0800300c   Section        0  vofa_p.o(i.Vofa_Input)
    i.Vofa_Send                              0x0800301c   Section        0  vofa_p.o(i.Vofa_Send)
    i.Wait_Gyroscope                         0x0800302c   Section        0  gyroscope.o(i.Wait_Gyroscope)
    i.YawSpeed_Config                        0x080030a4   Section        0  position_service.o(i.YawSpeed_Config)
    i.__scatterload_copy                     0x08003108   Section       14  handlers.o(i.__scatterload_copy)
    i.__scatterload_null                     0x08003116   Section        2  handlers.o(i.__scatterload_null)
    i.__scatterload_zeroinit                 0x08003118   Section       14  handlers.o(i.__scatterload_zeroinit)
    i.debug_app_Task                         0x08003128   Section        0  debug_app.o(i.debug_app_Task)
    i.main                                   0x08003148   Section        0  main.o(i.main)
    i.main_app_Task                          0x08003150   Section        0  main_app.o(i.main_app_Task)
    .constdata                               0x0800318c   Section     2002  oled.o(.constdata)
    .data                                    0x20000000   Section       20  stm32f10x_rcc.o(.data)
    APBAHBPrescTable                         0x20000000   Data          16  stm32f10x_rcc.o(.data)
    ADCPrescTable                            0x20000010   Data           4  stm32f10x_rcc.o(.data)
    .data                                    0x20000014   Section      248  gyroscope.o(.data)
    Usart_Tx_Flag                            0x20000014   Data           3  gyroscope.o(.data)
    over_time                                0x20000018   Data           2  gyroscope.o(.data)
    last_time                                0x2000001a   Data           8  gyroscope.o(.data)
    that_time                                0x20000022   Data           8  gyroscope.o(.data)
    last_over_time                           0x2000002a   Data           8  gyroscope.o(.data)
    that_over_time                           0x20000032   Data           8  gyroscope.o(.data)
    last_dir                                 0x2000003a   Data           4  gyroscope.o(.data)
    that_dir                                 0x2000003e   Data           8  gyroscope.o(.data)
    street_width                             0x20000048   Data          24  gyroscope.o(.data)
    ArmLen                                   0x20000060   Data           3  gyroscope.o(.data)
    ArmLen2                                  0x20000064   Data           6  gyroscope.o(.data)
    Reset_Value                              0x2000006a   Data          10  gyroscope.o(.data)
    Width_Target                             0x20000074   Data          10  gyroscope.o(.data)
    WidthInc                                 0x2000007e   Data           5  gyroscope.o(.data)
    MechanicalArm_State                      0x20000083   Data           1  gyroscope.o(.data)
    position                                 0x20000084   Data           8  gyroscope.o(.data)
    Err_Yaw                                  0x2000008c   Data           4  gyroscope.o(.data)
    Target_Position                          0x20000090   Data           8  gyroscope.o(.data)
    Err_Position                             0x20000098   Data           8  gyroscope.o(.data)
    Position_State                           0x200000a0   Data           1  gyroscope.o(.data)
    Position_Mode                            0x200000a1   Data           1  gyroscope.o(.data)
    Vofa_Sbuffer                             0x200000a4   Data          44  gyroscope.o(.data)
    RunState                                 0x200000d0   Data           1  gyroscope.o(.data)
    TargetPosition                           0x200000d4   Data           8  gyroscope.o(.data)
    ReturnState                              0x200000dc   Data           1  gyroscope.o(.data)
    SysTime                                  0x200000e0   Data           4  gyroscope.o(.data)
    SysSubTime                               0x200000e4   Data           4  gyroscope.o(.data)
    SystemState                              0x200000e8   Data           1  gyroscope.o(.data)
    BeatTaskNum                              0x200000e9   Data           1  gyroscope.o(.data)
    ContinueTaskNum                          0x200000ea   Data           1  gyroscope.o(.data)
    Init_Code                                0x200000eb   Data           4  gyroscope.o(.data)
    Visit_Code                               0x200000ef   Data           4  gyroscope.o(.data)
    Reset_Code                               0x200000f3   Data           4  gyroscope.o(.data)
    Yaw                                      0x200000f8   Data           4  gyroscope.o(.data)
    Yaw_Err                                  0x200000fc   Data           4  gyroscope.o(.data)
    num                                      0x20000100   Data           1  gyroscope.o(.data)
    last_Yaw                                 0x20000104   Data           4  gyroscope.o(.data)
    last_time                                0x20000108   Data           4  gyroscope.o(.data)
    .data                                    0x2000010c   Section      234  motor_driver.o(.data)
    Usart_Tx_Flag                            0x2000010c   Data           3  motor_driver.o(.data)
    street_width                             0x20000110   Data          24  motor_driver.o(.data)
    ArmLen                                   0x20000128   Data           3  motor_driver.o(.data)
    ArmLen2                                  0x2000012c   Data           6  motor_driver.o(.data)
    Reset_Value                              0x20000132   Data          10  motor_driver.o(.data)
    Width_Target                             0x2000013c   Data          10  motor_driver.o(.data)
    WidthInc                                 0x20000146   Data           5  motor_driver.o(.data)
    MechanicalArm_State                      0x2000014b   Data           1  motor_driver.o(.data)
    position                                 0x2000014c   Data           8  motor_driver.o(.data)
    Err_Yaw                                  0x20000154   Data           4  motor_driver.o(.data)
    Target_Position                          0x20000158   Data           8  motor_driver.o(.data)
    Err_Position                             0x20000160   Data           8  motor_driver.o(.data)
    Position_State                           0x20000168   Data           1  motor_driver.o(.data)
    Position_Mode                            0x20000169   Data           1  motor_driver.o(.data)
    Vofa_Sbuffer                             0x2000016c   Data          44  motor_driver.o(.data)
    Init_Code                                0x20000198   Data           4  motor_driver.o(.data)
    Visit_Code                               0x2000019c   Data           4  motor_driver.o(.data)
    Reset_Code                               0x200001a0   Data           4  motor_driver.o(.data)
    Yaw                                      0x200001a4   Data           4  motor_driver.o(.data)
    Yaw_Err                                  0x200001a8   Data           4  motor_driver.o(.data)
    RunState                                 0x200001ac   Data           1  motor_driver.o(.data)
    TargetPosition                           0x200001b0   Data           8  motor_driver.o(.data)
    ReturnState                              0x200001b8   Data           1  motor_driver.o(.data)
    SysTime                                  0x200001bc   Data           4  motor_driver.o(.data)
    SysSubTime                               0x200001c0   Data           4  motor_driver.o(.data)
    SystemState                              0x200001c4   Data           1  motor_driver.o(.data)
    BeatTaskNum                              0x200001c5   Data           1  motor_driver.o(.data)
    ContinueTaskNum                          0x200001c6   Data           1  motor_driver.o(.data)
    over_time                                0x200001c8   Data           2  motor_driver.o(.data)
    last_time                                0x200001ca   Data           8  motor_driver.o(.data)
    that_time                                0x200001d2   Data           8  motor_driver.o(.data)
    last_over_time                           0x200001da   Data           8  motor_driver.o(.data)
    that_over_time                           0x200001e2   Data           8  motor_driver.o(.data)
    last_dir                                 0x200001ea   Data           4  motor_driver.o(.data)
    that_dir                                 0x200001ee   Data           8  motor_driver.o(.data)
    .data                                    0x200001f8   Section      234  usart.o(.data)
    over_time                                0x200001f8   Data           2  usart.o(.data)
    last_time                                0x200001fa   Data           8  usart.o(.data)
    that_time                                0x20000202   Data           8  usart.o(.data)
    last_over_time                           0x2000020a   Data           8  usart.o(.data)
    that_over_time                           0x20000212   Data           8  usart.o(.data)
    last_dir                                 0x2000021a   Data           4  usart.o(.data)
    that_dir                                 0x2000021e   Data           8  usart.o(.data)
    street_width                             0x20000228   Data          24  usart.o(.data)
    ArmLen                                   0x20000240   Data           3  usart.o(.data)
    ArmLen2                                  0x20000244   Data           6  usart.o(.data)
    Reset_Value                              0x2000024a   Data          10  usart.o(.data)
    Width_Target                             0x20000254   Data          10  usart.o(.data)
    WidthInc                                 0x2000025e   Data           5  usart.o(.data)
    MechanicalArm_State                      0x20000263   Data           1  usart.o(.data)
    position                                 0x20000264   Data           8  usart.o(.data)
    Err_Yaw                                  0x2000026c   Data           4  usart.o(.data)
    Target_Position                          0x20000270   Data           8  usart.o(.data)
    Err_Position                             0x20000278   Data           8  usart.o(.data)
    Position_State                           0x20000280   Data           1  usart.o(.data)
    Position_Mode                            0x20000281   Data           1  usart.o(.data)
    Vofa_Sbuffer                             0x20000284   Data          44  usart.o(.data)
    Init_Code                                0x200002b0   Data           4  usart.o(.data)
    Visit_Code                               0x200002b4   Data           4  usart.o(.data)
    Reset_Code                               0x200002b8   Data           4  usart.o(.data)
    Yaw                                      0x200002bc   Data           4  usart.o(.data)
    Yaw_Err                                  0x200002c0   Data           4  usart.o(.data)
    RunState                                 0x200002c4   Data           1  usart.o(.data)
    TargetPosition                           0x200002c8   Data           8  usart.o(.data)
    ReturnState                              0x200002d0   Data           1  usart.o(.data)
    SysTime                                  0x200002d4   Data           4  usart.o(.data)
    SysSubTime                               0x200002d8   Data           4  usart.o(.data)
    SystemState                              0x200002dc   Data           1  usart.o(.data)
    BeatTaskNum                              0x200002dd   Data           1  usart.o(.data)
    ContinueTaskNum                          0x200002de   Data           1  usart.o(.data)
    Usart_Tx_Flag                            0x200002df   Data           3  usart.o(.data)
    .data                                    0x200002e4   Section      236  vofa_p.o(.data)
    Usart_Tx_Flag                            0x200002e4   Data           3  vofa_p.o(.data)
    over_time                                0x200002e8   Data           2  vofa_p.o(.data)
    last_time                                0x200002ea   Data           8  vofa_p.o(.data)
    that_time                                0x200002f2   Data           8  vofa_p.o(.data)
    last_over_time                           0x200002fa   Data           8  vofa_p.o(.data)
    that_over_time                           0x20000302   Data           8  vofa_p.o(.data)
    last_dir                                 0x2000030a   Data           4  vofa_p.o(.data)
    that_dir                                 0x2000030e   Data           8  vofa_p.o(.data)
    street_width                             0x20000318   Data          24  vofa_p.o(.data)
    ArmLen                                   0x20000330   Data           3  vofa_p.o(.data)
    ArmLen2                                  0x20000334   Data           6  vofa_p.o(.data)
    Reset_Value                              0x2000033a   Data          10  vofa_p.o(.data)
    Width_Target                             0x20000344   Data          10  vofa_p.o(.data)
    WidthInc                                 0x2000034e   Data           5  vofa_p.o(.data)
    MechanicalArm_State                      0x20000353   Data           1  vofa_p.o(.data)
    position                                 0x20000354   Data           8  vofa_p.o(.data)
    Err_Yaw                                  0x2000035c   Data           4  vofa_p.o(.data)
    Target_Position                          0x20000360   Data           8  vofa_p.o(.data)
    Err_Position                             0x20000368   Data           8  vofa_p.o(.data)
    Position_State                           0x20000370   Data           1  vofa_p.o(.data)
    Position_Mode                            0x20000371   Data           1  vofa_p.o(.data)
    Init_Code                                0x20000372   Data           4  vofa_p.o(.data)
    Visit_Code                               0x20000376   Data           4  vofa_p.o(.data)
    Reset_Code                               0x2000037a   Data           4  vofa_p.o(.data)
    Yaw                                      0x20000380   Data           4  vofa_p.o(.data)
    Yaw_Err                                  0x20000384   Data           4  vofa_p.o(.data)
    RunState                                 0x20000388   Data           1  vofa_p.o(.data)
    TargetPosition                           0x2000038c   Data           8  vofa_p.o(.data)
    ReturnState                              0x20000394   Data           1  vofa_p.o(.data)
    SysTime                                  0x20000398   Data           4  vofa_p.o(.data)
    SysSubTime                               0x2000039c   Data           4  vofa_p.o(.data)
    SystemState                              0x200003a0   Data           1  vofa_p.o(.data)
    BeatTaskNum                              0x200003a1   Data           1  vofa_p.o(.data)
    ContinueTaskNum                          0x200003a2   Data           1  vofa_p.o(.data)
    Vofa_Sbuffer                             0x200003a4   Data          44  vofa_p.o(.data)
    .data                                    0x200003d0   Section      236  system_core.o(.data)
    Usart_Tx_Flag                            0x200003d0   Data           3  system_core.o(.data)
    over_time                                0x200003d4   Data           2  system_core.o(.data)
    last_time                                0x200003d6   Data           8  system_core.o(.data)
    that_time                                0x200003de   Data           8  system_core.o(.data)
    last_over_time                           0x200003e6   Data           8  system_core.o(.data)
    that_over_time                           0x200003ee   Data           8  system_core.o(.data)
    last_dir                                 0x200003f6   Data           4  system_core.o(.data)
    that_dir                                 0x200003fa   Data           8  system_core.o(.data)
    street_width                             0x20000404   Data          24  system_core.o(.data)
    ArmLen                                   0x2000041c   Data           3  system_core.o(.data)
    ArmLen2                                  0x20000420   Data           6  system_core.o(.data)
    Reset_Value                              0x20000426   Data          10  system_core.o(.data)
    Width_Target                             0x20000430   Data          10  system_core.o(.data)
    WidthInc                                 0x2000043a   Data           5  system_core.o(.data)
    MechanicalArm_State                      0x2000043f   Data           1  system_core.o(.data)
    position                                 0x20000440   Data           8  system_core.o(.data)
    Err_Yaw                                  0x20000448   Data           4  system_core.o(.data)
    Target_Position                          0x2000044c   Data           8  system_core.o(.data)
    Err_Position                             0x20000454   Data           8  system_core.o(.data)
    Position_State                           0x2000045c   Data           1  system_core.o(.data)
    Position_Mode                            0x2000045d   Data           1  system_core.o(.data)
    Vofa_Sbuffer                             0x20000460   Data          44  system_core.o(.data)
    Init_Code                                0x2000048c   Data           4  system_core.o(.data)
    Visit_Code                               0x20000490   Data           4  system_core.o(.data)
    Reset_Code                               0x20000494   Data           4  system_core.o(.data)
    Yaw                                      0x20000498   Data           4  system_core.o(.data)
    Yaw_Err                                  0x2000049c   Data           4  system_core.o(.data)
    RunState                                 0x200004a0   Data           1  system_core.o(.data)
    TargetPosition                           0x200004a4   Data           8  system_core.o(.data)
    ReturnState                              0x200004ac   Data           1  system_core.o(.data)
    SysTime                                  0x200004b0   Data           4  system_core.o(.data)
    SysSubTime                               0x200004b4   Data           4  system_core.o(.data)
    SystemState                              0x200004b8   Data           1  system_core.o(.data)
    BeatTaskNum                              0x200004b9   Data           1  system_core.o(.data)
    ContinueTaskNum                          0x200004ba   Data           1  system_core.o(.data)
    ShowStrFlag                              0x200004bb   Data           1  system_core.o(.data)
    .data                                    0x200004bc   Section      234  position_service.o(.data)
    Usart_Tx_Flag                            0x200004bc   Data           3  position_service.o(.data)
    over_time                                0x200004c0   Data           2  position_service.o(.data)
    last_time                                0x200004c2   Data           8  position_service.o(.data)
    that_time                                0x200004ca   Data           8  position_service.o(.data)
    last_over_time                           0x200004d2   Data           8  position_service.o(.data)
    that_over_time                           0x200004da   Data           8  position_service.o(.data)
    last_dir                                 0x200004e2   Data           4  position_service.o(.data)
    that_dir                                 0x200004e6   Data           8  position_service.o(.data)
    street_width                             0x200004f0   Data          24  position_service.o(.data)
    ArmLen                                   0x20000508   Data           3  position_service.o(.data)
    ArmLen2                                  0x2000050c   Data           6  position_service.o(.data)
    Reset_Value                              0x20000512   Data          10  position_service.o(.data)
    Width_Target                             0x2000051c   Data          10  position_service.o(.data)
    WidthInc                                 0x20000526   Data           5  position_service.o(.data)
    MechanicalArm_State                      0x2000052b   Data           1  position_service.o(.data)
    Vofa_Sbuffer                             0x2000052c   Data          44  position_service.o(.data)
    Init_Code                                0x20000558   Data           4  position_service.o(.data)
    Visit_Code                               0x2000055c   Data           4  position_service.o(.data)
    Reset_Code                               0x20000560   Data           4  position_service.o(.data)
    Yaw                                      0x20000564   Data           4  position_service.o(.data)
    Yaw_Err                                  0x20000568   Data           4  position_service.o(.data)
    RunState                                 0x2000056c   Data           1  position_service.o(.data)
    TargetPosition                           0x20000570   Data           8  position_service.o(.data)
    ReturnState                              0x20000578   Data           1  position_service.o(.data)
    SysTime                                  0x2000057c   Data           4  position_service.o(.data)
    SysSubTime                               0x20000580   Data           4  position_service.o(.data)
    SystemState                              0x20000584   Data           1  position_service.o(.data)
    BeatTaskNum                              0x20000585   Data           1  position_service.o(.data)
    ContinueTaskNum                          0x20000586   Data           1  position_service.o(.data)
    position                                 0x20000588   Data           8  position_service.o(.data)
    Err_Yaw                                  0x20000590   Data           4  position_service.o(.data)
    Target_Position                          0x20000594   Data           8  position_service.o(.data)
    Err_Position                             0x2000059c   Data           8  position_service.o(.data)
    Position_State                           0x200005a4   Data           1  position_service.o(.data)
    Position_Mode                            0x200005a5   Data           1  position_service.o(.data)
    .data                                    0x200005a8   Section      236  mechanicalarm_service.o(.data)
    Usart_Tx_Flag                            0x200005a8   Data           3  mechanicalarm_service.o(.data)
    over_time                                0x200005ac   Data           2  mechanicalarm_service.o(.data)
    last_time                                0x200005ae   Data           8  mechanicalarm_service.o(.data)
    that_time                                0x200005b6   Data           8  mechanicalarm_service.o(.data)
    last_over_time                           0x200005be   Data           8  mechanicalarm_service.o(.data)
    that_over_time                           0x200005c6   Data           8  mechanicalarm_service.o(.data)
    last_dir                                 0x200005ce   Data           4  mechanicalarm_service.o(.data)
    that_dir                                 0x200005d2   Data           8  mechanicalarm_service.o(.data)
    position                                 0x200005dc   Data           8  mechanicalarm_service.o(.data)
    Err_Yaw                                  0x200005e4   Data           4  mechanicalarm_service.o(.data)
    Target_Position                          0x200005e8   Data           8  mechanicalarm_service.o(.data)
    Err_Position                             0x200005f0   Data           8  mechanicalarm_service.o(.data)
    Position_State                           0x200005f8   Data           1  mechanicalarm_service.o(.data)
    Position_Mode                            0x200005f9   Data           1  mechanicalarm_service.o(.data)
    Vofa_Sbuffer                             0x200005fc   Data          44  mechanicalarm_service.o(.data)
    Init_Code                                0x20000628   Data           4  mechanicalarm_service.o(.data)
    Visit_Code                               0x2000062c   Data           4  mechanicalarm_service.o(.data)
    Reset_Code                               0x20000630   Data           4  mechanicalarm_service.o(.data)
    Yaw                                      0x20000634   Data           4  mechanicalarm_service.o(.data)
    Yaw_Err                                  0x20000638   Data           4  mechanicalarm_service.o(.data)
    RunState                                 0x2000063c   Data           1  mechanicalarm_service.o(.data)
    TargetPosition                           0x20000640   Data           8  mechanicalarm_service.o(.data)
    ReturnState                              0x20000648   Data           1  mechanicalarm_service.o(.data)
    SysTime                                  0x2000064c   Data           4  mechanicalarm_service.o(.data)
    SysSubTime                               0x20000650   Data           4  mechanicalarm_service.o(.data)
    SystemState                              0x20000654   Data           1  mechanicalarm_service.o(.data)
    BeatTaskNum                              0x20000655   Data           1  mechanicalarm_service.o(.data)
    ContinueTaskNum                          0x20000656   Data           1  mechanicalarm_service.o(.data)
    street_width                             0x20000658   Data          24  mechanicalarm_service.o(.data)
    ArmLen                                   0x20000670   Data           3  mechanicalarm_service.o(.data)
    ArmLen2                                  0x20000674   Data           6  mechanicalarm_service.o(.data)
    Reset_Value                              0x2000067a   Data          10  mechanicalarm_service.o(.data)
    Width_Target                             0x20000684   Data          10  mechanicalarm_service.o(.data)
    WidthInc                                 0x2000068e   Data           5  mechanicalarm_service.o(.data)
    MechanicalArm_State                      0x20000693   Data           1  mechanicalarm_service.o(.data)
    .data                                    0x20000694   Section      233  main_app.o(.data)
    Usart_Tx_Flag                            0x20000694   Data           3  main_app.o(.data)
    over_time                                0x20000698   Data           2  main_app.o(.data)
    last_time                                0x2000069a   Data           8  main_app.o(.data)
    that_time                                0x200006a2   Data           8  main_app.o(.data)
    last_over_time                           0x200006aa   Data           8  main_app.o(.data)
    that_over_time                           0x200006b2   Data           8  main_app.o(.data)
    last_dir                                 0x200006ba   Data           4  main_app.o(.data)
    that_dir                                 0x200006be   Data           8  main_app.o(.data)
    street_width                             0x200006c8   Data          24  main_app.o(.data)
    ArmLen                                   0x200006e0   Data           3  main_app.o(.data)
    ArmLen2                                  0x200006e4   Data           6  main_app.o(.data)
    Reset_Value                              0x200006ea   Data          10  main_app.o(.data)
    Width_Target                             0x200006f4   Data          10  main_app.o(.data)
    WidthInc                                 0x200006fe   Data           5  main_app.o(.data)
    MechanicalArm_State                      0x20000703   Data           1  main_app.o(.data)
    position                                 0x20000704   Data           8  main_app.o(.data)
    Err_Yaw                                  0x2000070c   Data           4  main_app.o(.data)
    Target_Position                          0x20000710   Data           8  main_app.o(.data)
    Err_Position                             0x20000718   Data           8  main_app.o(.data)
    Position_State                           0x20000720   Data           1  main_app.o(.data)
    Position_Mode                            0x20000721   Data           1  main_app.o(.data)
    Vofa_Sbuffer                             0x20000724   Data          44  main_app.o(.data)
    Init_Code                                0x20000750   Data           4  main_app.o(.data)
    Visit_Code                               0x20000754   Data           4  main_app.o(.data)
    Reset_Code                               0x20000758   Data           4  main_app.o(.data)
    Yaw                                      0x2000075c   Data           4  main_app.o(.data)
    Yaw_Err                                  0x20000760   Data           4  main_app.o(.data)
    ReturnState                              0x20000764   Data           1  main_app.o(.data)
    SysTime                                  0x20000768   Data           4  main_app.o(.data)
    SysSubTime                               0x2000076c   Data           4  main_app.o(.data)
    SystemState                              0x20000770   Data           1  main_app.o(.data)
    BeatTaskNum                              0x20000771   Data           1  main_app.o(.data)
    ContinueTaskNum                          0x20000772   Data           1  main_app.o(.data)
    RunState                                 0x20000773   Data           1  main_app.o(.data)
    TargetPosition                           0x20000774   Data           8  main_app.o(.data)
    flag                                     0x2000077c   Data           1  main_app.o(.data)
    .data                                    0x20000780   Section      232  debug_app.o(.data)
    Usart_Tx_Flag                            0x20000780   Data           3  debug_app.o(.data)
    over_time                                0x20000784   Data           2  debug_app.o(.data)
    last_time                                0x20000786   Data           8  debug_app.o(.data)
    that_time                                0x2000078e   Data           8  debug_app.o(.data)
    last_over_time                           0x20000796   Data           8  debug_app.o(.data)
    that_over_time                           0x2000079e   Data           8  debug_app.o(.data)
    last_dir                                 0x200007a6   Data           4  debug_app.o(.data)
    that_dir                                 0x200007aa   Data           8  debug_app.o(.data)
    street_width                             0x200007b4   Data          24  debug_app.o(.data)
    ArmLen                                   0x200007cc   Data           3  debug_app.o(.data)
    ArmLen2                                  0x200007d0   Data           6  debug_app.o(.data)
    Reset_Value                              0x200007d6   Data          10  debug_app.o(.data)
    Width_Target                             0x200007e0   Data          10  debug_app.o(.data)
    WidthInc                                 0x200007ea   Data           5  debug_app.o(.data)
    MechanicalArm_State                      0x200007ef   Data           1  debug_app.o(.data)
    position                                 0x200007f0   Data           8  debug_app.o(.data)
    Err_Yaw                                  0x200007f8   Data           4  debug_app.o(.data)
    Target_Position                          0x200007fc   Data           8  debug_app.o(.data)
    Err_Position                             0x20000804   Data           8  debug_app.o(.data)
    Position_State                           0x2000080c   Data           1  debug_app.o(.data)
    Position_Mode                            0x2000080d   Data           1  debug_app.o(.data)
    Vofa_Sbuffer                             0x20000810   Data          44  debug_app.o(.data)
    Init_Code                                0x2000083c   Data           4  debug_app.o(.data)
    Visit_Code                               0x20000840   Data           4  debug_app.o(.data)
    Reset_Code                               0x20000844   Data           4  debug_app.o(.data)
    Yaw                                      0x20000848   Data           4  debug_app.o(.data)
    Yaw_Err                                  0x2000084c   Data           4  debug_app.o(.data)
    RunState                                 0x20000850   Data           1  debug_app.o(.data)
    TargetPosition                           0x20000854   Data           8  debug_app.o(.data)
    SysTime                                  0x2000085c   Data           4  debug_app.o(.data)
    SysSubTime                               0x20000860   Data           4  debug_app.o(.data)
    SystemState                              0x20000864   Data           1  debug_app.o(.data)
    BeatTaskNum                              0x20000865   Data           1  debug_app.o(.data)
    ContinueTaskNum                          0x20000866   Data           1  debug_app.o(.data)
    ReturnState                              0x20000867   Data           1  debug_app.o(.data)
    .bss                                     0x20000868   Section      864  motor_driver.o(.bss)
    Usart_Sbuffer                            0x20000868   Data         192  motor_driver.o(.bss)
    PID_Struct                               0x20000928   Data          64  motor_driver.o(.bss)
    PWM                                      0x20000968   Data          16  motor_driver.o(.bss)
    Target_Speed                             0x20000978   Data          16  motor_driver.o(.bss)
    Position_Speed                           0x20000988   Data          16  motor_driver.o(.bss)
    Yaw_Speed                                0x20000998   Data          16  motor_driver.o(.bss)
    BeatTaskList                             0x200009a8   Data         256  motor_driver.o(.bss)
    ContinueTaskList                         0x20000aa8   Data         256  motor_driver.o(.bss)
    distance                                 0x20000ba8   Data          16  motor_driver.o(.bss)
    speed                                    0x20000bb8   Data          16  motor_driver.o(.bss)
    .bss                                     0x20000bc8   Section      992  usart.o(.bss)
    distance                                 0x20000bc8   Data          16  usart.o(.bss)
    PID_Struct                               0x20000bd8   Data          64  usart.o(.bss)
    PWM                                      0x20000c18   Data          16  usart.o(.bss)
    Target_Speed                             0x20000c28   Data          16  usart.o(.bss)
    Position_Speed                           0x20000c38   Data          16  usart.o(.bss)
    Yaw_Speed                                0x20000c48   Data          16  usart.o(.bss)
    BeatTaskList                             0x20000c58   Data         256  usart.o(.bss)
    ContinueTaskList                         0x20000d58   Data         256  usart.o(.bss)
    Usart_Sbuffer                            0x20000e58   Data         192  usart.o(.bss)
    Usart1_Tx_Sbuffer                        0x20000f18   Data          48  usart.o(.bss)
    Usart2_Tx_Sbuffer                        0x20000f48   Data          48  usart.o(.bss)
    Usart3_Tx_Sbuffer                        0x20000f78   Data          48  usart.o(.bss)
    .bss                                     0x20000fa8   Section      848  system_core.o(.bss)
    Usart_Sbuffer                            0x20000fa8   Data         192  system_core.o(.bss)
    distance                                 0x20001068   Data          16  system_core.o(.bss)
    PID_Struct                               0x20001078   Data          64  system_core.o(.bss)
    PWM                                      0x200010b8   Data          16  system_core.o(.bss)
    Target_Speed                             0x200010c8   Data          16  system_core.o(.bss)
    Position_Speed                           0x200010d8   Data          16  system_core.o(.bss)
    Yaw_Speed                                0x200010e8   Data          16  system_core.o(.bss)
    BeatTaskList                             0x200010f8   Data         256  system_core.o(.bss)
    ContinueTaskList                         0x200011f8   Data         256  system_core.o(.bss)
    .bss                                     0x200012f8   Section      848  position_service.o(.bss)
    Usart_Sbuffer                            0x200012f8   Data         192  position_service.o(.bss)
    distance                                 0x200013b8   Data          16  position_service.o(.bss)
    BeatTaskList                             0x200013c8   Data         256  position_service.o(.bss)
    ContinueTaskList                         0x200014c8   Data         256  position_service.o(.bss)
    PID_Struct                               0x200015c8   Data          64  position_service.o(.bss)
    PWM                                      0x20001608   Data          16  position_service.o(.bss)
    Target_Speed                             0x20001618   Data          16  position_service.o(.bss)
    Position_Speed                           0x20001628   Data          16  position_service.o(.bss)
    Yaw_Speed                                0x20001638   Data          16  position_service.o(.bss)
    STACK                                    0x20001648   Section     1024  startup_stm32f10x_hd.o(STACK)

    Global Symbols

    Symbol Name                              Value     Ov Type        Size  Object(Section)

    BuildAttributes$$THM_ISAv4$P$D$K$B$S$PE$A:L22UL41UL21$X:L11$S22US41US21$IEEE1$IW$USESV6$~STKCKD$USESV7$~SHL$OTIME$ROPI$EBA8$MICROLIB$REQ8$PRES8$EABIv2 0x00000000   Number         0  anon$$obj.o ABSOLUTE
    __ARM_use_no_argv                        0x00000000   Number         0  main.o ABSOLUTE
    __cpp_initialize__aeabi_                  - Undefined Weak Reference
    __cxa_finalize                            - Undefined Weak Reference
    _clock_init                               - Undefined Weak Reference
    _microlib_exit                            - Undefined Weak Reference
    __Vectors_Size                           0x00000130   Number         0  startup_stm32f10x_hd.o ABSOLUTE
    __Vectors                                0x08000000   Data           4  startup_stm32f10x_hd.o(RESET)
    __Vectors_End                            0x08000130   Data           0  startup_stm32f10x_hd.o(RESET)
    __main                                   0x08000131   Thumb Code     0  entry.o(.ARM.Collect$$$$00000000)
    _main_stk                                0x08000131   Thumb Code     0  entry2.o(.ARM.Collect$$$$00000001)
    _main_scatterload                        0x08000135   Thumb Code     0  entry5.o(.ARM.Collect$$$$00000004)
    __main_after_scatterload                 0x08000139   Thumb Code     0  entry5.o(.ARM.Collect$$$$00000004)
    _main_clock                              0x08000139   Thumb Code     0  entry7b.o(.ARM.Collect$$$$00000008)
    _main_cpp_init                           0x08000139   Thumb Code     0  entry8b.o(.ARM.Collect$$$$0000000A)
    _main_init                               0x08000139   Thumb Code     0  entry9a.o(.ARM.Collect$$$$0000000B)
    __rt_final_cpp                           0x08000141   Thumb Code     0  entry10a.o(.ARM.Collect$$$$0000000D)
    __rt_final_exit                          0x08000141   Thumb Code     0  entry11a.o(.ARM.Collect$$$$0000000F)
    Reset_Handler                            0x08000145   Thumb Code     8  startup_stm32f10x_hd.o(.text)
    ADC1_2_IRQHandler                        0x0800015f   Thumb Code     0  startup_stm32f10x_hd.o(.text)
    ADC3_IRQHandler                          0x0800015f   Thumb Code     0  startup_stm32f10x_hd.o(.text)
    CAN1_RX1_IRQHandler                      0x0800015f   Thumb Code     0  startup_stm32f10x_hd.o(.text)
    CAN1_SCE_IRQHandler                      0x0800015f   Thumb Code     0  startup_stm32f10x_hd.o(.text)
    DMA1_Channel1_IRQHandler                 0x0800015f   Thumb Code     0  startup_stm32f10x_hd.o(.text)
    DMA1_Channel3_IRQHandler                 0x0800015f   Thumb Code     0  startup_stm32f10x_hd.o(.text)
    DMA1_Channel5_IRQHandler                 0x0800015f   Thumb Code     0  startup_stm32f10x_hd.o(.text)
    DMA1_Channel6_IRQHandler                 0x0800015f   Thumb Code     0  startup_stm32f10x_hd.o(.text)
    DMA2_Channel1_IRQHandler                 0x0800015f   Thumb Code     0  startup_stm32f10x_hd.o(.text)
    DMA2_Channel2_IRQHandler                 0x0800015f   Thumb Code     0  startup_stm32f10x_hd.o(.text)
    DMA2_Channel3_IRQHandler                 0x0800015f   Thumb Code     0  startup_stm32f10x_hd.o(.text)
    DMA2_Channel4_5_IRQHandler               0x0800015f   Thumb Code     0  startup_stm32f10x_hd.o(.text)
    EXTI15_10_IRQHandler                     0x0800015f   Thumb Code     0  startup_stm32f10x_hd.o(.text)
    EXTI1_IRQHandler                         0x0800015f   Thumb Code     0  startup_stm32f10x_hd.o(.text)
    EXTI3_IRQHandler                         0x0800015f   Thumb Code     0  startup_stm32f10x_hd.o(.text)
    FLASH_IRQHandler                         0x0800015f   Thumb Code     0  startup_stm32f10x_hd.o(.text)
    FSMC_IRQHandler                          0x0800015f   Thumb Code     0  startup_stm32f10x_hd.o(.text)
    I2C1_ER_IRQHandler                       0x0800015f   Thumb Code     0  startup_stm32f10x_hd.o(.text)
    I2C1_EV_IRQHandler                       0x0800015f   Thumb Code     0  startup_stm32f10x_hd.o(.text)
    I2C2_ER_IRQHandler                       0x0800015f   Thumb Code     0  startup_stm32f10x_hd.o(.text)
    I2C2_EV_IRQHandler                       0x0800015f   Thumb Code     0  startup_stm32f10x_hd.o(.text)
    PVD_IRQHandler                           0x0800015f   Thumb Code     0  startup_stm32f10x_hd.o(.text)
    RCC_IRQHandler                           0x0800015f   Thumb Code     0  startup_stm32f10x_hd.o(.text)
    RTCAlarm_IRQHandler                      0x0800015f   Thumb Code     0  startup_stm32f10x_hd.o(.text)
    RTC_IRQHandler                           0x0800015f   Thumb Code     0  startup_stm32f10x_hd.o(.text)
    SDIO_IRQHandler                          0x0800015f   Thumb Code     0  startup_stm32f10x_hd.o(.text)
    SPI1_IRQHandler                          0x0800015f   Thumb Code     0  startup_stm32f10x_hd.o(.text)
    SPI2_IRQHandler                          0x0800015f   Thumb Code     0  startup_stm32f10x_hd.o(.text)
    SPI3_IRQHandler                          0x0800015f   Thumb Code     0  startup_stm32f10x_hd.o(.text)
    TAMPER_IRQHandler                        0x0800015f   Thumb Code     0  startup_stm32f10x_hd.o(.text)
    TIM1_BRK_IRQHandler                      0x0800015f   Thumb Code     0  startup_stm32f10x_hd.o(.text)
    TIM1_CC_IRQHandler                       0x0800015f   Thumb Code     0  startup_stm32f10x_hd.o(.text)
    TIM1_TRG_COM_IRQHandler                  0x0800015f   Thumb Code     0  startup_stm32f10x_hd.o(.text)
    TIM1_UP_IRQHandler                       0x0800015f   Thumb Code     0  startup_stm32f10x_hd.o(.text)
    TIM2_IRQHandler                          0x0800015f   Thumb Code     0  startup_stm32f10x_hd.o(.text)
    TIM3_IRQHandler                          0x0800015f   Thumb Code     0  startup_stm32f10x_hd.o(.text)
    TIM4_IRQHandler                          0x0800015f   Thumb Code     0  startup_stm32f10x_hd.o(.text)
    TIM5_IRQHandler                          0x0800015f   Thumb Code     0  startup_stm32f10x_hd.o(.text)
    TIM8_BRK_IRQHandler                      0x0800015f   Thumb Code     0  startup_stm32f10x_hd.o(.text)
    TIM8_CC_IRQHandler                       0x0800015f   Thumb Code     0  startup_stm32f10x_hd.o(.text)
    TIM8_TRG_COM_IRQHandler                  0x0800015f   Thumb Code     0  startup_stm32f10x_hd.o(.text)
    TIM8_UP_IRQHandler                       0x0800015f   Thumb Code     0  startup_stm32f10x_hd.o(.text)
    UART4_IRQHandler                         0x0800015f   Thumb Code     0  startup_stm32f10x_hd.o(.text)
    UART5_IRQHandler                         0x0800015f   Thumb Code     0  startup_stm32f10x_hd.o(.text)
    USBWakeUp_IRQHandler                     0x0800015f   Thumb Code     0  startup_stm32f10x_hd.o(.text)
    USB_HP_CAN1_TX_IRQHandler                0x0800015f   Thumb Code     0  startup_stm32f10x_hd.o(.text)
    USB_LP_CAN1_RX0_IRQHandler               0x0800015f   Thumb Code     0  startup_stm32f10x_hd.o(.text)
    WWDG_IRQHandler                          0x0800015f   Thumb Code     0  startup_stm32f10x_hd.o(.text)
    __aeabi_ldivmod                          0x08000169   Thumb Code    98  ldiv.o(.text)
    __aeabi_fadd                             0x080001cb   Thumb Code   164  fadd.o(.text)
    __aeabi_fsub                             0x0800026f   Thumb Code     6  fadd.o(.text)
    __aeabi_frsub                            0x08000275   Thumb Code     6  fadd.o(.text)
    __aeabi_fmul                             0x0800027b   Thumb Code   100  fmul.o(.text)
    __aeabi_fdiv                             0x080002df   Thumb Code   124  fdiv.o(.text)
    __aeabi_dadd                             0x0800035b   Thumb Code   322  dadd.o(.text)
    __aeabi_dsub                             0x0800049d   Thumb Code     6  dadd.o(.text)
    __aeabi_drsub                            0x080004a3   Thumb Code     6  dadd.o(.text)
    __aeabi_dmul                             0x080004a9   Thumb Code   228  dmul.o(.text)
    __aeabi_i2f                              0x0800058d   Thumb Code    18  fflti.o(.text)
    __aeabi_f2iz                             0x0800059f   Thumb Code    50  ffixi.o(.text)
    __aeabi_f2d                              0x080005d1   Thumb Code    38  f2d.o(.text)
    __aeabi_d2f                              0x080005f7   Thumb Code    56  d2f.o(.text)
    __aeabi_cfcmpeq                          0x08000631   Thumb Code     0  cfcmple.o(.text)
    __aeabi_cfcmple                          0x08000631   Thumb Code    20  cfcmple.o(.text)
    __aeabi_uldivmod                         0x08000645   Thumb Code    98  uldiv.o(.text)
    __aeabi_llsl                             0x080006a7   Thumb Code    30  llshl.o(.text)
    _ll_shift_l                              0x080006a7   Thumb Code     0  llshl.o(.text)
    __aeabi_lasr                             0x080006c5   Thumb Code    36  llsshr.o(.text)
    _ll_sshift_r                             0x080006c5   Thumb Code     0  llsshr.o(.text)
    __I$use$fp                               0x080006e9   Thumb Code     0  iusefp.o(.text)
    _float_round                             0x080006e9   Thumb Code    18  fepilogue.o(.text)
    _float_epilogue                          0x080006fb   Thumb Code    92  fepilogue.o(.text)
    _double_round                            0x08000757   Thumb Code    30  depilogue.o(.text)
    _double_epilogue                         0x08000775   Thumb Code   156  depilogue.o(.text)
    __scatterload                            0x08000811   Thumb Code    28  init.o(.text)
    __scatterload_rt2                        0x08000811   Thumb Code     0  init.o(.text)
    __aeabi_llsr                             0x08000835   Thumb Code    32  llushr.o(.text)
    _ll_ushift_r                             0x08000835   Thumb Code     0  llushr.o(.text)
    __decompress                             0x08000855   Thumb Code     0  __dclz77c.o(.text)
    __decompress2                            0x08000855   Thumb Code    94  __dclz77c.o(.text)
    BusFault_Handler                         0x080008b3   Thumb Code     4  stm32f10x_it.o(i.BusFault_Handler)
    DMA1_Channel2_IRQHandler                 0x080008b9   Thumb Code    32  usart.o(i.DMA1_Channel2_IRQHandler)
    DMA1_Channel4_IRQHandler                 0x080008dd   Thumb Code    36  usart.o(i.DMA1_Channel4_IRQHandler)
    DMA1_Channel7_IRQHandler                 0x08000905   Thumb Code    36  usart.o(i.DMA1_Channel7_IRQHandler)
    DMA_ClearFlag                            0x0800092d   Thumb Code    18  stm32f10x_dma.o(i.DMA_ClearFlag)
    DMA_Cmd                                  0x08000949   Thumb Code    24  stm32f10x_dma.o(i.DMA_Cmd)
    DMA_DeInit                               0x08000961   Thumb Code   324  stm32f10x_dma.o(i.DMA_DeInit)
    DMA_GetITStatus                          0x08000aad   Thumb Code    36  stm32f10x_dma.o(i.DMA_GetITStatus)
    DMA_ITConfig                             0x08000ad9   Thumb Code    18  stm32f10x_dma.o(i.DMA_ITConfig)
    DMA_Init                                 0x08000aeb   Thumb Code    60  stm32f10x_dma.o(i.DMA_Init)
    DMA_SetCurrDataCounter                   0x08000b27   Thumb Code     4  stm32f10x_dma.o(i.DMA_SetCurrDataCounter)
    DebugMon_Handler                         0x08000b2b   Thumb Code     2  stm32f10x_it.o(i.DebugMon_Handler)
    Disitance_clear                          0x08000b2d   Thumb Code    22  motor_driver.o(i.Disitance_clear)
    EXTI0_IRQHandler                         0x08000b49   Thumb Code   106  motor_driver.o(i.EXTI0_IRQHandler)
    EXTI2_IRQHandler                         0x08000bdd   Thumb Code   106  motor_driver.o(i.EXTI2_IRQHandler)
    EXTI4_IRQHandler                         0x08000c71   Thumb Code   106  motor_driver.o(i.EXTI4_IRQHandler)
    EXTI9_5_IRQHandler                       0x08000d05   Thumb Code   106  motor_driver.o(i.EXTI9_5_IRQHandler)
    EXTI_ClearFlag                           0x08000d99   Thumb Code     6  stm32f10x_exti.o(i.EXTI_ClearFlag)
    EXTI_ClearITPendingBit                   0x08000da5   Thumb Code     6  stm32f10x_exti.o(i.EXTI_ClearITPendingBit)
    EXTI_GetITStatus                         0x08000db1   Thumb Code    34  stm32f10x_exti.o(i.EXTI_GetITStatus)
    EXTI_Init                                0x08000dd9   Thumb Code   142  stm32f10x_exti.o(i.EXTI_Init)
    GPIO_EXTILineConfig                      0x08000e6d   Thumb Code    60  stm32f10x_gpio.o(i.GPIO_EXTILineConfig)
    GPIO_Init                                0x08000ead   Thumb Code   278  stm32f10x_gpio.o(i.GPIO_Init)
    GPIO_ReadInputDataBit                    0x08000fc3   Thumb Code    18  stm32f10x_gpio.o(i.GPIO_ReadInputDataBit)
    GPIO_ResetBits                           0x08000fd5   Thumb Code     4  stm32f10x_gpio.o(i.GPIO_ResetBits)
    GPIO_SetBits                             0x08000fd9   Thumb Code     4  stm32f10x_gpio.o(i.GPIO_SetBits)
    Gyroscope_Init                           0x08000fdd   Thumb Code    50  gyroscope.o(i.Gyroscope_Init)
    Gyroscope_ReadYaw                        0x0800101d   Thumb Code    12  gyroscope.o(i.Gyroscope_ReadYaw)
    Gyroscope_RequestUpdata                  0x0800102d   Thumb Code    18  gyroscope.o(i.Gyroscope_RequestUpdata)
    Gyroscope_YawUpdata                      0x08001045   Thumb Code    38  gyroscope.o(i.Gyroscope_YawUpdata)
    Hall_EXTI_Config                         0x08001075   Thumb Code   160  motor_init.o(i.Hall_EXTI_Config)
    Hall_GPIO_Config                         0x08001115   Thumb Code    32  motor_init.o(i.Hall_GPIO_Config)
    Hall_TIM_Config                          0x08001139   Thumb Code    98  motor_init.o(i.Hall_TIM_Config)
    HardFault_Handler                        0x080011a1   Thumb Code     4  stm32f10x_it.o(i.HardFault_Handler)
    IIC_Init                                 0x080011a5   Thumb Code    60  iic.o(i.IIC_Init)
    IIC_SendByte                             0x080011e5   Thumb Code    70  iic.o(i.IIC_SendByte)
    IIC_Start                                0x08001231   Thumb Code    44  iic.o(i.IIC_Start)
    IIC_Stop                                 0x08001261   Thumb Code    34  iic.o(i.IIC_Stop)
    IIC_WaitACK                              0x08001289   Thumb Code    24  iic.o(i.IIC_WaitACK)
    Inc_PID                                  0x080012a5   Thumb Code   160  position_service.o(i.Inc_PID)
    Inc_PID_Realiz                           0x08001359   Thumb Code   142  position_service.o(i.Inc_PID_Realiz)
    MechanicalArm_Reset                      0x080013f5   Thumb Code    70  mechanicalarm_service.o(i.MechanicalArm_Reset)
    MechanicalArm_Service                    0x08001449   Thumb Code    24  mechanicalarm_service.o(i.MechanicalArm_Service)
    MemManage_Handler                        0x08001465   Thumb Code     4  stm32f10x_it.o(i.MemManage_Handler)
    Motor_GPIO_Config                        0x08001469   Thumb Code    40  motor_init.o(i.Motor_GPIO_Config)
    Motor_Init                               0x08001495   Thumb Code    28  motor_init.o(i.Motor_Init)
    Motor_TIM_Config                         0x080014b1   Thumb Code   148  motor_init.o(i.Motor_TIM_Config)
    NMI_Handler                              0x08001549   Thumb Code     2  stm32f10x_it.o(i.NMI_Handler)
    NVIC_Init                                0x0800154d   Thumb Code   100  misc.o(i.NVIC_Init)
    NVIC_PriorityGroupConfig                 0x080015bd   Thumb Code    10  misc.o(i.NVIC_PriorityGroupConfig)
    OLED_Clear                               0x080015d1   Thumb Code    44  oled.o(i.OLED_Clear)
    OLED_FB_Task                             0x080015fd   Thumb Code    80  system_core.o(i.OLED_FB_Task)
    OLED_Init                                0x08001671   Thumb Code   232  oled.o(i.OLED_Init)
    OLED_PosSet                              0x08001759   Thumb Code    54  oled.o(i.OLED_PosSet)
    OLED_SendByte                            0x0800178f   Thumb Code    56  oled.o(i.OLED_SendByte)
    OLED_ShowChar                            0x080017c9   Thumb Code   162  oled.o(i.OLED_ShowChar)
    OLED_ShowNum                             0x08001875   Thumb Code   144  oled.o(i.OLED_ShowNum)
    OLED_ShowString                          0x08001905   Thumb Code    76  oled.o(i.OLED_ShowString)
    PCB_System_Init                          0x08001951   Thumb Code   248  system_core.o(i.PCB_System_Init)
    PWM_Out                                  0x08001a75   Thumb Code   396  motor_driver.o(i.PWM_Out)
    PendSV_Handler                           0x08001c09   Thumb Code     2  stm32f10x_it.o(i.PendSV_Handler)
    PositionClr_Service                      0x08001c0d   Thumb Code    70  position_service.o(i.PositionClr_Service)
    PositionSpeed_Config                     0x08001c61   Thumb Code   106  position_service.o(i.PositionSpeed_Config)
    PositionState_Inc                        0x08001cd5   Thumb Code    18  position_service.o(i.PositionState_Inc)
    PositionState_Updata                     0x08001ced   Thumb Code   114  position_service.o(i.PositionState_Updata)
    Position_Stop                            0x08001d6d   Thumb Code    34  position_service.o(i.Position_Stop)
    Position_Update                          0x08001d9d   Thumb Code   114  position_service.o(i.Position_Update)
    RCC_AHBPeriphClockCmd                    0x08001e21   Thumb Code    26  stm32f10x_rcc.o(i.RCC_AHBPeriphClockCmd)
    RCC_APB1PeriphClockCmd                   0x08001e41   Thumb Code    26  stm32f10x_rcc.o(i.RCC_APB1PeriphClockCmd)
    RCC_APB2PeriphClockCmd                   0x08001e61   Thumb Code    26  stm32f10x_rcc.o(i.RCC_APB2PeriphClockCmd)
    RCC_GetClocksFreq                        0x08001e81   Thumb Code   192  stm32f10x_rcc.o(i.RCC_GetClocksFreq)
    Read_Distance                            0x08001f55   Thumb Code     4  motor_driver.o(i.Read_Distance)
    Read_Position                            0x08001f5d   Thumb Code     4  position_service.o(i.Read_Position)
    Read_PositionState                       0x08001f65   Thumb Code     6  position_service.o(i.Read_PositionState)
    Read_Speed                               0x08001f71   Thumb Code   298  motor_driver.o(i.Read_Speed)
    Read_SysSubTime                          0x080020c5   Thumb Code     6  system_core.o(i.Read_SysSubTime)
    ReturnPosition                           0x080020d1   Thumb Code    38  debug_app.o(i.ReturnPosition)
    ReturnSpeed                              0x080020f7   Thumb Code    38  debug_app.o(i.ReturnSpeed)
    ReturnYaw                                0x0800211d   Thumb Code    32  debug_app.o(i.ReturnYaw)
    SVC_Handler                              0x08002141   Thumb Code     2  stm32f10x_it.o(i.SVC_Handler)
    Speed_Set                                0x0800222d   Thumb Code    34  position_service.o(i.Speed_Set)
    Speed_Syn                                0x08002255   Thumb Code   114  position_service.o(i.Speed_Syn)
    StreetMotor_GPIO_Config                  0x080022d9   Thumb Code    60  street_motor.o(i.StreetMotor_GPIO_Config)
    StreetMotor_Init                         0x0800231d   Thumb Code    18  street_motor.o(i.StreetMotor_Init)
    StreetMotor_TIM_Config                   0x08002331   Thumb Code   212  street_motor.o(i.StreetMotor_TIM_Config)
    SysSecBeat_Config                        0x08002409   Thumb Code    92  system_core.o(i.SysSecBeat_Config)
    SysTick_Handler                          0x08002469   Thumb Code    52  system_core.o(i.SysTick_Handler)
    SystemBeat_Task                          0x080024a5   Thumb Code     2  system_core.o(i.SystemBeat_Task)
    SystemConti_Task                         0x080024a7   Thumb Code     2  system_core.o(i.SystemConti_Task)
    SystemInit                               0x080024a9   Thumb Code    78  system_stm32f10x.o(i.SystemInit)
    SystemState_Set                          0x08002509   Thumb Code    16  system_core.o(i.SystemState_Set)
    TB6612_Init                              0x0800251d   Thumb Code    50  motor_init.o(i.TB6612_Init)
    TIM6_IRQHandler                          0x08002555   Thumb Code    34  motor_driver.o(i.TIM6_IRQHandler)
    TIM7_IRQHandler                          0x08002581   Thumb Code    34  system_core.o(i.TIM7_IRQHandler)
    TIM_ClearITPendingBit                    0x080025ad   Thumb Code     6  stm32f10x_tim.o(i.TIM_ClearITPendingBit)
    TIM_Cmd                                  0x080025b3   Thumb Code    24  stm32f10x_tim.o(i.TIM_Cmd)
    TIM_GetITStatus                          0x080025cb   Thumb Code    34  stm32f10x_tim.o(i.TIM_GetITStatus)
    TIM_ITConfig                             0x080025ed   Thumb Code    18  stm32f10x_tim.o(i.TIM_ITConfig)
    TIM_OC1Init                              0x08002601   Thumb Code   132  stm32f10x_tim.o(i.TIM_OC1Init)
    TIM_OC1PreloadConfig                     0x08002699   Thumb Code    18  stm32f10x_tim.o(i.TIM_OC1PreloadConfig)
    TIM_OC2Init                              0x080026ad   Thumb Code   154  stm32f10x_tim.o(i.TIM_OC2Init)
    TIM_OC2PreloadConfig                     0x08002751   Thumb Code    26  stm32f10x_tim.o(i.TIM_OC2PreloadConfig)
    TIM_OC3Init                              0x0800276d   Thumb Code   150  stm32f10x_tim.o(i.TIM_OC3Init)
    TIM_OC3PreloadConfig                     0x0800280d   Thumb Code    18  stm32f10x_tim.o(i.TIM_OC3PreloadConfig)
    TIM_OC4Init                              0x08002821   Thumb Code   114  stm32f10x_tim.o(i.TIM_OC4Init)
    TIM_OC4PreloadConfig                     0x0800289d   Thumb Code    26  stm32f10x_tim.o(i.TIM_OC4PreloadConfig)
    TIM_SetCompare1                          0x080028b7   Thumb Code     4  stm32f10x_tim.o(i.TIM_SetCompare1)
    TIM_SetCompare2                          0x080028bb   Thumb Code     4  stm32f10x_tim.o(i.TIM_SetCompare2)
    TIM_SetCompare3                          0x080028bf   Thumb Code     4  stm32f10x_tim.o(i.TIM_SetCompare3)
    TIM_SetCompare4                          0x080028c3   Thumb Code     6  stm32f10x_tim.o(i.TIM_SetCompare4)
    TIM_TimeBaseInit                         0x080028c9   Thumb Code   122  stm32f10x_tim.o(i.TIM_TimeBaseInit)
    TargetMove_Set                           0x0800296d   Thumb Code    50  position_service.o(i.TargetMove_Set)
    TaskList_Config                          0x080029b1   Thumb Code    86  system_core.o(i.TaskList_Config)
    USART1_IRQHandler                        0x08002a19   Thumb Code    56  usart.o(i.USART1_IRQHandler)
    USART2_IRQHandler                        0x08002a59   Thumb Code    64  usart.o(i.USART2_IRQHandler)
    USART3_IRQHandler                        0x08002aa1   Thumb Code    86  usart.o(i.USART3_IRQHandler)
    USART_ClearITPendingBit                  0x08002b01   Thumb Code    30  stm32f10x_usart.o(i.USART_ClearITPendingBit)
    USART_Cmd                                0x08002b1f   Thumb Code    24  stm32f10x_usart.o(i.USART_Cmd)
    USART_DMACmd                             0x08002b37   Thumb Code    18  stm32f10x_usart.o(i.USART_DMACmd)
    USART_GetITStatus                        0x08002b49   Thumb Code    84  stm32f10x_usart.o(i.USART_GetITStatus)
    USART_ITConfig                           0x08002b9d   Thumb Code    74  stm32f10x_usart.o(i.USART_ITConfig)
    USART_Init                               0x08002be9   Thumb Code   210  stm32f10x_usart.o(i.USART_Init)
    USART_ReceiveData                        0x08002cc1   Thumb Code    10  stm32f10x_usart.o(i.USART_ReceiveData)
    UsageFault_Handler                       0x08002ccb   Thumb Code     4  stm32f10x_it.o(i.UsageFault_Handler)
    Usart1_Send                              0x08002cd1   Thumb Code    62  usart.o(i.Usart1_Send)
    Usart3_Send                              0x08002d1d   Thumb Code    62  usart.o(i.Usart3_Send)
    Usart_Config                             0x08002d69   Thumb Code   300  usart.o(i.Usart_Config)
    Usart_DMA_Config                         0x08002ea9   Thumb Code   290  usart.o(i.Usart_DMA_Config)
    Usart_Sbuffer_Clear                      0x08002fe9   Thumb Code    14  usart.o(i.Usart_Sbuffer_Clear)
    Usart_TxFlag_Clear                       0x08002ffd   Thumb Code    10  usart.o(i.Usart_TxFlag_Clear)
    Vofa_Input                               0x0800300d   Thumb Code    12  vofa_p.o(i.Vofa_Input)
    Vofa_Send                                0x0800301d   Thumb Code    12  vofa_p.o(i.Vofa_Send)
    Wait_Gyroscope                           0x0800302d   Thumb Code    98  gyroscope.o(i.Wait_Gyroscope)
    YawSpeed_Config                          0x080030a5   Thumb Code    88  position_service.o(i.YawSpeed_Config)
    __scatterload_copy                       0x08003109   Thumb Code    14  handlers.o(i.__scatterload_copy)
    __scatterload_null                       0x08003117   Thumb Code     2  handlers.o(i.__scatterload_null)
    __scatterload_zeroinit                   0x08003119   Thumb Code    14  handlers.o(i.__scatterload_zeroinit)
    debug_app_Task                           0x08003129   Thumb Code    26  debug_app.o(i.debug_app_Task)
    main                                     0x08003149   Thumb Code     8  main.o(i.main)
    main_app_Task                            0x08003151   Thumb Code    52  main_app.o(i.main_app_Task)
    asc2_0806                                0x0800318c   Data         546  oled.o(.constdata)
    asc2_1608                                0x080033ae   Data        1456  oled.o(.constdata)
    Region$$Table$$Base                      0x08003960   Number         0  anon$$obj.o(Region$$Table)
    Region$$Table$$Limit                     0x08003980   Number         0  anon$$obj.o(Region$$Table)
    __initial_sp                             0x20001a48   Data           0  startup_stm32f10x_hd.o(STACK)



==============================================================================

Memory Map of the image

  Image Entry point : 0x08000131

  Load Region LR_IROM1 (Base: 0x08000000, Size: 0x000041e8, Max: 0x00080000, ABSOLUTE, COMPRESSED[0x00003a20])

    Execution Region ER_IROM1 (Base: 0x08000000, Size: 0x00003980, Max: 0x00080000, ABSOLUTE)

    Base Addr    Size         Type   Attr      Idx    E Section Name        Object

    0x08000000   0x00000130   Data   RO         1458    RESET               startup_stm32f10x_hd.o
    0x08000130   0x00000000   Code   RO         2256  * .ARM.Collect$$$$00000000  mc_w.l(entry.o)
    0x08000130   0x00000004   Code   RO         2281    .ARM.Collect$$$$00000001  mc_w.l(entry2.o)
    0x08000134   0x00000004   Code   RO         2284    .ARM.Collect$$$$00000004  mc_w.l(entry5.o)
    0x08000138   0x00000000   Code   RO         2286    .ARM.Collect$$$$00000008  mc_w.l(entry7b.o)
    0x08000138   0x00000000   Code   RO         2288    .ARM.Collect$$$$0000000A  mc_w.l(entry8b.o)
    0x08000138   0x00000008   Code   RO         2289    .ARM.Collect$$$$0000000B  mc_w.l(entry9a.o)
    0x08000140   0x00000000   Code   RO         2291    .ARM.Collect$$$$0000000D  mc_w.l(entry10a.o)
    0x08000140   0x00000000   Code   RO         2293    .ARM.Collect$$$$0000000F  mc_w.l(entry11a.o)
    0x08000140   0x00000004   Code   RO         2282    .ARM.Collect$$$$00002712  mc_w.l(entry2.o)
    0x08000144   0x00000024   Code   RO         1459    .text               startup_stm32f10x_hd.o
    0x08000168   0x00000062   Code   RO         2259    .text               mc_w.l(ldiv.o)
    0x080001ca   0x000000b0   Code   RO         2261    .text               mf_w.l(fadd.o)
    0x0800027a   0x00000064   Code   RO         2263    .text               mf_w.l(fmul.o)
    0x080002de   0x0000007c   Code   RO         2265    .text               mf_w.l(fdiv.o)
    0x0800035a   0x0000014e   Code   RO         2267    .text               mf_w.l(dadd.o)
    0x080004a8   0x000000e4   Code   RO         2269    .text               mf_w.l(dmul.o)
    0x0800058c   0x00000012   Code   RO         2271    .text               mf_w.l(fflti.o)
    0x0800059e   0x00000032   Code   RO         2273    .text               mf_w.l(ffixi.o)
    0x080005d0   0x00000026   Code   RO         2275    .text               mf_w.l(f2d.o)
    0x080005f6   0x00000038   Code   RO         2277    .text               mf_w.l(d2f.o)
    0x0800062e   0x00000002   PAD
    0x08000630   0x00000014   Code   RO         2279    .text               mf_w.l(cfcmple.o)
    0x08000644   0x00000062   Code   RO         2295    .text               mc_w.l(uldiv.o)
    0x080006a6   0x0000001e   Code   RO         2297    .text               mc_w.l(llshl.o)
    0x080006c4   0x00000024   Code   RO         2299    .text               mc_w.l(llsshr.o)
    0x080006e8   0x00000000   Code   RO         2301    .text               mc_w.l(iusefp.o)
    0x080006e8   0x0000006e   Code   RO         2302    .text               mf_w.l(fepilogue.o)
    0x08000756   0x000000ba   Code   RO         2304    .text               mf_w.l(depilogue.o)
    0x08000810   0x00000024   Code   RO         2306    .text               mc_w.l(init.o)
    0x08000834   0x00000020   Code   RO         2308    .text               mc_w.l(llushr.o)
    0x08000854   0x0000005e   Code   RO         2318    .text               mc_w.l(__dclz77c.o)
    0x080008b2   0x00000004   Code   RO            1    i.BusFault_Handler  stm32f10x_it.o
    0x080008b6   0x00000002   PAD
    0x080008b8   0x00000024   Code   RO         1631    i.DMA1_Channel2_IRQHandler  usart.o
    0x080008dc   0x00000028   Code   RO         1632    i.DMA1_Channel4_IRQHandler  usart.o
    0x08000904   0x00000028   Code   RO         1633    i.DMA1_Channel7_IRQHandler  usart.o
    0x0800092c   0x0000001c   Code   RO          288    i.DMA_ClearFlag     stm32f10x_dma.o
    0x08000948   0x00000018   Code   RO          290    i.DMA_Cmd           stm32f10x_dma.o
    0x08000960   0x0000014c   Code   RO          291    i.DMA_DeInit        stm32f10x_dma.o
    0x08000aac   0x0000002c   Code   RO          294    i.DMA_GetITStatus   stm32f10x_dma.o
    0x08000ad8   0x00000012   Code   RO          295    i.DMA_ITConfig      stm32f10x_dma.o
    0x08000aea   0x0000003c   Code   RO          296    i.DMA_Init          stm32f10x_dma.o
    0x08000b26   0x00000004   Code   RO          297    i.DMA_SetCurrDataCounter  stm32f10x_dma.o
    0x08000b2a   0x00000002   Code   RO            2    i.DebugMon_Handler  stm32f10x_it.o
    0x08000b2c   0x0000001c   Code   RO         1511    i.Disitance_clear   motor_driver.o
    0x08000b48   0x00000094   Code   RO         1512    i.EXTI0_IRQHandler  motor_driver.o
    0x08000bdc   0x00000094   Code   RO         1513    i.EXTI2_IRQHandler  motor_driver.o
    0x08000c70   0x00000094   Code   RO         1514    i.EXTI4_IRQHandler  motor_driver.o
    0x08000d04   0x00000094   Code   RO         1515    i.EXTI9_5_IRQHandler  motor_driver.o
    0x08000d98   0x0000000c   Code   RO          360    i.EXTI_ClearFlag    stm32f10x_exti.o
    0x08000da4   0x0000000c   Code   RO          361    i.EXTI_ClearITPendingBit  stm32f10x_exti.o
    0x08000db0   0x00000028   Code   RO          365    i.EXTI_GetITStatus  stm32f10x_exti.o
    0x08000dd8   0x00000094   Code   RO          366    i.EXTI_Init         stm32f10x_exti.o
    0x08000e6c   0x00000040   Code   RO          417    i.GPIO_EXTILineConfig  stm32f10x_gpio.o
    0x08000eac   0x00000116   Code   RO          420    i.GPIO_Init         stm32f10x_gpio.o
    0x08000fc2   0x00000012   Code   RO          424    i.GPIO_ReadInputDataBit  stm32f10x_gpio.o
    0x08000fd4   0x00000004   Code   RO          427    i.GPIO_ResetBits    stm32f10x_gpio.o
    0x08000fd8   0x00000004   Code   RO          428    i.GPIO_SetBits      stm32f10x_gpio.o
    0x08000fdc   0x00000040   Code   RO         1463    i.Gyroscope_Init    gyroscope.o
    0x0800101c   0x00000010   Code   RO         1464    i.Gyroscope_ReadYaw  gyroscope.o
    0x0800102c   0x00000018   Code   RO         1465    i.Gyroscope_RequestUpdata  gyroscope.o
    0x08001044   0x00000030   Code   RO         1467    i.Gyroscope_YawUpdata  gyroscope.o
    0x08001074   0x000000a0   Code   RO         1577    i.Hall_EXTI_Config  motor_init.o
    0x08001114   0x00000024   Code   RO         1578    i.Hall_GPIO_Config  motor_init.o
    0x08001138   0x00000068   Code   RO         1579    i.Hall_TIM_Config   motor_init.o
    0x080011a0   0x00000004   Code   RO            3    i.HardFault_Handler  stm32f10x_it.o
    0x080011a4   0x00000040   Code   RO         1769    i.IIC_Init          iic.o
    0x080011e4   0x0000004c   Code   RO         1770    i.IIC_SendByte      iic.o
    0x08001230   0x00000030   Code   RO         1771    i.IIC_Start         iic.o
    0x08001260   0x00000028   Code   RO         1772    i.IIC_Stop          iic.o
    0x08001288   0x0000001c   Code   RO         1773    i.IIC_WaitACK       iic.o
    0x080012a4   0x000000b4   Code   RO         2006    i.Inc_PID           position_service.o
    0x08001358   0x0000009c   Code   RO         2007    i.Inc_PID_Realiz    position_service.o
    0x080013f4   0x00000054   Code   RO         2116    i.MechanicalArm_Reset  mechanicalarm_service.o
    0x08001448   0x0000001c   Code   RO         2117    i.MechanicalArm_Service  mechanicalarm_service.o
    0x08001464   0x00000004   Code   RO            4    i.MemManage_Handler  stm32f10x_it.o
    0x08001468   0x0000002c   Code   RO         1580    i.Motor_GPIO_Config  motor_init.o
    0x08001494   0x0000001c   Code   RO         1581    i.Motor_Init        motor_init.o
    0x080014b0   0x00000098   Code   RO         1582    i.Motor_TIM_Config  motor_init.o
    0x08001548   0x00000002   Code   RO            5    i.NMI_Handler       stm32f10x_it.o
    0x0800154a   0x00000002   PAD
    0x0800154c   0x00000070   Code   RO          252    i.NVIC_Init         misc.o
    0x080015bc   0x00000014   Code   RO          253    i.NVIC_PriorityGroupConfig  misc.o
    0x080015d0   0x0000002c   Code   RO         1811    i.OLED_Clear        oled.o
    0x080015fc   0x00000074   Code   RO         1906    i.OLED_FB_Task      system_core.o
    0x08001670   0x000000e8   Code   RO         1814    i.OLED_Init         oled.o
    0x08001758   0x00000036   Code   RO         1815    i.OLED_PosSet       oled.o
    0x0800178e   0x00000038   Code   RO         1816    i.OLED_SendByte     oled.o
    0x080017c6   0x00000002   PAD
    0x080017c8   0x000000ac   Code   RO         1817    i.OLED_ShowChar     oled.o
    0x08001874   0x00000090   Code   RO         1818    i.OLED_ShowNum      oled.o
    0x08001904   0x0000004c   Code   RO         1819    i.OLED_ShowString   oled.o
    0x08001950   0x00000124   Code   RO         1907    i.PCB_System_Init   system_core.o
    0x08001a74   0x00000194   Code   RO         1516    i.PWM_Out           motor_driver.o
    0x08001c08   0x00000002   Code   RO            6    i.PendSV_Handler    stm32f10x_it.o
    0x08001c0a   0x00000002   PAD
    0x08001c0c   0x00000054   Code   RO         2009    i.PositionClr_Service  position_service.o
    0x08001c60   0x00000074   Code   RO         2011    i.PositionSpeed_Config  position_service.o
    0x08001cd4   0x00000018   Code   RO         2012    i.PositionState_Inc  position_service.o
    0x08001cec   0x00000080   Code   RO         2013    i.PositionState_Updata  position_service.o
    0x08001d6c   0x00000030   Code   RO         2014    i.Position_Stop     position_service.o
    0x08001d9c   0x00000084   Code   RO         2015    i.Position_Update   position_service.o
    0x08001e20   0x00000020   Code   RO          529    i.RCC_AHBPeriphClockCmd  stm32f10x_rcc.o
    0x08001e40   0x00000020   Code   RO          530    i.RCC_APB1PeriphClockCmd  stm32f10x_rcc.o
    0x08001e60   0x00000020   Code   RO          532    i.RCC_APB2PeriphClockCmd  stm32f10x_rcc.o
    0x08001e80   0x000000d4   Code   RO          540    i.RCC_GetClocksFreq  stm32f10x_rcc.o
    0x08001f54   0x00000008   Code   RO         1517    i.Read_Distance     motor_driver.o
    0x08001f5c   0x00000008   Code   RO         2016    i.Read_Position     position_service.o
    0x08001f64   0x0000000c   Code   RO         2017    i.Read_PositionState  position_service.o
    0x08001f70   0x00000154   Code   RO         1518    i.Read_Speed        motor_driver.o
    0x080020c4   0x0000000c   Code   RO         1908    i.Read_SysSubTime   system_core.o
    0x080020d0   0x00000026   Code   RO         2203    i.ReturnPosition    debug_app.o
    0x080020f6   0x00000026   Code   RO         2204    i.ReturnSpeed       debug_app.o
    0x0800211c   0x00000024   Code   RO         2205    i.ReturnYaw         debug_app.o
    0x08002140   0x00000002   Code   RO            7    i.SVC_Handler       stm32f10x_it.o
    0x08002142   0x00000008   Code   RO          218    i.SetSysClock       system_stm32f10x.o
    0x0800214a   0x00000002   PAD
    0x0800214c   0x000000e0   Code   RO          219    i.SetSysClockTo72   system_stm32f10x.o
    0x0800222c   0x00000028   Code   RO         2018    i.Speed_Set         position_service.o
    0x08002254   0x00000084   Code   RO         2019    i.Speed_Syn         position_service.o
    0x080022d8   0x00000044   Code   RO         1739    i.StreetMotor_GPIO_Config  street_motor.o
    0x0800231c   0x00000012   Code   RO         1740    i.StreetMotor_Init  street_motor.o
    0x0800232e   0x00000002   PAD
    0x08002330   0x000000d8   Code   RO         1741    i.StreetMotor_TIM_Config  street_motor.o
    0x08002408   0x00000060   Code   RO         1911    i.SysSecBeat_Config  system_core.o
    0x08002468   0x0000003c   Code   RO         1912    i.SysTick_Handler   system_core.o
    0x080024a4   0x00000002   Code   RO         1913    i.SystemBeat_Task   system_core.o
    0x080024a6   0x00000002   Code   RO         1914    i.SystemConti_Task  system_core.o
    0x080024a8   0x00000060   Code   RO          221    i.SystemInit        system_stm32f10x.o
    0x08002508   0x00000014   Code   RO         1915    i.SystemState_Set   system_core.o
    0x0800251c   0x00000038   Code   RO         1583    i.TB6612_Init       motor_init.o
    0x08002554   0x0000002c   Code   RO         1519    i.TIM6_IRQHandler   motor_driver.o
    0x08002580   0x0000002c   Code   RO         1917    i.TIM7_IRQHandler   system_core.o
    0x080025ac   0x00000006   Code   RO          739    i.TIM_ClearITPendingBit  stm32f10x_tim.o
    0x080025b2   0x00000018   Code   RO          744    i.TIM_Cmd           stm32f10x_tim.o
    0x080025ca   0x00000022   Code   RO          765    i.TIM_GetITStatus   stm32f10x_tim.o
    0x080025ec   0x00000012   Code   RO          769    i.TIM_ITConfig      stm32f10x_tim.o
    0x080025fe   0x00000002   PAD
    0x08002600   0x00000098   Code   RO          773    i.TIM_OC1Init       stm32f10x_tim.o
    0x08002698   0x00000012   Code   RO          776    i.TIM_OC1PreloadConfig  stm32f10x_tim.o
    0x080026aa   0x00000002   PAD
    0x080026ac   0x000000a4   Code   RO          778    i.TIM_OC2Init       stm32f10x_tim.o
    0x08002750   0x0000001a   Code   RO          781    i.TIM_OC2PreloadConfig  stm32f10x_tim.o
    0x0800276a   0x00000002   PAD
    0x0800276c   0x000000a0   Code   RO          783    i.TIM_OC3Init       stm32f10x_tim.o
    0x0800280c   0x00000012   Code   RO          786    i.TIM_OC3PreloadConfig  stm32f10x_tim.o
    0x0800281e   0x00000002   PAD
    0x08002820   0x0000007c   Code   RO          788    i.TIM_OC4Init       stm32f10x_tim.o
    0x0800289c   0x0000001a   Code   RO          790    i.TIM_OC4PreloadConfig  stm32f10x_tim.o
    0x080028b6   0x00000004   Code   RO          805    i.TIM_SetCompare1   stm32f10x_tim.o
    0x080028ba   0x00000004   Code   RO          806    i.TIM_SetCompare2   stm32f10x_tim.o
    0x080028be   0x00000004   Code   RO          807    i.TIM_SetCompare3   stm32f10x_tim.o
    0x080028c2   0x00000006   Code   RO          808    i.TIM_SetCompare4   stm32f10x_tim.o
    0x080028c8   0x000000a4   Code   RO          815    i.TIM_TimeBaseInit  stm32f10x_tim.o
    0x0800296c   0x00000044   Code   RO         2020    i.TargetMove_Set    position_service.o
    0x080029b0   0x00000068   Code   RO         1918    i.TaskList_Config   system_core.o
    0x08002a18   0x00000040   Code   RO         1635    i.USART1_IRQHandler  usart.o
    0x08002a58   0x00000048   Code   RO         1636    i.USART2_IRQHandler  usart.o
    0x08002aa0   0x00000060   Code   RO         1637    i.USART3_IRQHandler  usart.o
    0x08002b00   0x0000001e   Code   RO         1277    i.USART_ClearITPendingBit  stm32f10x_usart.o
    0x08002b1e   0x00000018   Code   RO         1280    i.USART_Cmd         stm32f10x_usart.o
    0x08002b36   0x00000012   Code   RO         1281    i.USART_DMACmd      stm32f10x_usart.o
    0x08002b48   0x00000054   Code   RO         1284    i.USART_GetITStatus  stm32f10x_usart.o
    0x08002b9c   0x0000004a   Code   RO         1286    i.USART_ITConfig    stm32f10x_usart.o
    0x08002be6   0x00000002   PAD
    0x08002be8   0x000000d8   Code   RO         1287    i.USART_Init        stm32f10x_usart.o
    0x08002cc0   0x0000000a   Code   RO         1294    i.USART_ReceiveData  stm32f10x_usart.o
    0x08002cca   0x00000004   Code   RO            8    i.UsageFault_Handler  stm32f10x_it.o
    0x08002cce   0x00000002   PAD
    0x08002cd0   0x0000004c   Code   RO         1638    i.Usart1_Send       usart.o
    0x08002d1c   0x0000004c   Code   RO         1640    i.Usart3_Send       usart.o
    0x08002d68   0x00000140   Code   RO         1641    i.Usart_Config      usart.o
    0x08002ea8   0x00000140   Code   RO         1642    i.Usart_DMA_Config  usart.o
    0x08002fe8   0x00000014   Code   RO         1643    i.Usart_Sbuffer_Clear  usart.o
    0x08002ffc   0x00000010   Code   RO         1645    i.Usart_TxFlag_Clear  usart.o
    0x0800300c   0x00000010   Code   RO         1882    i.Vofa_Input        vofa_p.o
    0x0800301c   0x00000010   Code   RO         1883    i.Vofa_Send         vofa_p.o
    0x0800302c   0x00000078   Code   RO         1468    i.Wait_Gyroscope    gyroscope.o
    0x080030a4   0x00000064   Code   RO         2021    i.YawSpeed_Config   position_service.o
    0x08003108   0x0000000e   Code   RO         2312    i.__scatterload_copy  mc_w.l(handlers.o)
    0x08003116   0x00000002   Code   RO         2313    i.__scatterload_null  mc_w.l(handlers.o)
    0x08003118   0x0000000e   Code   RO         2314    i.__scatterload_zeroinit  mc_w.l(handlers.o)
    0x08003126   0x00000002   PAD
    0x08003128   0x00000020   Code   RO         2208    i.debug_app_Task    debug_app.o
    0x08003148   0x00000008   Code   RO          192    i.main              main.o
    0x08003150   0x0000003c   Code   RO         2170    i.main_app_Task     main_app.o
    0x0800318c   0x000007d2   Data   RO         1821    .constdata          oled.o
    0x0800395e   0x00000002   PAD
    0x08003960   0x00000020   Data   RO         2310    Region$$Table       anon$$obj.o


    Execution Region RW_IRAM1 (Base: 0x20000000, Size: 0x00001a48, Max: 0x00010000, ABSOLUTE, COMPRESSED[0x000000a0])

    Base Addr    Size         Type   Attr      Idx    E Section Name        Object

    0x20000000   0x00000014   Data   RW          560    .data               stm32f10x_rcc.o
    0x20000014   0x000000f8   Data   RW         1470    .data               gyroscope.o
    0x2000010c   0x000000ea   Data   RW         1521    .data               motor_driver.o
    0x200001f6   0x00000002   PAD
    0x200001f8   0x000000ea   Data   RW         1648    .data               usart.o
    0x200002e2   0x00000002   PAD
    0x200002e4   0x000000ec   Data   RW         1885    .data               vofa_p.o
    0x200003d0   0x000000ec   Data   RW         1921    .data               system_core.o
    0x200004bc   0x000000ea   Data   RW         2023    .data               position_service.o
    0x200005a6   0x00000002   PAD
    0x200005a8   0x000000ec   Data   RW         2122    .data               mechanicalarm_service.o
    0x20000694   0x000000e9   Data   RW         2173    .data               main_app.o
    0x2000077d   0x00000003   PAD
    0x20000780   0x000000e8   Data   RW         2211    .data               debug_app.o
    0x20000868   0x00000360   Zero   RW         1520    .bss                motor_driver.o
    0x20000bc8   0x000003e0   Zero   RW         1647    .bss                usart.o
    0x20000fa8   0x00000350   Zero   RW         1920    .bss                system_core.o
    0x200012f8   0x00000350   Zero   RW         2022    .bss                position_service.o
    0x20001648   0x00000400   Zero   RW         1456    STACK               startup_stm32f10x_hd.o


==============================================================================

Image component sizes


      Code (inc. data)   RO Data    RW Data    ZI Data      Debug   Object Name

         0          0          0          0          0         32   core_cm3.o
       144         10          0        232          0       3208   debug_app.o
       272         56          0        248          0       4026   gyroscope.o
       256         24          0          0          0       2091   iic.o
         8          0          0          0          0        363   main.o
        60          8          0        233          0       2233   main_app.o
       112         18          0        236          0       2534   mechanicalarm_service.o
       132         22          0          0          0       1335   misc.o
      1416        238          0        234        864       6305   motor_driver.o
       580         24          0          0          0       3374   motor_init.o
       778         10       2002          0          0       5918   oled.o
      1228        180          0        234        848       9057   position_service.o
        36          8        304          0       1024        756   startup_stm32f10x_hd.o
       510         26          0          0          0       5168   stm32f10x_dma.o
       212         24          0          0          0       2285   stm32f10x_exti.o
       368          4          0          0          0       3878   stm32f10x_gpio.o
        24          0          0          0          0     270904   stm32f10x_it.o
       308         38          0         20          0       4630   stm32f10x_rcc.o
       952         92          0          0          0       9766   stm32f10x_tim.o
       456          6          0          0          0       5699   stm32f10x_usart.o
       302         12          0          0          0       1502   street_motor.o
       748        130          0        236        848      21819   system_core.o
       328         28          0          0          0       1709   system_stm32f10x.o
      1176        128          0        234        992       7906   usart.o
        32          8          0        236          0       2349   vofa_p.o

    ----------------------------------------------------------------------
     10462       1094       2340       2152       4576     378847   Object Totals
         0          0         32          0          0          0   (incl. Generated)
        24          0          2          9          0          0   (incl. Padding)

    ----------------------------------------------------------------------

      Code (inc. data)   RO Data    RW Data    ZI Data      Debug   Library Member Name

        94          0          0          0          0          0   __dclz77c.o
         0          0          0          0          0          0   entry.o
         0          0          0          0          0          0   entry10a.o
         0          0          0          0          0          0   entry11a.o
         8          4          0          0          0          0   entry2.o
         4          0          0          0          0          0   entry5.o
         0          0          0          0          0          0   entry7b.o
         0          0          0          0          0          0   entry8b.o
         8          4          0          0          0          0   entry9a.o
        30          0          0          0          0          0   handlers.o
        36          8          0          0          0         68   init.o
         0          0          0          0          0          0   iusefp.o
        98          0          0          0          0         84   ldiv.o
        30          0          0          0          0         68   llshl.o
        36          0          0          0          0         68   llsshr.o
        32          0          0          0          0         68   llushr.o
        98          0          0          0          0         92   uldiv.o
        20          0          0          0          0         68   cfcmple.o
        56          0          0          0          0         88   d2f.o
       334          0          0          0          0        148   dadd.o
       186          0          0          0          0        176   depilogue.o
       228          0          0          0          0         96   dmul.o
        38          0          0          0          0         68   f2d.o
       176          0          0          0          0        140   fadd.o
       124          0          0          0          0         88   fdiv.o
       110          0          0          0          0        168   fepilogue.o
        50          0          0          0          0         68   ffixi.o
        18          0          0          0          0         68   fflti.o
       100          0          0          0          0         76   fmul.o

    ----------------------------------------------------------------------
      1918         16          0          0          0       1700   Library Totals
         4          0          0          0          0          0   (incl. Padding)

    ----------------------------------------------------------------------

      Code (inc. data)   RO Data    RW Data    ZI Data      Debug   Library Name

       474         16          0          0          0        448   mc_w.l
      1440          0          0          0          0       1252   mf_w.l

    ----------------------------------------------------------------------
      1918         16          0          0          0       1700   Library Totals

    ----------------------------------------------------------------------

==============================================================================


      Code (inc. data)   RO Data    RW Data    ZI Data      Debug   

     12380       1110       2340       2152       4576     372979   Grand Totals
     12380       1110       2340        160       4576     372979   ELF Image Totals (compressed)
     12380       1110       2340        160          0          0   ROM Totals

==============================================================================

    Total RO  Size (Code + RO Data)                14720 (  14.38kB)
    Total RW  Size (RW Data + ZI Data)              6728 (   6.57kB)
    Total ROM Size (Code + RO Data + RW Data)      14880 (  14.53kB)

==============================================================================

